******************************************************************************
             TMS320C2000 Linker PC v22.6.0                     
******************************************************************************
>> Linked Wed Mar  8 16:23:22 2023

OUTPUT FILE NAME:   <epwm_ex2_updown_aq.out>
ENTRY POINT SYMBOL: "code_start"  address: 00000000


MEMORY CONFIGURATION

         name            origin    length      used     unused   attr    fill
----------------------  --------  ---------  --------  --------  ----  --------
PAGE 0:
  BEGIN                 00000000   00000002  00000002  00000000  RWIX
  RAMM0                 00000123   000002dd  00000020  000002bd  RWIX
  RAMLS0                00008000   00000800  000007ff  00000001  RWIX
  RAMLS1                00008800   00000800  00000684  0000017c  RWIX
  RAMLS2                00009000   00000800  00000000  00000800  RWIX
  RAMLS3                00009800   00000800  00000000  00000800  RWIX
  RAMLS4                0000a000   00000800  00000000  00000800  RWIX
  RAMD0                 0000b000   00000800  00000800  00000000  RWIX
  FLASHA                00080002   00001ffe  00000000  00001ffe  RWIX
  FLASHB                00082000   00002000  00000000  00002000  RWIX
  FLASHC                00084000   00002000  00000000  00002000  RWIX
  FLASHD                00086000   00002000  00000000  00002000  RWIX
  FLASHE                00088000   00008000  00000000  00008000  RWIX
  FLASHF                00090000   00008000  00000000  00008000  RWIX
  FLASHG                00098000   00008000  00000000  00008000  RWIX
  FLASHH                000a0000   00008000  00000000  00008000  RWIX
  FLASHI                000a8000   00008000  00000000  00008000  RWIX
  FLASHJ                000b0000   00008000  00000000  00008000  RWIX
  FLASHK                000b8000   00002000  00000000  00002000  RWIX
  FLASHL                000ba000   00002000  00000000  00002000  RWIX
  FLASHM                000bc000   00002000  00000000  00002000  RWIX
  FLASHN                000be000   00001ff0  00000000  00001ff0  RWIX
  RESET                 003fffc0   00000002  00000000  00000002  RWIX

PAGE 1:
  BOOT_RSVD             00000002   00000121  00000000  00000121  RWIX
  RAMM1                 00000400   000003f8  000003f8  00000000  RWIX
  RAMLS5                0000a800   00000800  00000249  000005b7  RWIX
  RAMD1                 0000b800   00000800  00000000  00000800  RWIX
  RAMGS0                0000c000   00001000  00000000  00001000  RWIX
  RAMGS1                0000d000   00001000  00000000  00001000  RWIX
  RAMGS2                0000e000   00001000  00000000  00001000  RWIX
  RAMGS3                0000f000   00001000  00000000  00001000  RWIX
  RAMGS4                00010000   00001000  00000000  00001000  RWIX
  RAMGS5                00011000   00001000  00000000  00001000  RWIX
  RAMGS6                00012000   00001000  00000000  00001000  RWIX
  RAMGS7                00013000   00001000  00000000  00001000  RWIX
  RAMGS8                00014000   00001000  00000000  00001000  RWIX
  RAMGS9                00015000   00001000  00000000  00001000  RWIX
  RAMGS10               00016000   00001000  00000000  00001000  RWIX
  RAMGS11               00017000   00001000  00000000  00001000  RWIX
  RAMGS12               00018000   00001000  00000000  00001000  RWIX
  RAMGS13               00019000   00001000  00000000  00001000  RWIX
  RAMGS14               0001a000   00001000  00000000  00001000  RWIX
  RAMGS15               0001b000   00000ff8  00000000  00000ff8  RWIX
  CPU2TOCPU1RAM         0003f800   00000400  00000000  00000400  RWIX
  CPU1TOCPU2RAM         0003fc00   00000400  00000000  00000400  RWIX
  CANA_MSG_RAM          00049000   00000800  00000000  00000800  RWIX
  CANB_MSG_RAM          0004b000   00000800  00000000  00000800  RWIX


SECTION ALLOCATION MAP

 output                                  attributes/
section   page    origin      length       input sections
--------  ----  ----------  ----------   ----------------
codestart 
*          0    00000000    00000002     
                  00000000    00000002     F2837xD_CodeStartBranch.obj (codestart)

.cinit     0    00000128    0000001c     
                  00000128    0000000a     (.cinit..data.load) [load image, compression = lzss]
                  00000132    00000006     (__TI_handler_table)
                  00000138    00000004     (.cinit..bss.load) [load image, compression = zero_init]
                  0000013c    00000008     (__TI_cinit_table)

.reset     0    003fffc0    00000000     DSECT

.stack     1    00000400    000003f8     UNINITIALIZED
                  00000400    000003f8     --HOLE--

.bss       1    0000aa40    0000000a     UNINITIALIZED
                  0000aa40    0000000a     epwm_ex2_updown_aq.obj (.bss)

.init_array 
*          0    00000123    00000000     UNINITIALIZED

.const     1    0000a800    0000022e     
                  0000a800    000000c2     driverlib_eabi.lib : sysctl.obj (.const:.string)
                  0000a8c2    000000bc                        : gpio.obj (.const:.string)
                  0000a97e    0000003e     board.obj (.const:.string)
                  0000a9bc    0000003e     epwm_ex2_updown_aq.obj (.const:.string)
                  0000a9fa    00000014     epwm_ex2_updown_aq.obj (.const)
                  0000aa0e    00000013     device.obj (.const:.string)
                  0000aa21    00000001     --HOLE-- [fill = 0]
                  0000aa22    0000000c     rts2800_fpu32_eabi.lib : s_floor.c.obj (.const)

.data      1    0000aa2e    00000011     UNINITIALIZED
                  0000aa2e    00000006     device.obj (.data)
                  0000aa34    00000006     rts2800_fpu32_eabi.lib : exit.c.obj (.data)
                  0000aa3a    00000002                            : _lock.c.obj (.data:_lock)
                  0000aa3c    00000002                            : _lock.c.obj (.data:_unlock)
                  0000aa3e    00000001     epwm_ex2_updown_aq.obj (.data)

.TI.ramfunc 
*          0    00000123    00000004     
                  00000123    00000004     driverlib_eabi.lib : sysctl.obj (.TI.ramfunc)

GETBUFFER 
*          0    0003f800    00000000     DSECT

GETWRITEIDX 
*          0    0003f800    00000000     DSECT

PUTREADIDX 
*          0    0003f800    00000000     DSECT

.text.1    0    00008000    000007ff     
                  00008000    00000365     epwm_ex2_updown_aq.obj (.text)
                  00008365    00000206     driverlib_eabi.lib : sysctl.obj (.text:SysCtl_setClock)
                  0000856b    000000e8     rts2800_fpu32_eabi.lib : s_floor.c.obj (.text)
                  00008653    0000009c                            : fd_add28.asm.obj (.text)
                  000086ef    0000008b                            : fd_div28.asm.obj (.text)
                  0000877a    00000083                            : fd_mpy28.asm.obj (.text)
                  000087fd    00000002     driverlib_eabi.lib : interrupt.obj (.text:Interrupt_illegalOperationHandler)

.text.2    0    00008800    00000684     
                  00008800    0000008a     driverlib_eabi.lib : sysctl.obj (.text:SysCtl_selectXTAL)
                  0000888a    00000088     rts2800_fpu32_eabi.lib : fs_div28.asm.obj (.text)
                  00008912    00000068     driverlib_eabi.lib : sysctl.obj (.text:SysCtl_getDeviceParametric)
                  0000897a    00000052                        : gpio.obj (.text:GPIO_setPadConfig)
                  000089cc    00000051                        : sysctl.obj (.text:SysCtl_getClock)
                  00008a1d    00000048                        : sysctl.obj (.text:SysCtl_selectOscSource)
                  00008a65    0000003d                        : interrupt.obj (.text:Interrupt_initModule)
                  00008aa2    00000037                        : gpio.obj (.text:GPIO_setControllerCore)
                  00008ad9    00000037                        : gpio.obj (.text:GPIO_setPinConfig)
                  00008b10    00000037                        : gpio.obj (.text:GPIO_setQualificationMode)
                  00008b47    00000037                        : interrupt.obj (.text:Interrupt_enable)
                  00008b7e    00000036     epwm_ex2_updown_aq.obj (.text:retain)
                  00008bb4    00000031     driverlib_eabi.lib : gpio.obj (.text:GPIO_setDirectionMode)
                  00008be5    0000002e     rts2800_fpu32_eabi.lib : copy_decompress_lzss.c.obj (.text:decompress:lzss)
                  00008c13    0000002a                            : fd_cmp28.asm.obj (.text)
                  00008c3d    00000029                            : exit.c.obj (.text)
                  00008c66    00000022                            : i_div28.asm.obj (.text)
                  00008c88    00000021     driverlib_eabi.lib : sysctl.obj (.text:CPUTimer_selectClockSource)
                  00008ca9    0000001f                        : sysctl.obj (.text:CPUTimer_getTimerOverflowStatus)
                  00008cc8    0000001e                        : interrupt.obj (.text:Interrupt_initVectorTable)
                  00008ce6    0000001d     rts2800_fpu32_eabi.lib : memcpy.c.obj (.text)
                  00008d03    0000001a     driverlib_eabi.lib : sysctl.obj (.text:CPUTimer_startTimer)
                  00008d1d    0000001a                        : sysctl.obj (.text:SysCtl_getLowSpeedClock)
                  00008d37    0000001a     rts2800_fpu32_eabi.lib : fd_tou28.asm.obj (.text)
                  00008d51    00000018                            : ll_aox28.asm.obj (.text)
                  00008d69    00000017     driverlib_eabi.lib : sysctl.obj (.text:CPUTimer_isBaseValid)
                  00008d80    00000017     rts2800_fpu32_eabi.lib : boot28.asm.obj (.text)
                  00008d97    00000014     driverlib_eabi.lib : sysctl.obj (.text:CPUTimer_stopTimer)
                  00008dab    00000012                        : sysctl.obj (.text:CPUTimer_clearOverflowFlag)
                  00008dbd    00000012                        : sysctl.obj (.text:CPUTimer_disableInterrupt)
                  00008dcf    00000011                        : sysctl.obj (.text:CPUTimer_setPeriod)
                  00008de0    0000000f                        : sysctl.obj (.text:SysCtl_pollCpuTimer)
                  00008def    0000000e                        : gpio.obj (.text:GPIO_isPinValid)
                  00008dfd    0000000e                        : interrupt.obj (.text:Interrupt_defaultHandler)
                  00008e0b    0000000e     rts2800_fpu32_eabi.lib : fd_sub28.asm.obj (.text)
                  00008e19    0000000d     driverlib_eabi.lib : interrupt.obj (.text:Interrupt_disableGlobal)
                  00008e26    0000000d                        : interrupt.obj (.text:Interrupt_enableGlobal)
                  00008e33    0000000d     rts2800_fpu32_eabi.lib : copy_zero_init.c.obj (.text:decompress:ZI:__TI_zero_init_nomemset)
                  00008e40    0000000c                            : args_main.c.obj (.text)
                  00008e4c    0000000b     driverlib_eabi.lib : sysctl.obj (.text:SysCtl_isMCDClockFailureDetected)
                  00008e57    00000009                        : sysctl.obj (.text:SysCtl_serviceWatchdog)
                  00008e60    00000009     rts2800_fpu32_eabi.lib : _lock.c.obj (.text)
                  00008e69    00000008     F2837xD_CodeStartBranch.obj (.text)
                  00008e71    00000008     rts2800_fpu32_eabi.lib : copy_decompress_none.c.obj (.text:decompress:none)
                  00008e79    00000007     driverlib_eabi.lib : sysctl.obj (.text:SysCtl_resetMCD)
                  00008e80    00000002                        : interrupt.obj (.text:Interrupt_nmiHandler)
                  00008e82    00000002     rts2800_fpu32_eabi.lib : pre_init.c.obj (.text)

.text.3    0    0000b000    00000800     
                  0000b000    000003fc     device.obj (.text)
                  0000b3fc    000003d8     board.obj (.text)
                  0000b7d4    0000002b     rts2800_fpu32_eabi.lib : autoinit.c.obj (.text:__TI_auto_init_nobinit_nopinit)
                  0000b7ff    00000001                            : startup.c.obj (.text)

MODULE SUMMARY

       Module                        code   ro data   rw data
       ------                        ----   -------   -------
    .\
       epwm_ex2_updown_aq.obj        923    82        11     
    +--+-----------------------------+------+---------+---------+
       Total:                        923    82        11     
                                                             
    .\device\
       device.obj                    1020   19        6      
       F2837xD_CodeStartBranch.obj   10     0         0      
    +--+-----------------------------+------+---------+---------+
       Total:                        1030   19        6      
                                                             
    .\syscfg\
       board.obj                     984    62        0      
    +--+-----------------------------+------+---------+---------+
       Total:                        984    62        0      
                                                             
    C:\ti\C2000Ware_4_03_00_00\driverlib\f2837xd\driverlib\ccs\Debug\driverlib_eabi.lib
       sysctl.obj                    1171   194       0      
       gpio.obj                      310    188       0      
       interrupt.obj                 190    0         0      
    +--+-----------------------------+------+---------+---------+
       Total:                        1671   382       0      
                                                             
    C:\ti\ccs1210\ccs\tools\compiler\ti-cgt-c2000_22.6.0.LTS\lib\rts2800_fpu32_eabi.lib
       s_floor.c.obj                 232    12        0      
       fd_add28.asm.obj              156    0         0      
       fd_div28.asm.obj              139    0         0      
       fs_div28.asm.obj              136    0         0      
       fd_mpy28.asm.obj              131    0         0      
       exit.c.obj                    41     0         6      
       copy_decompress_lzss.c.obj    46     0         0      
       autoinit.c.obj                43     0         0      
       fd_cmp28.asm.obj              42     0         0      
       i_div28.asm.obj               34     0         0      
       memcpy.c.obj                  29     0         0      
       fd_tou28.asm.obj              26     0         0      
       ll_aox28.asm.obj              24     0         0      
       boot28.asm.obj                23     0         0      
       fd_sub28.asm.obj              14     0         0      
       _lock.c.obj                   9      0         4      
       copy_zero_init.c.obj          13     0         0      
       args_main.c.obj               12     0         0      
       copy_decompress_none.c.obj    8      0         0      
       pre_init.c.obj                2      0         0      
       startup.c.obj                 1      0         0      
    +--+-----------------------------+------+---------+---------+
       Total:                        1161   12        10     
                                                             
       Stack:                        0      0         1016   
       Linker Generated:             0      28        0      
    +--+-----------------------------+------+---------+---------+
       Grand Total:                  5769   585       1043   


LINKER GENERATED COPY TABLES

__TI_cinit_table @ 0000013c records: 2, size/record: 4, table size: 8
	.data: load addr=00000128, load size=0000000a bytes, run addr=0000aa2e, run size=00000011 bytes, compression=lzss
	.bss: load addr=00000138, load size=00000004 bytes, run addr=0000aa40, run size=0000000a bytes, compression=zero_init


LINKER GENERATED HANDLER TABLE

__TI_handler_table @ 00000132 records: 3, size/record: 2, table size: 6
	index: 0, handler: __TI_zero_init
	index: 1, handler: __TI_decompress_lzss
	index: 2, handler: __TI_decompress_none


GLOBAL DATA SYMBOLS: SORTED BY DATA PAGE

address     data page           name
--------    ----------------    ----
00000400      10 (00000400)     __stack

0000aa2e     2a8 (0000aa00)     Example_Result
0000aa30     2a8 (0000aa00)     Example_PassCount
0000aa32     2a8 (0000aa00)     Example_Fail
0000aa34     2a8 (0000aa00)     __TI_enable_exit_profile_output
0000aa36     2a8 (0000aa00)     __TI_cleanup_ptr
0000aa38     2a8 (0000aa00)     __TI_dtors_ptr
0000aa3a     2a8 (0000aa00)     _lock
0000aa3c     2a8 (0000aa00)     _unlock
0000aa3e     2a8 (0000aa00)     index

0000aa40     2a9 (0000aa40)     epwm1Info


GLOBAL SYMBOLS: SORTED ALPHABETICALLY BY Name 

page  address   name                                     
----  -------   ----                                     
0     0000b598  Board_init                               
0     00008c3d  C$$EXIT                                  
0     0000b270  Device_bootCPU2                          
0     0000b23f  Device_configureTMXAnalogTrim            
0     0000b0ed  Device_enableAllPeripherals              
0     0000b229  Device_enableUnbondedGPIOPullups         
0     0000b20c  Device_enableUnbondedGPIOPullupsFor100Pin
0     0000b1f9  Device_enableUnbondedGPIOPullupsFor176Pin
0     0000b0ab  Device_init                              
0     0000b1d8  Device_initGPIO                          
0     0000b5f7  EPWM_init                                
1     0000aa32  Example_Fail                             
1     0000aa30  Example_PassCount                        
1     0000aa2e  Example_Result                           
0     0000b3fb  Example_done                             
0     0000b3f6  Example_setResultFail                    
0     0000b3f1  Example_setResultPass                    
0     00008aa2  GPIO_setControllerCore                   
0     00008bb4  GPIO_setDirectionMode                    
0     0000897a  GPIO_setPadConfig                        
0     00008ad9  GPIO_setPinConfig                        
0     00008b10  GPIO_setQualificationMode                
0     00008b47  Interrupt_enable                         
0     00008a65  Interrupt_initModule                     
0     00008cc8  Interrupt_initVectorTable                
0     0000b5a1  PinMux_init                              
0     0000b7b6  SYNC_init                                
0     00000123  SysCtl_delay                             
0     000089cc  SysCtl_getClock                          
0     00008912  SysCtl_getDeviceParametric               
0     00008d1d  SysCtl_getLowSpeedClock                  
0     00008a1d  SysCtl_selectOscSource                   
0     00008800  SysCtl_selectXTAL                        
0     00008365  SysCtl_setClock                          
0     0000013c  __TI_CINIT_Base                          
0     00000144  __TI_CINIT_Limit                         
0     00000144  __TI_CINIT_Warm                          
0     00000132  __TI_Handler_Table_Base                  
0     00000138  __TI_Handler_Table_Limit                 
1     000007f8  __TI_STACK_END                           
abs   000003f8  __TI_STACK_SIZE                          
0     0000b7d4  __TI_auto_init_nobinit_nopinit           
1     0000aa36  __TI_cleanup_ptr                         
0     00008be5  __TI_decompress_lzss                     
0     00008e71  __TI_decompress_none                     
1     0000aa38  __TI_dtors_ptr                           
1     0000aa34  __TI_enable_exit_profile_output          
abs   ffffffff  __TI_pprof_out_hndl                      
abs   ffffffff  __TI_prof_data_size                      
abs   ffffffff  __TI_prof_data_start                     
0     00008e33  __TI_zero_init_nomemset                  
0     00008653  __c28xabi_addd                           
0     00008d51  __c28xabi_andll                          
0     00008c13  __c28xabi_cmpd                           
0     000086ef  __c28xabi_divd                           
0     0000888a  __c28xabi_divf                           
0     00008c66  __c28xabi_divi                           
0     00008d37  __c28xabi_dtou                           
0     00008c77  __c28xabi_modi                           
0     0000877a  __c28xabi_mpyd                           
0     00008d59  __c28xabi_orll                           
0     00008e0b  __c28xabi_subd                           
0     00008d61  __c28xabi_xorll                          
n/a   UNDEFED   __c_args__                               
0     0000b3ea  __error__                                
1     00000400  __stack                                  
0     00008e40  _args_main                               
0     00008d80  _c_int00                                 
1     0000aa3a  _lock                                    
0     00008e68  _nop                                     
0     00008e64  _register_lock                           
0     00008e60  _register_unlock                         
0     0000b7ff  _system_post_cinit                       
0     00008e82  _system_pre_init                         
1     0000aa3c  _unlock                                  
0     00008c3d  abort                                    
0     00000000  code_start                               
0     00008b7e  epwm1ISR                                 
1     0000aa40  epwm1Info                                
0     00008c3f  exit                                     
0     0000856b  floor                                    
0     0000856b  floorl                                   
0     00008324  getCMAP                                  
1     0000aa3e  index                                    
0     0000826d  initEPWM1                                
0     00008249  main                                     
0     00008ce6  memcpy                                   
0     000082eb  updateCompare                            


GLOBAL SYMBOLS: SORTED BY Symbol Address 

page  address   name                                     
----  -------   ----                                     
0     00000000  code_start                               
0     00000123  SysCtl_delay                             
0     00000132  __TI_Handler_Table_Base                  
0     00000138  __TI_Handler_Table_Limit                 
0     0000013c  __TI_CINIT_Base                          
0     00000144  __TI_CINIT_Limit                         
0     00000144  __TI_CINIT_Warm                          
0     00008249  main                                     
0     0000826d  initEPWM1                                
0     000082eb  updateCompare                            
0     00008324  getCMAP                                  
0     00008365  SysCtl_setClock                          
0     0000856b  floor                                    
0     0000856b  floorl                                   
0     00008653  __c28xabi_addd                           
0     000086ef  __c28xabi_divd                           
0     0000877a  __c28xabi_mpyd                           
0     00008800  SysCtl_selectXTAL                        
0     0000888a  __c28xabi_divf                           
0     00008912  SysCtl_getDeviceParametric               
0     0000897a  GPIO_setPadConfig                        
0     000089cc  SysCtl_getClock                          
0     00008a1d  SysCtl_selectOscSource                   
0     00008a65  Interrupt_initModule                     
0     00008aa2  GPIO_setControllerCore                   
0     00008ad9  GPIO_setPinConfig                        
0     00008b10  GPIO_setQualificationMode                
0     00008b47  Interrupt_enable                         
0     00008b7e  epwm1ISR                                 
0     00008bb4  GPIO_setDirectionMode                    
0     00008be5  __TI_decompress_lzss                     
0     00008c13  __c28xabi_cmpd                           
0     00008c3d  C$$EXIT                                  
0     00008c3d  abort                                    
0     00008c3f  exit                                     
0     00008c66  __c28xabi_divi                           
0     00008c77  __c28xabi_modi                           
0     00008cc8  Interrupt_initVectorTable                
0     00008ce6  memcpy                                   
0     00008d1d  SysCtl_getLowSpeedClock                  
0     00008d37  __c28xabi_dtou                           
0     00008d51  __c28xabi_andll                          
0     00008d59  __c28xabi_orll                           
0     00008d61  __c28xabi_xorll                          
0     00008d80  _c_int00                                 
0     00008e0b  __c28xabi_subd                           
0     00008e33  __TI_zero_init_nomemset                  
0     00008e40  _args_main                               
0     00008e60  _register_unlock                         
0     00008e64  _register_lock                           
0     00008e68  _nop                                     
0     00008e71  __TI_decompress_none                     
0     00008e82  _system_pre_init                         
0     0000b0ab  Device_init                              
0     0000b0ed  Device_enableAllPeripherals              
0     0000b1d8  Device_initGPIO                          
0     0000b1f9  Device_enableUnbondedGPIOPullupsFor176Pin
0     0000b20c  Device_enableUnbondedGPIOPullupsFor100Pin
0     0000b229  Device_enableUnbondedGPIOPullups         
0     0000b23f  Device_configureTMXAnalogTrim            
0     0000b270  Device_bootCPU2                          
0     0000b3ea  __error__                                
0     0000b3f1  Example_setResultPass                    
0     0000b3f6  Example_setResultFail                    
0     0000b3fb  Example_done                             
0     0000b598  Board_init                               
0     0000b5a1  PinMux_init                              
0     0000b5f7  EPWM_init                                
0     0000b7b6  SYNC_init                                
0     0000b7d4  __TI_auto_init_nobinit_nopinit           
0     0000b7ff  _system_post_cinit                       
1     00000400  __stack                                  
1     000007f8  __TI_STACK_END                           
1     0000aa2e  Example_Result                           
1     0000aa30  Example_PassCount                        
1     0000aa32  Example_Fail                             
1     0000aa34  __TI_enable_exit_profile_output          
1     0000aa36  __TI_cleanup_ptr                         
1     0000aa38  __TI_dtors_ptr                           
1     0000aa3a  _lock                                    
1     0000aa3c  _unlock                                  
1     0000aa3e  index                                    
1     0000aa40  epwm1Info                                
abs   000003f8  __TI_STACK_SIZE                          
abs   ffffffff  __TI_pprof_out_hndl                      
abs   ffffffff  __TI_prof_data_size                      
abs   ffffffff  __TI_prof_data_start                     
n/a   UNDEFED   __c_args__                               

[88 symbols]
