<?xml version="1.0" encoding="ISO-8859-1" ?>
<link_info>
   <banner>TMS320C2000 Linker PC v22.6.0.LTS</banner>
   <copyright>Copyright (c) 1996-2018 Texas Instruments Incorporated</copyright>
   <link_time>0x6448e0f8</link_time>
   <link_errors>0x0</link_errors>
   <output_file>MPPT_CODE_USING_LIB.out</output_file>
   <entry_point>
      <name>code_start</name>
      <address>0x0</address>
   </entry_point>
   <input_file_list>
      <input_file id="fl-2">
         <path>.\</path>
         <kind>object</kind>
         <file>MPPT_USING_LIB.obj</file>
         <name>MPPT_USING_LIB.obj</name>
      </input_file>
      <input_file id="fl-3">
         <path>.\syscfg\</path>
         <kind>object</kind>
         <file>board.obj</file>
         <name>board.obj</name>
      </input_file>
      <input_file id="fl-4">
         <path>.\syscfg\</path>
         <kind>object</kind>
         <file>c2000ware_libraries.obj</file>
         <name>c2000ware_libraries.obj</name>
      </input_file>
      <input_file id="fl-5">
         <path>.\device\</path>
         <kind>object</kind>
         <file>F2837xD_CodeStartBranch.obj</file>
         <name>F2837xD_CodeStartBranch.obj</name>
      </input_file>
      <input_file id="fl-6">
         <path>.\device\</path>
         <kind>object</kind>
         <file>device.obj</file>
         <name>device.obj</name>
      </input_file>
      <input_file id="fl-7">
         <path>.\device\</path>
         <kind>object</kind>
         <file>initInterrupts.obj</file>
         <name>initInterrupts.obj</name>
      </input_file>
      <input_file id="fl-8">
         <path>.\device\</path>
         <kind>object</kind>
         <file>initPeripherials.obj</file>
         <name>initPeripherials.obj</name>
      </input_file>
      <input_file id="fl-9">
         <path>.\device\</path>
         <kind>object</kind>
         <file>mppt.obj</file>
         <name>mppt.obj</name>
      </input_file>
      <input_file id="fl-e">
         <kind>object</kind>
         <file>&lt;internal&gt;</file>
         <name>&lt;internal&gt;</name>
      </input_file>
      <input_file id="fl-12">
         <path>C:\ti\C2000Ware_4_03_00_00\driverlib\f2837xd\driverlib\ccs\Debug\</path>
         <kind>archive</kind>
         <file>driverlib_eabi.lib</file>
         <name>adc.obj</name>
      </input_file>
      <input_file id="fl-13">
         <path>C:\ti\C2000Ware_4_03_00_00\driverlib\f2837xd\driverlib\ccs\Debug\</path>
         <kind>archive</kind>
         <file>driverlib_eabi.lib</file>
         <name>gpio.obj</name>
      </input_file>
      <input_file id="fl-14">
         <path>C:\ti\C2000Ware_4_03_00_00\driverlib\f2837xd\driverlib\ccs\Debug\</path>
         <kind>archive</kind>
         <file>driverlib_eabi.lib</file>
         <name>interrupt.obj</name>
      </input_file>
      <input_file id="fl-15">
         <path>C:\ti\C2000Ware_4_03_00_00\driverlib\f2837xd\driverlib\ccs\Debug\</path>
         <kind>archive</kind>
         <file>driverlib_eabi.lib</file>
         <name>sysctl.obj</name>
      </input_file>
      <input_file id="fl-21">
         <path>C:\ti\ccs1210\ccs\tools\compiler\ti-cgt-c2000_22.6.0.LTS\lib\</path>
         <kind>archive</kind>
         <file>rts2800_fpu32_eabi.lib</file>
         <name>s_floor.c.obj</name>
      </input_file>
      <input_file id="fl-22">
         <path>C:\ti\ccs1210\ccs\tools\compiler\ti-cgt-c2000_22.6.0.LTS\lib\</path>
         <kind>archive</kind>
         <file>rts2800_fpu32_eabi.lib</file>
         <name>boot28.asm.obj</name>
      </input_file>
      <input_file id="fl-23">
         <path>C:\ti\ccs1210\ccs\tools\compiler\ti-cgt-c2000_22.6.0.LTS\lib\</path>
         <kind>archive</kind>
         <file>rts2800_fpu32_eabi.lib</file>
         <name>fd_add28.asm.obj</name>
      </input_file>
      <input_file id="fl-24">
         <path>C:\ti\ccs1210\ccs\tools\compiler\ti-cgt-c2000_22.6.0.LTS\lib\</path>
         <kind>archive</kind>
         <file>rts2800_fpu32_eabi.lib</file>
         <name>fd_cmp28.asm.obj</name>
      </input_file>
      <input_file id="fl-25">
         <path>C:\ti\ccs1210\ccs\tools\compiler\ti-cgt-c2000_22.6.0.LTS\lib\</path>
         <kind>archive</kind>
         <file>rts2800_fpu32_eabi.lib</file>
         <name>fd_mpy28.asm.obj</name>
      </input_file>
      <input_file id="fl-26">
         <path>C:\ti\ccs1210\ccs\tools\compiler\ti-cgt-c2000_22.6.0.LTS\lib\</path>
         <kind>archive</kind>
         <file>rts2800_fpu32_eabi.lib</file>
         <name>fd_sub28.asm.obj</name>
      </input_file>
      <input_file id="fl-27">
         <path>C:\ti\ccs1210\ccs\tools\compiler\ti-cgt-c2000_22.6.0.LTS\lib\</path>
         <kind>archive</kind>
         <file>rts2800_fpu32_eabi.lib</file>
         <name>fs_div28.asm.obj</name>
      </input_file>
      <input_file id="fl-28">
         <path>C:\ti\ccs1210\ccs\tools\compiler\ti-cgt-c2000_22.6.0.LTS\lib\</path>
         <kind>archive</kind>
         <file>rts2800_fpu32_eabi.lib</file>
         <name>ll_aox28.asm.obj</name>
      </input_file>
      <input_file id="fl-29">
         <path>C:\ti\ccs1210\ccs\tools\compiler\ti-cgt-c2000_22.6.0.LTS\lib\</path>
         <kind>archive</kind>
         <file>rts2800_fpu32_eabi.lib</file>
         <name>ll_cmp28.asm.obj</name>
      </input_file>
      <input_file id="fl-2a">
         <path>C:\ti\ccs1210\ccs\tools\compiler\ti-cgt-c2000_22.6.0.LTS\lib\</path>
         <kind>archive</kind>
         <file>rts2800_fpu32_eabi.lib</file>
         <name>u_tofd28.asm.obj</name>
      </input_file>
      <input_file id="fl-2b">
         <path>C:\ti\ccs1210\ccs\tools\compiler\ti-cgt-c2000_22.6.0.LTS\lib\</path>
         <kind>archive</kind>
         <file>rts2800_fpu32_eabi.lib</file>
         <name>fs_tofdfpu32.asm.obj</name>
      </input_file>
      <input_file id="fl-2c">
         <path>C:\ti\ccs1210\ccs\tools\compiler\ti-cgt-c2000_22.6.0.LTS\lib\</path>
         <kind>archive</kind>
         <file>rts2800_fpu32_eabi.lib</file>
         <name>fd_tofsfpu32.asm.obj</name>
      </input_file>
      <input_file id="fl-2d">
         <path>C:\ti\ccs1210\ccs\tools\compiler\ti-cgt-c2000_22.6.0.LTS\lib\</path>
         <kind>archive</kind>
         <file>rts2800_fpu32_eabi.lib</file>
         <name>fd_div28.asm.obj</name>
      </input_file>
      <input_file id="fl-2e">
         <path>C:\ti\ccs1210\ccs\tools\compiler\ti-cgt-c2000_22.6.0.LTS\lib\</path>
         <kind>archive</kind>
         <file>rts2800_fpu32_eabi.lib</file>
         <name>pre_init.c.obj</name>
      </input_file>
      <input_file id="fl-2f">
         <path>C:\ti\ccs1210\ccs\tools\compiler\ti-cgt-c2000_22.6.0.LTS\lib\</path>
         <kind>archive</kind>
         <file>rts2800_fpu32_eabi.lib</file>
         <name>autoinit.c.obj</name>
      </input_file>
      <input_file id="fl-30">
         <path>C:\ti\ccs1210\ccs\tools\compiler\ti-cgt-c2000_22.6.0.LTS\lib\</path>
         <kind>archive</kind>
         <file>rts2800_fpu32_eabi.lib</file>
         <name>copy_zero_init.c.obj</name>
      </input_file>
      <input_file id="fl-31">
         <path>C:\ti\ccs1210\ccs\tools\compiler\ti-cgt-c2000_22.6.0.LTS\lib\</path>
         <kind>archive</kind>
         <file>rts2800_fpu32_eabi.lib</file>
         <name>copy_decompress_none.c.obj</name>
      </input_file>
      <input_file id="fl-32">
         <path>C:\ti\ccs1210\ccs\tools\compiler\ti-cgt-c2000_22.6.0.LTS\lib\</path>
         <kind>archive</kind>
         <file>rts2800_fpu32_eabi.lib</file>
         <name>copy_decompress_lzss.c.obj</name>
      </input_file>
      <input_file id="fl-33">
         <path>C:\ti\ccs1210\ccs\tools\compiler\ti-cgt-c2000_22.6.0.LTS\lib\</path>
         <kind>archive</kind>
         <file>rts2800_fpu32_eabi.lib</file>
         <name>exit.c.obj</name>
      </input_file>
      <input_file id="fl-34">
         <path>C:\ti\ccs1210\ccs\tools\compiler\ti-cgt-c2000_22.6.0.LTS\lib\</path>
         <kind>archive</kind>
         <file>rts2800_fpu32_eabi.lib</file>
         <name>_lock.c.obj</name>
      </input_file>
      <input_file id="fl-35">
         <path>C:\ti\ccs1210\ccs\tools\compiler\ti-cgt-c2000_22.6.0.LTS\lib\</path>
         <kind>archive</kind>
         <file>rts2800_fpu32_eabi.lib</file>
         <name>args_main.c.obj</name>
      </input_file>
      <input_file id="fl-36">
         <path>C:\ti\ccs1210\ccs\tools\compiler\ti-cgt-c2000_22.6.0.LTS\lib\</path>
         <kind>archive</kind>
         <file>rts2800_fpu32_eabi.lib</file>
         <name>memset.c.obj</name>
      </input_file>
      <input_file id="fl-37">
         <path>C:\ti\ccs1210\ccs\tools\compiler\ti-cgt-c2000_22.6.0.LTS\lib\</path>
         <kind>archive</kind>
         <file>rts2800_fpu32_eabi.lib</file>
         <name>cpy_tbl.c.obj</name>
      </input_file>
      <input_file id="fl-38">
         <path>C:\ti\ccs1210\ccs\tools\compiler\ti-cgt-c2000_22.6.0.LTS\lib\</path>
         <kind>archive</kind>
         <file>rts2800_fpu32_eabi.lib</file>
         <name>memcpy.c.obj</name>
      </input_file>
      <input_file id="fl-39">
         <path>C:\ti\ccs1210\ccs\tools\compiler\ti-cgt-c2000_22.6.0.LTS\lib\</path>
         <kind>archive</kind>
         <file>rts2800_fpu32_eabi.lib</file>
         <name>startup.c.obj</name>
      </input_file>
   </input_file_list>
   <object_component_list>
      <object_component id="oc-2d">
         <name>codestart</name>
         <load_address>0x0</load_address>
         <run_address>0x0</run_address>
         <size>0x2</size>
         <input_file_ref idref="fl-5"/>
      </object_component>
      <object_component id="oc-8b">
         <name>.text</name>
         <load_address>0x8000</load_address>
         <run_address>0x8000</run_address>
         <size>0x3fc</size>
         <input_file_ref idref="fl-6"/>
      </object_component>
      <object_component id="oc-a3">
         <name>.text</name>
         <load_address>0x83fc</load_address>
         <run_address>0x83fc</run_address>
         <size>0x2cd</size>
         <input_file_ref idref="fl-8"/>
      </object_component>
      <object_component id="oc-32">
         <name>.text:retain</name>
         <load_address>0x86c9</load_address>
         <run_address>0x86c9</run_address>
         <size>0x134</size>
         <input_file_ref idref="fl-2"/>
      </object_component>
      <object_component id="oc-144">
         <name>.text:Interrupt_illegalOperationHandler</name>
         <load_address>0x87fd</load_address>
         <run_address>0x87fd</run_address>
         <size>0x2</size>
         <input_file_ref idref="fl-14"/>
      </object_component>
      <object_component id="oc-247">
         <name>.text</name>
         <load_address>0x87ff</load_address>
         <run_address>0x87ff</run_address>
         <size>0x1</size>
         <input_file_ref idref="fl-39"/>
      </object_component>
      <object_component id="oc-a9">
         <name>.text</name>
         <load_address>0x8800</load_address>
         <run_address>0x8800</run_address>
         <size>0x289</size>
         <input_file_ref idref="fl-7"/>
      </object_component>
      <object_component id="oc-33">
         <name>.text</name>
         <load_address>0x8a89</load_address>
         <run_address>0x8a89</run_address>
         <size>0x1bf</size>
         <input_file_ref idref="fl-2"/>
      </object_component>
      <object_component id="oc-7b">
         <name>.text</name>
         <load_address>0x8c48</load_address>
         <run_address>0x8c48</run_address>
         <size>0xf2</size>
         <input_file_ref idref="fl-9"/>
      </object_component>
      <object_component id="oc-153">
         <name>.text</name>
         <load_address>0x8d3a</load_address>
         <run_address>0x8d3a</run_address>
         <size>0xe8</size>
         <input_file_ref idref="fl-21"/>
      </object_component>
      <object_component id="oc-dc">
         <name>.text</name>
         <load_address>0x8e22</load_address>
         <run_address>0x8e22</run_address>
         <size>0x9c</size>
         <input_file_ref idref="fl-23"/>
      </object_component>
      <object_component id="oc-6c">
         <name>.text</name>
         <load_address>0x8ebe</load_address>
         <run_address>0x8ebe</run_address>
         <size>0x8b</size>
         <input_file_ref idref="fl-2d"/>
      </object_component>
      <object_component id="oc-22b">
         <name>.text:SysCtl_selectXTAL</name>
         <load_address>0x8f49</load_address>
         <run_address>0x8f49</run_address>
         <size>0x8a</size>
         <input_file_ref idref="fl-15"/>
      </object_component>
      <object_component id="oc-1ed">
         <name>.text:__TI_auto_init_nobinit_nopinit</name>
         <load_address>0x8fd3</load_address>
         <run_address>0x8fd3</run_address>
         <size>0x2b</size>
         <input_file_ref idref="fl-2f"/>
      </object_component>
      <object_component id="oc-13e">
         <name>.text:Interrupt_nmiHandler</name>
         <load_address>0x8ffe</load_address>
         <run_address>0x8ffe</run_address>
         <size>0x2</size>
         <input_file_ref idref="fl-14"/>
      </object_component>
      <object_component id="oc-b5">
         <name>.text</name>
         <load_address>0x9000</load_address>
         <run_address>0x9000</run_address>
         <size>0x88</size>
         <input_file_ref idref="fl-27"/>
      </object_component>
      <object_component id="oc-67">
         <name>.text</name>
         <load_address>0x9088</load_address>
         <run_address>0x9088</run_address>
         <size>0x83</size>
         <input_file_ref idref="fl-25"/>
      </object_component>
      <object_component id="oc-1c7">
         <name>.text:ADC_setINLTrim</name>
         <load_address>0x910b</load_address>
         <run_address>0x910b</run_address>
         <size>0x6f</size>
         <input_file_ref idref="fl-12"/>
      </object_component>
      <object_component id="oc-f1">
         <name>.text:SysCtl_getDeviceParametric</name>
         <load_address>0x917a</load_address>
         <run_address>0x917a</run_address>
         <size>0x68</size>
         <input_file_ref idref="fl-15"/>
      </object_component>
      <object_component id="oc-1cd">
         <name>.text:ADC_setOffsetTrim</name>
         <load_address>0x91e2</load_address>
         <run_address>0x91e2</run_address>
         <size>0x60</size>
         <input_file_ref idref="fl-12"/>
      </object_component>
      <object_component id="oc-128">
         <name>.text:GPIO_setPadConfig</name>
         <load_address>0x9242</load_address>
         <run_address>0x9242</run_address>
         <size>0x52</size>
         <input_file_ref idref="fl-13"/>
      </object_component>
      <object_component id="oc-fd">
         <name>.text:SysCtl_getClock</name>
         <load_address>0x9294</load_address>
         <run_address>0x9294</run_address>
         <size>0x51</size>
         <input_file_ref idref="fl-15"/>
      </object_component>
      <object_component id="oc-195">
         <name>.text:SysCtl_selectOscSource</name>
         <load_address>0x92e5</load_address>
         <run_address>0x92e5</run_address>
         <size>0x48</size>
         <input_file_ref idref="fl-15"/>
      </object_component>
      <object_component id="oc-97">
         <name>.text:Interrupt_initModule</name>
         <load_address>0x932d</load_address>
         <run_address>0x932d</run_address>
         <size>0x3d</size>
         <input_file_ref idref="fl-14"/>
      </object_component>
      <object_component id="oc-11c">
         <name>.text:GPIO_setControllerCore</name>
         <load_address>0x936a</load_address>
         <run_address>0x936a</run_address>
         <size>0x37</size>
         <input_file_ref idref="fl-13"/>
      </object_component>
      <object_component id="oc-116">
         <name>.text:GPIO_setPinConfig</name>
         <load_address>0x93a1</load_address>
         <run_address>0x93a1</run_address>
         <size>0x37</size>
         <input_file_ref idref="fl-13"/>
      </object_component>
      <object_component id="oc-110">
         <name>.text:GPIO_setQualificationMode</name>
         <load_address>0x93d8</load_address>
         <run_address>0x93d8</run_address>
         <size>0x37</size>
         <input_file_ref idref="fl-13"/>
      </object_component>
      <object_component id="oc-af">
         <name>.text:Interrupt_enable</name>
         <load_address>0x940f</load_address>
         <run_address>0x940f</run_address>
         <size>0x37</size>
         <input_file_ref idref="fl-14"/>
      </object_component>
      <object_component id="oc-10a">
         <name>.text:GPIO_setDirectionMode</name>
         <load_address>0x9446</load_address>
         <run_address>0x9446</run_address>
         <size>0x31</size>
         <input_file_ref idref="fl-13"/>
      </object_component>
      <object_component id="oc-14c">
         <name>.text:ADC_setMode</name>
         <load_address>0x9477</load_address>
         <run_address>0x9477</run_address>
         <size>0x2f</size>
         <input_file_ref idref="fl-12"/>
      </object_component>
      <object_component id="oc-20">
         <name>.text:decompress:lzss</name>
         <load_address>0x94a6</load_address>
         <run_address>0x94a6</run_address>
         <size>0x2e</size>
         <input_file_ref idref="fl-32"/>
      </object_component>
      <object_component id="oc-1d8">
         <name>.text</name>
         <load_address>0x94d4</load_address>
         <run_address>0x94d4</run_address>
         <size>0x2a</size>
         <input_file_ref idref="fl-24"/>
      </object_component>
      <object_component id="oc-17d">
         <name>.text</name>
         <load_address>0x94fe</load_address>
         <run_address>0x94fe</run_address>
         <size>0x29</size>
         <input_file_ref idref="fl-33"/>
      </object_component>
      <object_component id="oc-76">
         <name>.text</name>
         <load_address>0x9527</load_address>
         <run_address>0x9527</run_address>
         <size>0x23</size>
         <input_file_ref idref="fl-2c"/>
      </object_component>
      <object_component id="oc-27f">
         <name>.text:CPUTimer_selectClockSource</name>
         <load_address>0x954a</load_address>
         <run_address>0x954a</run_address>
         <size>0x21</size>
         <input_file_ref idref="fl-15"/>
      </object_component>
      <object_component id="oc-2b8">
         <name>.text:CPUTimer_getTimerOverflowStatus</name>
         <load_address>0x956b</load_address>
         <run_address>0x956b</run_address>
         <size>0x1f</size>
         <input_file_ref idref="fl-15"/>
      </object_component>
      <object_component id="oc-9d">
         <name>.text:Interrupt_initVectorTable</name>
         <load_address>0x958a</load_address>
         <run_address>0x958a</run_address>
         <size>0x1e</size>
         <input_file_ref idref="fl-14"/>
      </object_component>
      <object_component id="oc-41">
         <name>.text</name>
         <load_address>0x95a8</load_address>
         <run_address>0x95a8</run_address>
         <size>0x1d</size>
         <input_file_ref idref="fl-38"/>
      </object_component>
      <object_component id="oc-e3">
         <name>.text</name>
         <load_address>0x95c5</load_address>
         <run_address>0x95c5</run_address>
         <size>0x1c</size>
         <input_file_ref idref="fl-2b"/>
      </object_component>
      <object_component id="oc-1c0">
         <name>.text:ADC_isBaseValid</name>
         <load_address>0x95e1</load_address>
         <run_address>0x95e1</run_address>
         <size>0x1b</size>
         <input_file_ref idref="fl-12"/>
      </object_component>
      <object_component id="oc-28b">
         <name>.text:CPUTimer_startTimer</name>
         <load_address>0x95fc</load_address>
         <run_address>0x95fc</run_address>
         <size>0x1a</size>
         <input_file_ref idref="fl-15"/>
      </object_component>
      <object_component id="oc-104">
         <name>.text:SysCtl_getLowSpeedClock</name>
         <load_address>0x9616</load_address>
         <run_address>0x9616</run_address>
         <size>0x1a</size>
         <input_file_ref idref="fl-15"/>
      </object_component>
      <object_component id="oc-1dd">
         <name>.text</name>
         <load_address>0x9630</load_address>
         <run_address>0x9630</run_address>
         <size>0x18</size>
         <input_file_ref idref="fl-28"/>
      </object_component>
      <object_component id="oc-2ac">
         <name>.text:CPUTimer_isBaseValid</name>
         <load_address>0x9648</load_address>
         <run_address>0x9648</run_address>
         <size>0x17</size>
         <input_file_ref idref="fl-15"/>
      </object_component>
      <object_component id="oc-ce">
         <name>.text</name>
         <load_address>0x965f</load_address>
         <run_address>0x965f</run_address>
         <size>0x17</size>
         <input_file_ref idref="fl-22"/>
      </object_component>
      <object_component id="oc-61">
         <name>.text</name>
         <load_address>0x9676</load_address>
         <run_address>0x9676</run_address>
         <size>0x17</size>
         <input_file_ref idref="fl-2a"/>
      </object_component>
      <object_component id="oc-273">
         <name>.text:CPUTimer_stopTimer</name>
         <load_address>0x968d</load_address>
         <run_address>0x968d</run_address>
         <size>0x14</size>
         <input_file_ref idref="fl-15"/>
      </object_component>
      <object_component id="oc-26d">
         <name>.text:CPUTimer_disableInterrupt</name>
         <load_address>0x96a1</load_address>
         <run_address>0x96a1</run_address>
         <size>0x12</size>
         <input_file_ref idref="fl-15"/>
      </object_component>
      <object_component id="oc-279">
         <name>.text:CPUTimer_setPeriod</name>
         <load_address>0x96b3</load_address>
         <run_address>0x96b3</run_address>
         <size>0x11</size>
         <input_file_ref idref="fl-15"/>
      </object_component>
      <object_component id="oc-291">
         <name>.text:SysCtl_pollCpuTimer</name>
         <load_address>0x96c4</load_address>
         <run_address>0x96c4</run_address>
         <size>0xf</size>
         <input_file_ref idref="fl-15"/>
      </object_component>
      <object_component id="oc-1a4">
         <name>.text:GPIO_isPinValid</name>
         <load_address>0x96d3</load_address>
         <run_address>0x96d3</run_address>
         <size>0xe</size>
         <input_file_ref idref="fl-13"/>
      </object_component>
      <object_component id="oc-138">
         <name>.text:Interrupt_defaultHandler</name>
         <load_address>0x96e1</load_address>
         <run_address>0x96e1</run_address>
         <size>0xe</size>
         <input_file_ref idref="fl-14"/>
      </object_component>
      <object_component id="oc-71">
         <name>.text</name>
         <load_address>0x96ef</load_address>
         <run_address>0x96ef</run_address>
         <size>0xe</size>
         <input_file_ref idref="fl-26"/>
      </object_component>
      <object_component id="oc-130">
         <name>.text:Interrupt_disableGlobal</name>
         <load_address>0x96fd</load_address>
         <run_address>0x96fd</run_address>
         <size>0xd</size>
         <input_file_ref idref="fl-14"/>
      </object_component>
      <object_component id="oc-15d">
         <name>.text:Interrupt_enableGlobal</name>
         <load_address>0x970a</load_address>
         <run_address>0x970a</run_address>
         <size>0xd</size>
         <input_file_ref idref="fl-14"/>
      </object_component>
      <object_component id="oc-49">
         <name>.text:decompress:ZI:__TI_zero_init_nomemset</name>
         <load_address>0x9717</load_address>
         <run_address>0x9717</run_address>
         <size>0xd</size>
         <input_file_ref idref="fl-30"/>
      </object_component>
      <object_component id="oc-177">
         <name>.text</name>
         <load_address>0x9724</load_address>
         <run_address>0x9724</run_address>
         <size>0xc</size>
         <input_file_ref idref="fl-35"/>
      </object_component>
      <object_component id="oc-18f">
         <name>.text:SysCtl_isMCDClockFailureDetected</name>
         <load_address>0x9730</load_address>
         <run_address>0x9730</run_address>
         <size>0xb</size>
         <input_file_ref idref="fl-15"/>
      </object_component>
      <object_component id="oc-19b">
         <name>.text:SysCtl_serviceWatchdog</name>
         <load_address>0x973b</load_address>
         <run_address>0x973b</run_address>
         <size>0x9</size>
         <input_file_ref idref="fl-15"/>
      </object_component>
      <object_component id="oc-261">
         <name>.text</name>
         <load_address>0x9744</load_address>
         <run_address>0x9744</run_address>
         <size>0x9</size>
         <input_file_ref idref="fl-34"/>
      </object_component>
      <object_component id="oc-55">
         <name>.text</name>
         <load_address>0x974d</load_address>
         <run_address>0x974d</run_address>
         <size>0x8</size>
         <input_file_ref idref="fl-5"/>
      </object_component>
      <object_component id="oc-26">
         <name>.text:decompress:none</name>
         <load_address>0x9755</load_address>
         <run_address>0x9755</run_address>
         <size>0x8</size>
         <input_file_ref idref="fl-31"/>
      </object_component>
      <object_component id="oc-297">
         <name>.text:SysCtl_resetMCD</name>
         <load_address>0x975d</load_address>
         <run_address>0x975d</run_address>
         <size>0x7</size>
         <input_file_ref idref="fl-15"/>
      </object_component>
      <object_component id="oc-170">
         <name>.text</name>
         <load_address>0x9764</load_address>
         <run_address>0x9764</run_address>
         <size>0x2</size>
         <input_file_ref idref="fl-2e"/>
      </object_component>
      <object_component id="oc-91">
         <name>.text</name>
         <load_address>0xb000</load_address>
         <run_address>0xb000</run_address>
         <size>0x5e8</size>
         <input_file_ref idref="fl-3"/>
      </object_component>
      <object_component id="oc-f7">
         <name>.text:SysCtl_setClock</name>
         <load_address>0xb5e8</load_address>
         <run_address>0xb5e8</run_address>
         <size>0x206</size>
         <input_file_ref idref="fl-15"/>
      </object_component>
      <object_component id="oc-285">
         <name>.text:CPUTimer_clearOverflowFlag</name>
         <load_address>0xb7ee</load_address>
         <run_address>0xb7ee</run_address>
         <size>0x12</size>
         <input_file_ref idref="fl-15"/>
      </object_component>
      <object_component id="oc-2fe">
         <name>.cinit..data.load</name>
         <load_address>0x128</load_address>
         <run_address>0x128</run_address>
         <size>0x21</size>
      </object_component>
      <object_component id="oc-2fb">
         <name>__TI_handler_table</name>
         <load_address>0x14a</load_address>
         <run_address>0x14a</run_address>
         <size>0x6</size>
      </object_component>
      <object_component id="oc-2fd">
         <name>.cinit..bss.load</name>
         <load_address>0x150</load_address>
         <run_address>0x150</run_address>
         <size>0x4</size>
      </object_component>
      <object_component id="oc-2fc">
         <name>__TI_cinit_table</name>
         <load_address>0x154</load_address>
         <run_address>0x154</run_address>
         <size>0x8</size>
      </object_component>
      <object_component id="oc-3e">
         <name>.stack</name>
         <uninitialized>true</uninitialized>
         <run_address>0x400</run_address>
         <size>0x0</size>
         <input_file_ref idref="fl-22"/>
      </object_component>
      <object_component id="oc-2ff">
         <name>.stack</name>
         <uninitialized>true</uninitialized>
         <run_address>0x400</run_address>
         <size>0x0</size>
      </object_component>
      <object_component id="oc-81">
         <name>.bss</name>
         <uninitialized>true</uninitialized>
         <run_address>0xac00</run_address>
         <size>0x8</size>
         <input_file_ref idref="fl-8"/>
      </object_component>
      <object_component id="oc-5b">
         <name>.bss:adcAResults</name>
         <uninitialized>true</uninitialized>
         <run_address>0xac08</run_address>
         <size>0x5</size>
         <input_file_ref idref="fl-8"/>
      </object_component>
      <object_component id="oc-5e">
         <name>.bss:adcBResults</name>
         <uninitialized>true</uninitialized>
         <run_address>0xac0d</run_address>
         <size>0x5</size>
         <input_file_ref idref="fl-8"/>
      </object_component>
      <object_component id="oc-18e">
         <name>.const:.string</name>
         <load_address>0xa800</load_address>
         <run_address>0xa800</run_address>
         <size>0xc2</size>
         <input_file_ref idref="fl-15"/>
      </object_component>
      <object_component id="oc-1aa">
         <name>.const:.string</name>
         <load_address>0xa8c2</load_address>
         <run_address>0xa8c2</run_address>
         <size>0xbc</size>
         <input_file_ref idref="fl-13"/>
      </object_component>
      <object_component id="oc-8a">
         <name>.const:.string</name>
         <load_address>0xa97e</load_address>
         <run_address>0xa97e</run_address>
         <size>0x7c</size>
         <input_file_ref idref="fl-2"/>
      </object_component>
      <object_component id="oc-15a">
         <name>.const:.string</name>
         <load_address>0xa9fa</load_address>
         <run_address>0xa9fa</run_address>
         <size>0x7c</size>
         <input_file_ref idref="fl-7"/>
      </object_component>
      <object_component id="oc-14b">
         <name>.const:.string</name>
         <load_address>0xaa76</load_address>
         <run_address>0xaa76</run_address>
         <size>0x7c</size>
         <input_file_ref idref="fl-8"/>
      </object_component>
      <object_component id="oc-1c6">
         <name>.const:.string</name>
         <load_address>0xaaf2</load_address>
         <run_address>0xaaf2</run_address>
         <size>0x5d</size>
         <input_file_ref idref="fl-12"/>
      </object_component>
      <object_component id="oc-127">
         <name>.const:.string</name>
         <load_address>0xab50</load_address>
         <run_address>0xab50</run_address>
         <size>0x3e</size>
         <input_file_ref idref="fl-3"/>
      </object_component>
      <object_component id="oc-103">
         <name>.const:.string</name>
         <load_address>0xab8e</load_address>
         <run_address>0xab8e</run_address>
         <size>0x13</size>
         <input_file_ref idref="fl-6"/>
      </object_component>
      <object_component id="oc-66">
         <name>.const</name>
         <load_address>0xaba2</load_address>
         <run_address>0xaba2</run_address>
         <size>0x10</size>
         <input_file_ref idref="fl-2"/>
      </object_component>
      <object_component id="oc-1d5">
         <name>.const</name>
         <load_address>0xabb2</load_address>
         <run_address>0xabb2</run_address>
         <size>0xc</size>
         <input_file_ref idref="fl-21"/>
      </object_component>
      <object_component id="oc-e8">
         <name>.const</name>
         <load_address>0xabbe</load_address>
         <run_address>0xabbe</run_address>
         <size>0x4</size>
         <input_file_ref idref="fl-9"/>
      </object_component>
      <object_component id="oc-122">
         <name>.data</name>
         <load_address>0xabec</load_address>
         <run_address>0xabec</run_address>
         <size>0x6</size>
         <input_file_ref idref="fl-6"/>
      </object_component>
      <object_component id="oc-84">
         <name>.data</name>
         <load_address>0xabe4</load_address>
         <run_address>0xabe4</run_address>
         <size>0x8</size>
         <input_file_ref idref="fl-8"/>
      </object_component>
      <object_component id="oc-87">
         <name>.data</name>
         <load_address>0xabc2</load_address>
         <run_address>0xabc2</run_address>
         <size>0x22</size>
         <input_file_ref idref="fl-9"/>
      </object_component>
      <object_component id="oc-21f">
         <name>.data</name>
         <load_address>0xabf2</load_address>
         <run_address>0xabf2</run_address>
         <size>0x6</size>
         <input_file_ref idref="fl-33"/>
      </object_component>
      <object_component id="oc-222">
         <name>.data:_lock</name>
         <load_address>0xabf8</load_address>
         <run_address>0xabf8</run_address>
         <size>0x2</size>
         <input_file_ref idref="fl-34"/>
      </object_component>
      <object_component id="oc-2a5">
         <name>.data:_unlock</name>
         <load_address>0xabfa</load_address>
         <run_address>0xabfa</run_address>
         <size>0x2</size>
         <input_file_ref idref="fl-34"/>
      </object_component>
      <object_component id="oc-152">
         <name>.TI.ramfunc</name>
         <load_address>0x123</load_address>
         <run_address>0x123</run_address>
         <size>0x4</size>
         <input_file_ref idref="fl-15"/>
      </object_component>
      <object_component id="oc-bb">
         <name>.debug_types</name>
         <load_address>0x0</load_address>
         <run_address>0x0</run_address>
         <size>0x1122</size>
         <input_file_ref idref="fl-2"/>
      </object_component>
      <object_component id="oc-12f">
         <name>.debug_types</name>
         <load_address>0x1122</load_address>
         <run_address>0x1122</run_address>
         <size>0xce6</size>
         <input_file_ref idref="fl-3"/>
      </object_component>
      <object_component id="oc-126">
         <name>.debug_types</name>
         <load_address>0x1e08</load_address>
         <run_address>0x1e08</run_address>
         <size>0x772</size>
         <input_file_ref idref="fl-6"/>
      </object_component>
      <object_component id="oc-15c">
         <name>.debug_types</name>
         <load_address>0x257a</load_address>
         <run_address>0x257a</run_address>
         <size>0x826</size>
         <input_file_ref idref="fl-7"/>
      </object_component>
      <object_component id="oc-d6">
         <name>.debug_types</name>
         <load_address>0x2da0</load_address>
         <run_address>0x2da0</run_address>
         <size>0x456</size>
         <input_file_ref idref="fl-8"/>
      </object_component>
      <object_component id="oc-ea">
         <name>.debug_types</name>
         <load_address>0x0</load_address>
         <run_address>0x0</run_address>
         <size>0x0</size>
         <input_file_ref idref="fl-9"/>
      </object_component>
      <object_component id="oc-1d4">
         <name>.debug_types</name>
         <load_address>0x31f6</load_address>
         <run_address>0x31f6</run_address>
         <size>0x12c</size>
         <input_file_ref idref="fl-12"/>
      </object_component>
      <object_component id="oc-1ac">
         <name>.debug_types</name>
         <load_address>0x3322</load_address>
         <run_address>0x3322</run_address>
         <size>0x2c4</size>
         <input_file_ref idref="fl-13"/>
      </object_component>
      <object_component id="oc-137">
         <name>.debug_types</name>
         <load_address>0x0</load_address>
         <run_address>0x0</run_address>
         <size>0x0</size>
         <input_file_ref idref="fl-14"/>
      </object_component>
      <object_component id="oc-18d">
         <name>.debug_types</name>
         <load_address>0x35e6</load_address>
         <run_address>0x35e6</run_address>
         <size>0x254</size>
         <input_file_ref idref="fl-15"/>
      </object_component>
      <object_component id="oc-1e3">
         <name>.debug_types</name>
         <load_address>0x383a</load_address>
         <run_address>0x383a</run_address>
         <size>0xf4</size>
         <input_file_ref idref="fl-21"/>
      </object_component>
      <object_component id="oc-1ec">
         <name>.debug_types</name>
         <load_address>0x0</load_address>
         <run_address>0x0</run_address>
         <size>0x0</size>
         <input_file_ref idref="fl-2e"/>
      </object_component>
      <object_component id="oc-24e">
         <name>.debug_types</name>
         <load_address>0x392e</load_address>
         <run_address>0x392e</run_address>
         <size>0x49b</size>
         <input_file_ref idref="fl-2f"/>
      </object_component>
      <object_component id="oc-c6">
         <name>.debug_types</name>
         <load_address>0x3dc9</load_address>
         <run_address>0x3dc9</run_address>
         <size>0x1f3</size>
         <input_file_ref idref="fl-30"/>
      </object_component>
      <object_component id="oc-48">
         <name>.debug_types</name>
         <load_address>0x0</load_address>
         <run_address>0x0</run_address>
         <size>0x0</size>
         <input_file_ref idref="fl-31"/>
      </object_component>
      <object_component id="oc-40">
         <name>.debug_types</name>
         <load_address>0x3fbc</load_address>
         <run_address>0x3fbc</run_address>
         <size>0x191</size>
         <input_file_ref idref="fl-32"/>
      </object_component>
      <object_component id="oc-226">
         <name>.debug_types</name>
         <load_address>0x414d</load_address>
         <run_address>0x414d</run_address>
         <size>0xbf</size>
         <input_file_ref idref="fl-33"/>
      </object_component>
      <object_component id="oc-269">
         <name>.debug_types</name>
         <load_address>0x420c</load_address>
         <run_address>0x420c</run_address>
         <size>0x2f</size>
         <input_file_ref idref="fl-34"/>
      </object_component>
      <object_component id="oc-21e">
         <name>.debug_types</name>
         <load_address>0x423b</load_address>
         <run_address>0x423b</run_address>
         <size>0xe1</size>
         <input_file_ref idref="fl-35"/>
      </object_component>
      <object_component id="oc-c1">
         <name>.debug_types</name>
         <load_address>0x431c</load_address>
         <run_address>0x431c</run_address>
         <size>0xb8</size>
         <input_file_ref idref="fl-38"/>
      </object_component>
      <object_component id="oc-29f">
         <name>.debug_types</name>
         <load_address>0x0</load_address>
         <run_address>0x0</run_address>
         <size>0x0</size>
         <input_file_ref idref="fl-39"/>
      </object_component>
      <object_component id="oc-35">
         <name>.debug_info</name>
         <load_address>0x0</load_address>
         <run_address>0x0</run_address>
         <size>0xf8e</size>
         <input_file_ref idref="fl-2"/>
      </object_component>
      <object_component id="oc-3a">
         <name>.debug_info</name>
         <load_address>0xf8e</load_address>
         <run_address>0xf8e</run_address>
         <size>0x3a0</size>
         <input_file_ref idref="fl-2"/>
      </object_component>
      <object_component id="oc-92">
         <name>.debug_info</name>
         <load_address>0x132e</load_address>
         <run_address>0x132e</run_address>
         <size>0x2575</size>
         <input_file_ref idref="fl-3"/>
      </object_component>
      <object_component id="oc-2f">
         <name>.debug_info</name>
         <load_address>0x38a3</load_address>
         <run_address>0x38a3</run_address>
         <size>0x115</size>
         <input_file_ref idref="fl-5"/>
      </object_component>
      <object_component id="oc-57">
         <name>.debug_info</name>
         <load_address>0x39b8</load_address>
         <run_address>0x39b8</run_address>
         <size>0x116</size>
         <input_file_ref idref="fl-5"/>
      </object_component>
      <object_component id="oc-123">
         <name>.debug_info</name>
         <load_address>0x3ace</load_address>
         <run_address>0x3ace</run_address>
         <size>0x160</size>
         <input_file_ref idref="fl-6"/>
      </object_component>
      <object_component id="oc-8e">
         <name>.debug_info</name>
         <load_address>0x3c2e</load_address>
         <run_address>0x3c2e</run_address>
         <size>0x1cb7</size>
         <input_file_ref idref="fl-6"/>
      </object_component>
      <object_component id="oc-aa">
         <name>.debug_info</name>
         <load_address>0x58e5</load_address>
         <run_address>0x58e5</run_address>
         <size>0xffa</size>
         <input_file_ref idref="fl-7"/>
      </object_component>
      <object_component id="oc-85">
         <name>.debug_info</name>
         <load_address>0x68df</load_address>
         <run_address>0x68df</run_address>
         <size>0x284</size>
         <input_file_ref idref="fl-8"/>
      </object_component>
      <object_component id="oc-82">
         <name>.debug_info</name>
         <load_address>0x6b63</load_address>
         <run_address>0x6b63</run_address>
         <size>0x1cc</size>
         <input_file_ref idref="fl-8"/>
      </object_component>
      <object_component id="oc-5c">
         <name>.debug_info</name>
         <load_address>0x6d2f</load_address>
         <run_address>0x6d2f</run_address>
         <size>0x136</size>
         <input_file_ref idref="fl-8"/>
      </object_component>
      <object_component id="oc-5f">
         <name>.debug_info</name>
         <load_address>0x6e65</load_address>
         <run_address>0x6e65</run_address>
         <size>0x136</size>
         <input_file_ref idref="fl-8"/>
      </object_component>
      <object_component id="oc-a4">
         <name>.debug_info</name>
         <load_address>0x6f9b</load_address>
         <run_address>0x6f9b</run_address>
         <size>0x16c2</size>
         <input_file_ref idref="fl-8"/>
      </object_component>
      <object_component id="oc-88">
         <name>.debug_info</name>
         <load_address>0x865d</load_address>
         <run_address>0x865d</run_address>
         <size>0x349</size>
         <input_file_ref idref="fl-9"/>
      </object_component>
      <object_component id="oc-7c">
         <name>.debug_info</name>
         <load_address>0x89a6</load_address>
         <run_address>0x89a6</run_address>
         <size>0x363</size>
         <input_file_ref idref="fl-9"/>
      </object_component>
      <object_component id="oc-1c4">
         <name>.debug_info</name>
         <load_address>0x8d09</load_address>
         <run_address>0x8d09</run_address>
         <size>0x207</size>
         <input_file_ref idref="fl-12"/>
      </object_component>
      <object_component id="oc-14d">
         <name>.debug_info</name>
         <load_address>0x8f10</load_address>
         <run_address>0x8f10</run_address>
         <size>0x2bc</size>
         <input_file_ref idref="fl-12"/>
      </object_component>
      <object_component id="oc-1cb">
         <name>.debug_info</name>
         <load_address>0x91cc</load_address>
         <run_address>0x91cc</run_address>
         <size>0x24a</size>
         <input_file_ref idref="fl-12"/>
      </object_component>
      <object_component id="oc-1d1">
         <name>.debug_info</name>
         <load_address>0x9416</load_address>
         <run_address>0x9416</run_address>
         <size>0x288</size>
         <input_file_ref idref="fl-12"/>
      </object_component>
      <object_component id="oc-1a5">
         <name>.debug_info</name>
         <load_address>0x969e</load_address>
         <run_address>0x969e</run_address>
         <size>0x205</size>
         <input_file_ref idref="fl-13"/>
      </object_component>
      <object_component id="oc-10b">
         <name>.debug_info</name>
         <load_address>0x98a3</load_address>
         <run_address>0x98a3</run_address>
         <size>0x27d</size>
         <input_file_ref idref="fl-13"/>
      </object_component>
      <object_component id="oc-129">
         <name>.debug_info</name>
         <load_address>0x9b20</load_address>
         <run_address>0x9b20</run_address>
         <size>0x266</size>
         <input_file_ref idref="fl-13"/>
      </object_component>
      <object_component id="oc-111">
         <name>.debug_info</name>
         <load_address>0x9d86</load_address>
         <run_address>0x9d86</run_address>
         <size>0x2ae</size>
         <input_file_ref idref="fl-13"/>
      </object_component>
      <object_component id="oc-11d">
         <name>.debug_info</name>
         <load_address>0xa034</load_address>
         <run_address>0xa034</run_address>
         <size>0x296</size>
         <input_file_ref idref="fl-13"/>
      </object_component>
      <object_component id="oc-117">
         <name>.debug_info</name>
         <load_address>0xa2ca</load_address>
         <run_address>0xa2ca</run_address>
         <size>0x24f</size>
         <input_file_ref idref="fl-13"/>
      </object_component>
      <object_component id="oc-15f">
         <name>.debug_info</name>
         <load_address>0xa519</load_address>
         <run_address>0xa519</run_address>
         <size>0x1fe</size>
         <input_file_ref idref="fl-14"/>
      </object_component>
      <object_component id="oc-132">
         <name>.debug_info</name>
         <load_address>0xa717</load_address>
         <run_address>0xa717</run_address>
         <size>0x202</size>
         <input_file_ref idref="fl-14"/>
      </object_component>
      <object_component id="oc-139">
         <name>.debug_info</name>
         <load_address>0xa919</load_address>
         <run_address>0xa919</run_address>
         <size>0x21c</size>
         <input_file_ref idref="fl-14"/>
      </object_component>
      <object_component id="oc-145">
         <name>.debug_info</name>
         <load_address>0xab35</load_address>
         <run_address>0xab35</run_address>
         <size>0x202</size>
         <input_file_ref idref="fl-14"/>
      </object_component>
      <object_component id="oc-141">
         <name>.debug_info</name>
         <load_address>0xad37</load_address>
         <run_address>0xad37</run_address>
         <size>0x1e8</size>
         <input_file_ref idref="fl-14"/>
      </object_component>
      <object_component id="oc-9a">
         <name>.debug_info</name>
         <load_address>0xaf1f</load_address>
         <run_address>0xaf1f</run_address>
         <size>0x20f</size>
         <input_file_ref idref="fl-14"/>
      </object_component>
      <object_component id="oc-a0">
         <name>.debug_info</name>
         <load_address>0xb12e</load_address>
         <run_address>0xb12e</run_address>
         <size>0x20a</size>
         <input_file_ref idref="fl-14"/>
      </object_component>
      <object_component id="oc-b1">
         <name>.debug_info</name>
         <load_address>0xb338</load_address>
         <run_address>0xb338</run_address>
         <size>0x2b2</size>
         <input_file_ref idref="fl-14"/>
      </object_component>
      <object_component id="oc-19e">
         <name>.debug_info</name>
         <load_address>0xb5ea</load_address>
         <run_address>0xb5ea</run_address>
         <size>0x1f2</size>
         <input_file_ref idref="fl-15"/>
      </object_component>
      <object_component id="oc-190">
         <name>.debug_info</name>
         <load_address>0xb7dc</load_address>
         <run_address>0xb7dc</run_address>
         <size>0x20e</size>
         <input_file_ref idref="fl-15"/>
      </object_component>
      <object_component id="oc-299">
         <name>.debug_info</name>
         <load_address>0xb9ea</load_address>
         <run_address>0xb9ea</run_address>
         <size>0x1e4</size>
         <input_file_ref idref="fl-15"/>
      </object_component>
      <object_component id="oc-2af">
         <name>.debug_info</name>
         <load_address>0xbbce</load_address>
         <run_address>0xbbce</run_address>
         <size>0x217</size>
         <input_file_ref idref="fl-15"/>
      </object_component>
      <object_component id="oc-288">
         <name>.debug_info</name>
         <load_address>0xbde5</load_address>
         <run_address>0xbde5</run_address>
         <size>0x244</size>
         <input_file_ref idref="fl-15"/>
      </object_component>
      <object_component id="oc-270">
         <name>.debug_info</name>
         <load_address>0xc029</load_address>
         <run_address>0xc029</run_address>
         <size>0x242</size>
         <input_file_ref idref="fl-15"/>
      </object_component>
      <object_component id="oc-276">
         <name>.debug_info</name>
         <load_address>0xc26b</load_address>
         <run_address>0xc26b</run_address>
         <size>0x24a</size>
         <input_file_ref idref="fl-15"/>
      </object_component>
      <object_component id="oc-28d">
         <name>.debug_info</name>
         <load_address>0xc4b5</load_address>
         <run_address>0xc4b5</run_address>
         <size>0x24d</size>
         <input_file_ref idref="fl-15"/>
      </object_component>
      <object_component id="oc-27b">
         <name>.debug_info</name>
         <load_address>0xc702</load_address>
         <run_address>0xc702</run_address>
         <size>0x24e</size>
         <input_file_ref idref="fl-15"/>
      </object_component>
      <object_component id="oc-2ba">
         <name>.debug_info</name>
         <load_address>0xc950</load_address>
         <run_address>0xc950</run_address>
         <size>0x258</size>
         <input_file_ref idref="fl-15"/>
      </object_component>
      <object_component id="oc-281">
         <name>.debug_info</name>
         <load_address>0xcba8</load_address>
         <run_address>0xcba8</run_address>
         <size>0x27c</size>
         <input_file_ref idref="fl-15"/>
      </object_component>
      <object_component id="oc-292">
         <name>.debug_info</name>
         <load_address>0xce24</load_address>
         <run_address>0xce24</run_address>
         <size>0x241</size>
         <input_file_ref idref="fl-15"/>
      </object_component>
      <object_component id="oc-ff">
         <name>.debug_info</name>
         <load_address>0xd065</load_address>
         <run_address>0xd065</run_address>
         <size>0x277</size>
         <input_file_ref idref="fl-15"/>
      </object_component>
      <object_component id="oc-f8">
         <name>.debug_info</name>
         <load_address>0xd2dc</load_address>
         <run_address>0xd2dc</run_address>
         <size>0x51a</size>
         <input_file_ref idref="fl-15"/>
      </object_component>
      <object_component id="oc-22c">
         <name>.debug_info</name>
         <load_address>0xd7f6</load_address>
         <run_address>0xd7f6</run_address>
         <size>0x3ba</size>
         <input_file_ref idref="fl-15"/>
      </object_component>
      <object_component id="oc-197">
         <name>.debug_info</name>
         <load_address>0xdbb0</load_address>
         <run_address>0xdbb0</run_address>
         <size>0x243</size>
         <input_file_ref idref="fl-15"/>
      </object_component>
      <object_component id="oc-105">
         <name>.debug_info</name>
         <load_address>0xddf3</load_address>
         <run_address>0xddf3</run_address>
         <size>0x251</size>
         <input_file_ref idref="fl-15"/>
      </object_component>
      <object_component id="oc-f2">
         <name>.debug_info</name>
         <load_address>0xe044</load_address>
         <run_address>0xe044</run_address>
         <size>0x241</size>
         <input_file_ref idref="fl-15"/>
      </object_component>
      <object_component id="oc-1d6">
         <name>.debug_info</name>
         <load_address>0xe285</load_address>
         <run_address>0xe285</run_address>
         <size>0x107</size>
         <input_file_ref idref="fl-21"/>
      </object_component>
      <object_component id="oc-154">
         <name>.debug_info</name>
         <load_address>0xe38c</load_address>
         <run_address>0xe38c</run_address>
         <size>0x235</size>
         <input_file_ref idref="fl-21"/>
      </object_component>
      <object_component id="oc-d1">
         <name>.debug_info</name>
         <load_address>0xe5c1</load_address>
         <run_address>0xe5c1</run_address>
         <size>0x158</size>
         <input_file_ref idref="fl-22"/>
      </object_component>
      <object_component id="oc-dd">
         <name>.debug_info</name>
         <load_address>0xe719</load_address>
         <run_address>0xe719</run_address>
         <size>0x127</size>
         <input_file_ref idref="fl-23"/>
      </object_component>
      <object_component id="oc-1d9">
         <name>.debug_info</name>
         <load_address>0xe840</load_address>
         <run_address>0xe840</run_address>
         <size>0x131</size>
         <input_file_ref idref="fl-24"/>
      </object_component>
      <object_component id="oc-68">
         <name>.debug_info</name>
         <load_address>0xe971</load_address>
         <run_address>0xe971</run_address>
         <size>0x127</size>
         <input_file_ref idref="fl-25"/>
      </object_component>
      <object_component id="oc-72">
         <name>.debug_info</name>
         <load_address>0xea98</load_address>
         <run_address>0xea98</run_address>
         <size>0x13b</size>
         <input_file_ref idref="fl-26"/>
      </object_component>
      <object_component id="oc-b7">
         <name>.debug_info</name>
         <load_address>0xebd3</load_address>
         <run_address>0xebd3</run_address>
         <size>0x127</size>
         <input_file_ref idref="fl-27"/>
      </object_component>
      <object_component id="oc-1df">
         <name>.debug_info</name>
         <load_address>0xecfa</load_address>
         <run_address>0xecfa</run_address>
         <size>0x1a5</size>
         <input_file_ref idref="fl-28"/>
      </object_component>
      <object_component id="oc-62">
         <name>.debug_info</name>
         <load_address>0xee9f</load_address>
         <run_address>0xee9f</run_address>
         <size>0x12b</size>
         <input_file_ref idref="fl-2a"/>
      </object_component>
      <object_component id="oc-e5">
         <name>.debug_info</name>
         <load_address>0xefca</load_address>
         <run_address>0xefca</run_address>
         <size>0x12b</size>
         <input_file_ref idref="fl-2b"/>
      </object_component>
      <object_component id="oc-78">
         <name>.debug_info</name>
         <load_address>0xf0f5</load_address>
         <run_address>0xf0f5</run_address>
         <size>0x12b</size>
         <input_file_ref idref="fl-2c"/>
      </object_component>
      <object_component id="oc-6d">
         <name>.debug_info</name>
         <load_address>0xf220</load_address>
         <run_address>0xf220</run_address>
         <size>0x127</size>
         <input_file_ref idref="fl-2d"/>
      </object_component>
      <object_component id="oc-172">
         <name>.debug_info</name>
         <load_address>0xf347</load_address>
         <run_address>0xf347</run_address>
         <size>0x14d</size>
         <input_file_ref idref="fl-2e"/>
      </object_component>
      <object_component id="oc-1ee">
         <name>.debug_info</name>
         <load_address>0xf494</load_address>
         <run_address>0xf494</run_address>
         <size>0x1bf</size>
         <input_file_ref idref="fl-2f"/>
      </object_component>
      <object_component id="oc-4c">
         <name>.debug_info</name>
         <load_address>0xf653</load_address>
         <run_address>0xf653</run_address>
         <size>0x1b6</size>
         <input_file_ref idref="fl-30"/>
      </object_component>
      <object_component id="oc-27">
         <name>.debug_info</name>
         <load_address>0xf809</load_address>
         <run_address>0xf809</run_address>
         <size>0x1b7</size>
         <input_file_ref idref="fl-31"/>
      </object_component>
      <object_component id="oc-23">
         <name>.debug_info</name>
         <load_address>0xf9c0</load_address>
         <run_address>0xf9c0</run_address>
         <size>0x20c</size>
         <input_file_ref idref="fl-32"/>
      </object_component>
      <object_component id="oc-220">
         <name>.debug_info</name>
         <load_address>0xfbcc</load_address>
         <run_address>0xfbcc</run_address>
         <size>0x19e</size>
         <input_file_ref idref="fl-33"/>
      </object_component>
      <object_component id="oc-17f">
         <name>.debug_info</name>
         <load_address>0xfd6a</load_address>
         <run_address>0xfd6a</run_address>
         <size>0x1a9</size>
         <input_file_ref idref="fl-33"/>
      </object_component>
      <object_component id="oc-223">
         <name>.debug_info</name>
         <load_address>0xff13</load_address>
         <run_address>0xff13</run_address>
         <size>0x107</size>
         <input_file_ref idref="fl-34"/>
      </object_component>
      <object_component id="oc-2a6">
         <name>.debug_info</name>
         <load_address>0x1001a</load_address>
         <run_address>0x1001a</run_address>
         <size>0x10b</size>
         <input_file_ref idref="fl-34"/>
      </object_component>
      <object_component id="oc-262">
         <name>.debug_info</name>
         <load_address>0x10125</load_address>
         <run_address>0x10125</run_address>
         <size>0x203</size>
         <input_file_ref idref="fl-34"/>
      </object_component>
      <object_component id="oc-179">
         <name>.debug_info</name>
         <load_address>0x10328</load_address>
         <run_address>0x10328</run_address>
         <size>0x15d</size>
         <input_file_ref idref="fl-35"/>
      </object_component>
      <object_component id="oc-45">
         <name>.debug_info</name>
         <load_address>0x10485</load_address>
         <run_address>0x10485</run_address>
         <size>0x19b</size>
         <input_file_ref idref="fl-38"/>
      </object_component>
      <object_component id="oc-249">
         <name>.debug_info</name>
         <load_address>0x10620</load_address>
         <run_address>0x10620</run_address>
         <size>0x147</size>
         <input_file_ref idref="fl-39"/>
      </object_component>
      <object_component id="oc-304">
         <name>.debug_info</name>
         <load_address>0x10767</load_address>
         <run_address>0x10767</run_address>
         <size>0xb5</size>
      </object_component>
      <object_component id="oc-34">
         <name>.debug_line</name>
         <load_address>0x0</load_address>
         <run_address>0x0</run_address>
         <size>0x332</size>
         <input_file_ref idref="fl-2"/>
      </object_component>
      <object_component id="oc-3d">
         <name>.debug_line</name>
         <load_address>0x332</load_address>
         <run_address>0x332</run_address>
         <size>0x83</size>
         <input_file_ref idref="fl-2"/>
      </object_component>
      <object_component id="oc-166">
         <name>.debug_line</name>
         <load_address>0x3b5</load_address>
         <run_address>0x3b5</run_address>
         <size>0x2bb</size>
         <input_file_ref idref="fl-2"/>
      </object_component>
      <object_component id="oc-96">
         <name>.debug_line</name>
         <load_address>0x670</load_address>
         <run_address>0x670</run_address>
         <size>0x355</size>
         <input_file_ref idref="fl-3"/>
      </object_component>
      <object_component id="oc-1b7">
         <name>.debug_line</name>
         <load_address>0x9c5</load_address>
         <run_address>0x9c5</run_address>
         <size>0xe7</size>
         <input_file_ref idref="fl-3"/>
      </object_component>
      <object_component id="oc-31">
         <name>.debug_line</name>
         <load_address>0xaac</load_address>
         <run_address>0xaac</run_address>
         <size>0x55</size>
         <input_file_ref idref="fl-5"/>
      </object_component>
      <object_component id="oc-59">
         <name>.debug_line</name>
         <load_address>0xb01</load_address>
         <run_address>0xb01</run_address>
         <size>0x5d</size>
         <input_file_ref idref="fl-5"/>
      </object_component>
      <object_component id="oc-1b1">
         <name>.debug_line</name>
         <load_address>0xb5e</load_address>
         <run_address>0xb5e</run_address>
         <size>0x37</size>
         <input_file_ref idref="fl-6"/>
      </object_component>
      <object_component id="oc-8c">
         <name>.debug_line</name>
         <load_address>0xb95</load_address>
         <run_address>0xb95</run_address>
         <size>0x3fc</size>
         <input_file_ref idref="fl-6"/>
      </object_component>
      <object_component id="oc-1b3">
         <name>.debug_line</name>
         <load_address>0xf91</load_address>
         <run_address>0xf91</run_address>
         <size>0xa5</size>
         <input_file_ref idref="fl-6"/>
      </object_component>
      <object_component id="oc-ae">
         <name>.debug_line</name>
         <load_address>0x1036</load_address>
         <run_address>0x1036</run_address>
         <size>0x2c0</size>
         <input_file_ref idref="fl-7"/>
      </object_component>
      <object_component id="oc-1e5">
         <name>.debug_line</name>
         <load_address>0x12f6</load_address>
         <run_address>0x12f6</run_address>
         <size>0xef</size>
         <input_file_ref idref="fl-7"/>
      </object_component>
      <object_component id="oc-ee">
         <name>.debug_line</name>
         <load_address>0x13e5</load_address>
         <run_address>0x13e5</run_address>
         <size>0x75</size>
         <input_file_ref idref="fl-8"/>
      </object_component>
      <object_component id="oc-ec">
         <name>.debug_line</name>
         <load_address>0x145a</load_address>
         <run_address>0x145a</run_address>
         <size>0x75</size>
         <input_file_ref idref="fl-8"/>
      </object_component>
      <object_component id="oc-d5">
         <name>.debug_line</name>
         <load_address>0x14cf</load_address>
         <run_address>0x14cf</run_address>
         <size>0x75</size>
         <input_file_ref idref="fl-8"/>
      </object_component>
      <object_component id="oc-d8">
         <name>.debug_line</name>
         <load_address>0x1544</load_address>
         <run_address>0x1544</run_address>
         <size>0x75</size>
         <input_file_ref idref="fl-8"/>
      </object_component>
      <object_component id="oc-a7">
         <name>.debug_line</name>
         <load_address>0x15b9</load_address>
         <run_address>0x15b9</run_address>
         <size>0x389</size>
         <input_file_ref idref="fl-8"/>
      </object_component>
      <object_component id="oc-185">
         <name>.debug_line</name>
         <load_address>0x1942</load_address>
         <run_address>0x1942</run_address>
         <size>0xe6</size>
         <input_file_ref idref="fl-8"/>
      </object_component>
      <object_component id="oc-f0">
         <name>.debug_line</name>
         <load_address>0x1a28</load_address>
         <run_address>0x1a28</run_address>
         <size>0x60</size>
         <input_file_ref idref="fl-9"/>
      </object_component>
      <object_component id="oc-80">
         <name>.debug_line</name>
         <load_address>0x1a88</load_address>
         <run_address>0x1a88</run_address>
         <size>0xbf</size>
         <input_file_ref idref="fl-9"/>
      </object_component>
      <object_component id="oc-18a">
         <name>.debug_line</name>
         <load_address>0x1b47</load_address>
         <run_address>0x1b47</run_address>
         <size>0x21</size>
         <input_file_ref idref="fl-9"/>
      </object_component>
      <object_component id="oc-1c1">
         <name>.debug_line</name>
         <load_address>0x1b68</load_address>
         <run_address>0x1b68</run_address>
         <size>0x97</size>
         <input_file_ref idref="fl-12"/>
      </object_component>
      <object_component id="oc-150">
         <name>.debug_line</name>
         <load_address>0x1bff</load_address>
         <run_address>0x1bff</run_address>
         <size>0xa3</size>
         <input_file_ref idref="fl-12"/>
      </object_component>
      <object_component id="oc-1c9">
         <name>.debug_line</name>
         <load_address>0x1ca2</load_address>
         <run_address>0x1ca2</run_address>
         <size>0xe2</size>
         <input_file_ref idref="fl-12"/>
      </object_component>
      <object_component id="oc-1d0">
         <name>.debug_line</name>
         <load_address>0x1d84</load_address>
         <run_address>0x1d84</run_address>
         <size>0xc3</size>
         <input_file_ref idref="fl-12"/>
      </object_component>
      <object_component id="oc-23b">
         <name>.debug_line</name>
         <load_address>0x1e47</load_address>
         <run_address>0x1e47</run_address>
         <size>0xe3</size>
         <input_file_ref idref="fl-12"/>
      </object_component>
      <object_component id="oc-1a8">
         <name>.debug_line</name>
         <load_address>0x1f2a</load_address>
         <run_address>0x1f2a</run_address>
         <size>0x98</size>
         <input_file_ref idref="fl-13"/>
      </object_component>
      <object_component id="oc-10f">
         <name>.debug_line</name>
         <load_address>0x1fc2</load_address>
         <run_address>0x1fc2</run_address>
         <size>0xa2</size>
         <input_file_ref idref="fl-13"/>
      </object_component>
      <object_component id="oc-12d">
         <name>.debug_line</name>
         <load_address>0x2064</load_address>
         <run_address>0x2064</run_address>
         <size>0xb1</size>
         <input_file_ref idref="fl-13"/>
      </object_component>
      <object_component id="oc-115">
         <name>.debug_line</name>
         <load_address>0x2115</load_address>
         <run_address>0x2115</run_address>
         <size>0x9f</size>
         <input_file_ref idref="fl-13"/>
      </object_component>
      <object_component id="oc-121">
         <name>.debug_line</name>
         <load_address>0x21b4</load_address>
         <run_address>0x21b4</run_address>
         <size>0x9f</size>
         <input_file_ref idref="fl-13"/>
      </object_component>
      <object_component id="oc-11b">
         <name>.debug_line</name>
         <load_address>0x2253</load_address>
         <run_address>0x2253</run_address>
         <size>0x9f</size>
         <input_file_ref idref="fl-13"/>
      </object_component>
      <object_component id="oc-235">
         <name>.debug_line</name>
         <load_address>0x22f2</load_address>
         <run_address>0x22f2</run_address>
         <size>0xe4</size>
         <input_file_ref idref="fl-13"/>
      </object_component>
      <object_component id="oc-15e">
         <name>.debug_line</name>
         <load_address>0x23d6</load_address>
         <run_address>0x23d6</run_address>
         <size>0x9d</size>
         <input_file_ref idref="fl-14"/>
      </object_component>
      <object_component id="oc-131">
         <name>.debug_line</name>
         <load_address>0x2473</load_address>
         <run_address>0x2473</run_address>
         <size>0x9d</size>
         <input_file_ref idref="fl-14"/>
      </object_component>
      <object_component id="oc-13c">
         <name>.debug_line</name>
         <load_address>0x2510</load_address>
         <run_address>0x2510</run_address>
         <size>0xa3</size>
         <input_file_ref idref="fl-14"/>
      </object_component>
      <object_component id="oc-148">
         <name>.debug_line</name>
         <load_address>0x25b3</load_address>
         <run_address>0x25b3</run_address>
         <size>0x9b</size>
         <input_file_ref idref="fl-14"/>
      </object_component>
      <object_component id="oc-140">
         <name>.debug_line</name>
         <load_address>0x264e</load_address>
         <run_address>0x264e</run_address>
         <size>0x9b</size>
         <input_file_ref idref="fl-14"/>
      </object_component>
      <object_component id="oc-98">
         <name>.debug_line</name>
         <load_address>0x26e9</load_address>
         <run_address>0x26e9</run_address>
         <size>0xb8</size>
         <input_file_ref idref="fl-14"/>
      </object_component>
      <object_component id="oc-9f">
         <name>.debug_line</name>
         <load_address>0x27a1</load_address>
         <run_address>0x27a1</run_address>
         <size>0xb1</size>
         <input_file_ref idref="fl-14"/>
      </object_component>
      <object_component id="oc-b0">
         <name>.debug_line</name>
         <load_address>0x2852</load_address>
         <run_address>0x2852</run_address>
         <size>0xb1</size>
         <input_file_ref idref="fl-14"/>
      </object_component>
      <object_component id="oc-1bb">
         <name>.debug_line</name>
         <load_address>0x2903</load_address>
         <run_address>0x2903</run_address>
         <size>0x21</size>
         <input_file_ref idref="fl-14"/>
      </object_component>
      <object_component id="oc-19c">
         <name>.debug_line</name>
         <load_address>0x2924</load_address>
         <run_address>0x2924</run_address>
         <size>0x9d</size>
         <input_file_ref idref="fl-15"/>
      </object_component>
      <object_component id="oc-194">
         <name>.debug_line</name>
         <load_address>0x29c1</load_address>
         <run_address>0x29c1</run_address>
         <size>0x9a</size>
         <input_file_ref idref="fl-15"/>
      </object_component>
      <object_component id="oc-29c">
         <name>.debug_line</name>
         <load_address>0x2a5b</load_address>
         <run_address>0x2a5b</run_address>
         <size>0x9c</size>
         <input_file_ref idref="fl-15"/>
      </object_component>
      <object_component id="oc-2ae">
         <name>.debug_line</name>
         <load_address>0x2af7</load_address>
         <run_address>0x2af7</run_address>
         <size>0x9c</size>
         <input_file_ref idref="fl-15"/>
      </object_component>
      <object_component id="oc-287">
         <name>.debug_line</name>
         <load_address>0x2b93</load_address>
         <run_address>0x2b93</run_address>
         <size>0x9d</size>
         <input_file_ref idref="fl-15"/>
      </object_component>
      <object_component id="oc-26f">
         <name>.debug_line</name>
         <load_address>0x2c30</load_address>
         <run_address>0x2c30</run_address>
         <size>0x9d</size>
         <input_file_ref idref="fl-15"/>
      </object_component>
      <object_component id="oc-275">
         <name>.debug_line</name>
         <load_address>0x2ccd</load_address>
         <run_address>0x2ccd</run_address>
         <size>0xa1</size>
         <input_file_ref idref="fl-15"/>
      </object_component>
      <object_component id="oc-290">
         <name>.debug_line</name>
         <load_address>0x2d6e</load_address>
         <run_address>0x2d6e</run_address>
         <size>0xa2</size>
         <input_file_ref idref="fl-15"/>
      </object_component>
      <object_component id="oc-27e">
         <name>.debug_line</name>
         <load_address>0x2e10</load_address>
         <run_address>0x2e10</run_address>
         <size>0x9d</size>
         <input_file_ref idref="fl-15"/>
      </object_component>
      <object_component id="oc-2b9">
         <name>.debug_line</name>
         <load_address>0x2ead</load_address>
         <run_address>0x2ead</run_address>
         <size>0x9d</size>
         <input_file_ref idref="fl-15"/>
      </object_component>
      <object_component id="oc-280">
         <name>.debug_line</name>
         <load_address>0x2f4a</load_address>
         <run_address>0x2f4a</run_address>
         <size>0xa5</size>
         <input_file_ref idref="fl-15"/>
      </object_component>
      <object_component id="oc-295">
         <name>.debug_line</name>
         <load_address>0x2fef</load_address>
         <run_address>0x2fef</run_address>
         <size>0xa1</size>
         <input_file_ref idref="fl-15"/>
      </object_component>
      <object_component id="oc-fe">
         <name>.debug_line</name>
         <load_address>0x3090</load_address>
         <run_address>0x3090</run_address>
         <size>0xb4</size>
         <input_file_ref idref="fl-15"/>
      </object_component>
      <object_component id="oc-fb">
         <name>.debug_line</name>
         <load_address>0x3144</load_address>
         <run_address>0x3144</run_address>
         <size>0x19c</size>
         <input_file_ref idref="fl-15"/>
      </object_component>
      <object_component id="oc-22f">
         <name>.debug_line</name>
         <load_address>0x32e0</load_address>
         <run_address>0x32e0</run_address>
         <size>0xd0</size>
         <input_file_ref idref="fl-15"/>
      </object_component>
      <object_component id="oc-196">
         <name>.debug_line</name>
         <load_address>0x33b0</load_address>
         <run_address>0x33b0</run_address>
         <size>0xbe</size>
         <input_file_ref idref="fl-15"/>
      </object_component>
      <object_component id="oc-108">
         <name>.debug_line</name>
         <load_address>0x346e</load_address>
         <run_address>0x346e</run_address>
         <size>0xa1</size>
         <input_file_ref idref="fl-15"/>
      </object_component>
      <object_component id="oc-f5">
         <name>.debug_line</name>
         <load_address>0x350f</load_address>
         <run_address>0x350f</run_address>
         <size>0xc7</size>
         <input_file_ref idref="fl-15"/>
      </object_component>
      <object_component id="oc-228">
         <name>.debug_line</name>
         <load_address>0x35d6</load_address>
         <run_address>0x35d6</run_address>
         <size>0x14b</size>
         <input_file_ref idref="fl-15"/>
      </object_component>
      <object_component id="oc-23e">
         <name>.debug_line</name>
         <load_address>0x3721</load_address>
         <run_address>0x3721</run_address>
         <size>0x2e</size>
         <input_file_ref idref="fl-21"/>
      </object_component>
      <object_component id="oc-158">
         <name>.debug_line</name>
         <load_address>0x374f</load_address>
         <run_address>0x374f</run_address>
         <size>0xbf</size>
         <input_file_ref idref="fl-21"/>
      </object_component>
      <object_component id="oc-242">
         <name>.debug_line</name>
         <load_address>0x380e</load_address>
         <run_address>0x380e</run_address>
         <size>0x21</size>
         <input_file_ref idref="fl-21"/>
      </object_component>
      <object_component id="oc-cf">
         <name>.debug_line</name>
         <load_address>0x382f</load_address>
         <run_address>0x382f</run_address>
         <size>0x4f</size>
         <input_file_ref idref="fl-22"/>
      </object_component>
      <object_component id="oc-e0">
         <name>.debug_line</name>
         <load_address>0x387e</load_address>
         <run_address>0x387e</run_address>
         <size>0xc5</size>
         <input_file_ref idref="fl-23"/>
      </object_component>
      <object_component id="oc-1dc">
         <name>.debug_line</name>
         <load_address>0x3943</load_address>
         <run_address>0x3943</run_address>
         <size>0x61</size>
         <input_file_ref idref="fl-24"/>
      </object_component>
      <object_component id="oc-6b">
         <name>.debug_line</name>
         <load_address>0x39a4</load_address>
         <run_address>0x39a4</run_address>
         <size>0xa3</size>
         <input_file_ref idref="fl-25"/>
      </object_component>
      <object_component id="oc-75">
         <name>.debug_line</name>
         <load_address>0x3a47</load_address>
         <run_address>0x3a47</run_address>
         <size>0x4a</size>
         <input_file_ref idref="fl-26"/>
      </object_component>
      <object_component id="oc-b6">
         <name>.debug_line</name>
         <load_address>0x3a91</load_address>
         <run_address>0x3a91</run_address>
         <size>0xae</size>
         <input_file_ref idref="fl-27"/>
      </object_component>
      <object_component id="oc-1de">
         <name>.debug_line</name>
         <load_address>0x3b3f</load_address>
         <run_address>0x3b3f</run_address>
         <size>0x6d</size>
         <input_file_ref idref="fl-28"/>
      </object_component>
      <object_component id="oc-65">
         <name>.debug_line</name>
         <load_address>0x3bac</load_address>
         <run_address>0x3bac</run_address>
         <size>0x53</size>
         <input_file_ref idref="fl-2a"/>
      </object_component>
      <object_component id="oc-e4">
         <name>.debug_line</name>
         <load_address>0x3bff</load_address>
         <run_address>0x3bff</run_address>
         <size>0x59</size>
         <input_file_ref idref="fl-2b"/>
      </object_component>
      <object_component id="oc-7a">
         <name>.debug_line</name>
         <load_address>0x3c58</load_address>
         <run_address>0x3c58</run_address>
         <size>0x5f</size>
         <input_file_ref idref="fl-2c"/>
      </object_component>
      <object_component id="oc-70">
         <name>.debug_line</name>
         <load_address>0x3cb7</load_address>
         <run_address>0x3cb7</run_address>
         <size>0xb4</size>
         <input_file_ref idref="fl-2d"/>
      </object_component>
      <object_component id="oc-174">
         <name>.debug_line</name>
         <load_address>0x3d6b</load_address>
         <run_address>0x3d6b</run_address>
         <size>0x3f</size>
         <input_file_ref idref="fl-2e"/>
      </object_component>
      <object_component id="oc-245">
         <name>.debug_line</name>
         <load_address>0x3daa</load_address>
         <run_address>0x3daa</run_address>
         <size>0x21</size>
         <input_file_ref idref="fl-2e"/>
      </object_component>
      <object_component id="oc-1f1">
         <name>.debug_line</name>
         <load_address>0x3dcb</load_address>
         <run_address>0x3dcb</run_address>
         <size>0x74</size>
         <input_file_ref idref="fl-2f"/>
      </object_component>
      <object_component id="oc-2a1">
         <name>.debug_line</name>
         <load_address>0x3e3f</load_address>
         <run_address>0x3e3f</run_address>
         <size>0x21</size>
         <input_file_ref idref="fl-2f"/>
      </object_component>
      <object_component id="oc-4b">
         <name>.debug_line</name>
         <load_address>0x3e60</load_address>
         <run_address>0x3e60</run_address>
         <size>0x4d</size>
         <input_file_ref idref="fl-30"/>
      </object_component>
      <object_component id="oc-16c">
         <name>.debug_line</name>
         <load_address>0x3ead</load_address>
         <run_address>0x3ead</run_address>
         <size>0x21</size>
         <input_file_ref idref="fl-30"/>
      </object_component>
      <object_component id="oc-2a">
         <name>.debug_line</name>
         <load_address>0x3ece</load_address>
         <run_address>0x3ece</run_address>
         <size>0x57</size>
         <input_file_ref idref="fl-31"/>
      </object_component>
      <object_component id="oc-c3">
         <name>.debug_line</name>
         <load_address>0x3f25</load_address>
         <run_address>0x3f25</run_address>
         <size>0x21</size>
         <input_file_ref idref="fl-31"/>
      </object_component>
      <object_component id="oc-25">
         <name>.debug_line</name>
         <load_address>0x3f46</load_address>
         <run_address>0x3f46</run_address>
         <size>0x9a</size>
         <input_file_ref idref="fl-32"/>
      </object_component>
      <object_component id="oc-be">
         <name>.debug_line</name>
         <load_address>0x3fe0</load_address>
         <run_address>0x3fe0</run_address>
         <size>0x21</size>
         <input_file_ref idref="fl-32"/>
      </object_component>
      <object_component id="oc-260">
         <name>.debug_line</name>
         <load_address>0x4001</load_address>
         <run_address>0x4001</run_address>
         <size>0x2b</size>
         <input_file_ref idref="fl-33"/>
      </object_component>
[...]
         <value>0x154</value>
      </symbol>
      <symbol id="sm-2">
         <name>__TI_CINIT_Limit</name>
         <value>0x15c</value>
      </symbol>
      <symbol id="sm-3">
         <name>__TI_CINIT_Warm</name>
         <value>0x15c</value>
      </symbol>
      <symbol id="sm-4">
         <name>__TI_Handler_Table_Base</name>
         <value>0x14a</value>
      </symbol>
      <symbol id="sm-5">
         <name>__TI_Handler_Table_Limit</name>
         <value>0x150</value>
      </symbol>
      <symbol id="sm-6">
         <name>__TI_STACK_SIZE</name>
         <value>0x3f8</value>
      </symbol>
      <symbol id="sm-7">
         <name>__TI_STACK_END</name>
         <value>0x7f8</value>
      </symbol>
      <symbol id="sm-8">
         <name>__TI_pprof_out_hndl</name>
         <value>0xffffffff</value>
      </symbol>
      <symbol id="sm-9">
         <name>__TI_prof_data_start</name>
         <value>0xffffffff</value>
      </symbol>
      <symbol id="sm-a">
         <name>__TI_prof_data_size</name>
         <value>0xffffffff</value>
      </symbol>
      <symbol id="sm-71">
         <name>adcA1ISR</name>
         <value>0x86c9</value>
         <object_component_ref idref="oc-32"/>
      </symbol>
      <symbol id="sm-72">
         <name>GetAVG</name>
         <value>0x8c24</value>
         <object_component_ref idref="oc-33"/>
      </symbol>
      <symbol id="sm-73">
         <name>updateCompare</name>
         <value>0x8c14</value>
         <object_component_ref idref="oc-33"/>
      </symbol>
      <symbol id="sm-74">
         <name>epwm5ISR</name>
         <value>0x87bf</value>
         <object_component_ref idref="oc-32"/>
      </symbol>
      <symbol id="sm-75">
         <name>main</name>
         <value>0x8bd7</value>
         <object_component_ref idref="oc-33"/>
      </symbol>
      <symbol id="sm-a4">
         <name>PinMux_init</name>
         <value>0xb1a5</value>
         <object_component_ref idref="oc-91"/>
      </symbol>
      <symbol id="sm-a5">
         <name>Board_init</name>
         <value>0xb19c</value>
         <object_component_ref idref="oc-91"/>
      </symbol>
      <symbol id="sm-a6">
         <name>SYNC_init</name>
         <value>0xb5ca</value>
         <object_component_ref idref="oc-91"/>
      </symbol>
      <symbol id="sm-a7">
         <name>EPWM_init</name>
         <value>0xb24f</value>
         <object_component_ref idref="oc-91"/>
      </symbol>
      <symbol id="sm-b7">
         <name>code_start</name>
         <value>0x0</value>
         <object_component_ref idref="oc-2d"/>
      </symbol>
      <symbol id="sm-e9">
         <name>Device_enableAllPeripherals</name>
         <value>0x80ed</value>
         <object_component_ref idref="oc-8b"/>
      </symbol>
      <symbol id="sm-ea">
         <name>Device_initGPIO</name>
         <value>0x81d8</value>
         <object_component_ref idref="oc-8b"/>
      </symbol>
      <symbol id="sm-eb">
         <name>Example_Fail</name>
         <value>0xabf0</value>
         <object_component_ref idref="oc-122"/>
      </symbol>
      <symbol id="sm-ec">
         <name>Example_setResultFail</name>
         <value>0x83f6</value>
         <object_component_ref idref="oc-8b"/>
      </symbol>
      <symbol id="sm-ed">
         <name>Device_bootCPU2</name>
         <value>0x8270</value>
         <object_component_ref idref="oc-8b"/>
      </symbol>
      <symbol id="sm-ee">
         <name>Device_init</name>
         <value>0x80ab</value>
         <object_component_ref idref="oc-8b"/>
      </symbol>
      <symbol id="sm-ef">
         <name>Example_Result</name>
         <value>0xabec</value>
         <object_component_ref idref="oc-122"/>
      </symbol>
      <symbol id="sm-f0">
         <name>Device_enableUnbondedGPIOPullups</name>
         <value>0x8229</value>
         <object_component_ref idref="oc-8b"/>
      </symbol>
      <symbol id="sm-f1">
         <name>__error__</name>
         <value>0x83ea</value>
         <object_component_ref idref="oc-8b"/>
      </symbol>
      <symbol id="sm-f2">
         <name>Example_setResultPass</name>
         <value>0x83f1</value>
         <object_component_ref idref="oc-8b"/>
      </symbol>
      <symbol id="sm-f3">
         <name>Device_configureTMXAnalogTrim</name>
         <value>0x823f</value>
         <object_component_ref idref="oc-8b"/>
      </symbol>
      <symbol id="sm-f4">
         <name>Device_enableUnbondedGPIOPullupsFor176Pin</name>
         <value>0x81f9</value>
         <object_component_ref idref="oc-8b"/>
      </symbol>
      <symbol id="sm-f5">
         <name>Example_done</name>
         <value>0x83fb</value>
         <object_component_ref idref="oc-8b"/>
      </symbol>
      <symbol id="sm-f6">
         <name>Example_PassCount</name>
         <value>0xabee</value>
         <object_component_ref idref="oc-122"/>
      </symbol>
      <symbol id="sm-f7">
         <name>Device_enableUnbondedGPIOPullupsFor100Pin</name>
         <value>0x820c</value>
         <object_component_ref idref="oc-8b"/>
      </symbol>
      <symbol id="sm-13c">
         <name>initADCSOC</name>
         <value>0x8a60</value>
         <object_component_ref idref="oc-a9"/>
      </symbol>
      <symbol id="sm-13d">
         <name>initEPWMCInterrupts</name>
         <value>0x8a40</value>
         <object_component_ref idref="oc-a9"/>
      </symbol>
      <symbol id="sm-188">
         <name>avgBvalue</name>
         <value>0xac02</value>
         <object_component_ref idref="oc-81"/>
      </symbol>
      <symbol id="sm-189">
         <name>EPWMC_TIMER_TBPRD</name>
         <value>0xabe5</value>
         <object_component_ref idref="oc-84"/>
      </symbol>
      <symbol id="sm-18a">
         <name>avgAvalue</name>
         <value>0xac01</value>
         <object_component_ref idref="oc-81"/>
      </symbol>
      <symbol id="sm-18b">
         <name>upDuty</name>
         <value>0xabe8</value>
         <object_component_ref idref="oc-84"/>
      </symbol>
      <symbol id="sm-18c">
         <name>EPWM4_TIMER_TBPRD</name>
         <value>0xabe7</value>
         <object_component_ref idref="oc-84"/>
      </symbol>
      <symbol id="sm-18d">
         <name>initEPWMC</name>
         <value>0x85dc</value>
         <object_component_ref idref="oc-a3"/>
      </symbol>
      <symbol id="sm-18e">
         <name>initEPWM4</name>
         <value>0x863c</value>
         <object_component_ref idref="oc-a3"/>
      </symbol>
      <symbol id="sm-18f">
         <name>indexPWM</name>
         <value>0xabea</value>
         <object_component_ref idref="oc-84"/>
      </symbol>
      <symbol id="sm-190">
         <name>adcAResults</name>
         <value>0xac08</value>
         <object_component_ref idref="oc-5b"/>
      </symbol>
      <symbol id="sm-191">
         <name>epwmTimerIntCount</name>
         <value>0xabeb</value>
         <object_component_ref idref="oc-84"/>
      </symbol>
      <symbol id="sm-192">
         <name>realValueA</name>
         <value>0xac04</value>
         <object_component_ref idref="oc-81"/>
      </symbol>
      <symbol id="sm-193">
         <name>realValueB</name>
         <value>0xac06</value>
         <object_component_ref idref="oc-81"/>
      </symbol>
      <symbol id="sm-194">
         <name>coordinatorDutyC</name>
         <value>0xabe6</value>
         <object_component_ref idref="oc-84"/>
      </symbol>
      <symbol id="sm-195">
         <name>configureADC</name>
         <value>0x85c2</value>
         <object_component_ref idref="oc-a3"/>
      </symbol>
      <symbol id="sm-196">
         <name>adcBResults</name>
         <value>0xac0d</value>
         <object_component_ref idref="oc-5e"/>
      </symbol>
      <symbol id="sm-197">
         <name>downDuty</name>
         <value>0xabe9</value>
         <object_component_ref idref="oc-84"/>
      </symbol>
      <symbol id="sm-198">
         <name>getCMAP</name>
         <value>0x8699</value>
         <object_component_ref idref="oc-a3"/>
      </symbol>
      <symbol id="sm-199">
         <name>indexADC</name>
         <value>0xac00</value>
         <object_component_ref idref="oc-81"/>
      </symbol>
      <symbol id="sm-19a">
         <name>RESULTS_BUFFER_SIZE</name>
         <value>0xabe4</value>
         <object_component_ref idref="oc-84"/>
      </symbol>
      <symbol id="sm-1b4">
         <name>vRef</name>
         <value>0xabc8</value>
         <object_component_ref idref="oc-87"/>
      </symbol>
      <symbol id="sm-1b5">
         <name>currentPower</name>
         <value>0xabca</value>
         <object_component_ref idref="oc-87"/>
      </symbol>
      <symbol id="sm-1b6">
         <name>error</name>
         <value>0xabd6</value>
         <object_component_ref idref="oc-87"/>
      </symbol>
      <symbol id="sm-1b7">
         <name>step</name>
         <value>0xabc6</value>
         <object_component_ref idref="oc-87"/>
      </symbol>
      <symbol id="sm-1b8">
         <name>maxOut</name>
         <value>0xabe0</value>
         <object_component_ref idref="oc-87"/>
      </symbol>
      <symbol id="sm-1b9">
         <name>m</name>
         <value>0xabc4</value>
         <object_component_ref idref="oc-87"/>
      </symbol>
      <symbol id="sm-1ba">
         <name>e</name>
         <value>0xabc2</value>
         <object_component_ref idref="oc-87"/>
      </symbol>
      <symbol id="sm-1bb">
         <name>errorPrev</name>
         <value>0xabd8</value>
         <object_component_ref idref="oc-87"/>
      </symbol>
      <symbol id="sm-1bc">
         <name>ts</name>
         <value>0xabde</value>
         <object_component_ref idref="oc-87"/>
      </symbol>
      <symbol id="sm-1bd">
         <name>integral</name>
         <value>0xabdc</value>
         <object_component_ref idref="oc-87"/>
      </symbol>
      <symbol id="sm-1be">
         <name>getMPPT</name>
         <value>0x8c48</value>
         <object_component_ref idref="oc-7b"/>
      </symbol>
      <symbol id="sm-1bf">
         <name>powerDifference</name>
         <value>0xabce</value>
         <object_component_ref idref="oc-87"/>
      </symbol>
      <symbol id="sm-1c0">
         <name>kp</name>
         <value>0xabd2</value>
         <object_component_ref idref="oc-87"/>
      </symbol>
      <symbol id="sm-1c1">
         <name>ki</name>
         <value>0xabd4</value>
         <object_component_ref idref="oc-87"/>
      </symbol>
      <symbol id="sm-1c2">
         <name>piController</name>
         <value>0x8c9e</value>
         <object_component_ref idref="oc-7b"/>
      </symbol>
      <symbol id="sm-1c3">
         <name>controlOut</name>
         <value>0xabd0</value>
         <object_component_ref idref="oc-87"/>
      </symbol>
      <symbol id="sm-1c4">
         <name>proportional</name>
         <value>0xabda</value>
         <object_component_ref idref="oc-87"/>
      </symbol>
      <symbol id="sm-1c5">
         <name>minOut</name>
         <value>0xabe2</value>
         <object_component_ref idref="oc-87"/>
      </symbol>
      <symbol id="sm-1c6">
         <name>slope</name>
         <value>0xabc3</value>
         <object_component_ref idref="oc-87"/>
      </symbol>
      <symbol id="sm-1c7">
         <name>previousPower</name>
         <value>0xabcc</value>
         <object_component_ref idref="oc-87"/>
      </symbol>
      <symbol id="sm-208">
         <name>ADC_setOffsetTrim</name>
         <value>0x91e2</value>
         <object_component_ref idref="oc-1cd"/>
      </symbol>
      <symbol id="sm-209">
         <name>ADC_setMode</name>
         <value>0x9477</value>
         <object_component_ref idref="oc-14c"/>
      </symbol>
      <symbol id="sm-20a">
         <name>ADC_setINLTrim</name>
         <value>0x910b</value>
         <object_component_ref idref="oc-1c7"/>
      </symbol>
      <symbol id="sm-24c">
         <name>GPIO_setQualificationMode</name>
         <value>0x93d8</value>
         <object_component_ref idref="oc-110"/>
      </symbol>
      <symbol id="sm-24d">
         <name>GPIO_setPadConfig</name>
         <value>0x9242</value>
         <object_component_ref idref="oc-128"/>
      </symbol>
      <symbol id="sm-24e">
         <name>GPIO_setDirectionMode</name>
         <value>0x9446</value>
         <object_component_ref idref="oc-10a"/>
      </symbol>
      <symbol id="sm-24f">
         <name>GPIO_setPinConfig</name>
         <value>0x93a1</value>
         <object_component_ref idref="oc-116"/>
      </symbol>
      <symbol id="sm-250">
         <name>GPIO_setControllerCore</name>
         <value>0x936a</value>
         <object_component_ref idref="oc-11c"/>
      </symbol>
      <symbol id="sm-2a2">
         <name>Interrupt_initModule</name>
         <value>0x932d</value>
         <object_component_ref idref="oc-97"/>
      </symbol>
      <symbol id="sm-2a3">
         <name>Interrupt_enable</name>
         <value>0x940f</value>
         <object_component_ref idref="oc-af"/>
      </symbol>
      <symbol id="sm-2a4">
         <name>Interrupt_initVectorTable</name>
         <value>0x958a</value>
         <object_component_ref idref="oc-9d"/>
      </symbol>
      <symbol id="sm-37d">
         <name>SysCtl_delay</name>
         <value>0x123</value>
         <object_component_ref idref="oc-152"/>
      </symbol>
      <symbol id="sm-37e">
         <name>SysCtl_getDeviceParametric</name>
         <value>0x917a</value>
         <object_component_ref idref="oc-f1"/>
      </symbol>
      <symbol id="sm-37f">
         <name>SysCtl_selectXTAL</name>
         <value>0x8f49</value>
         <object_component_ref idref="oc-22b"/>
      </symbol>
      <symbol id="sm-380">
         <name>SysCtl_selectOscSource</name>
         <value>0x92e5</value>
         <object_component_ref idref="oc-195"/>
      </symbol>
      <symbol id="sm-381">
         <name>SysCtl_getLowSpeedClock</name>
         <value>0x9616</value>
         <object_component_ref idref="oc-104"/>
      </symbol>
      <symbol id="sm-382">
         <name>SysCtl_setClock</name>
         <value>0xb5e8</value>
         <object_component_ref idref="oc-f7"/>
      </symbol>
      <symbol id="sm-383">
         <name>SysCtl_getClock</name>
         <value>0x9294</value>
         <object_component_ref idref="oc-fd"/>
      </symbol>
      <symbol id="sm-3a6">
         <name>floorl</name>
         <value>0x8d3a</value>
         <object_component_ref idref="oc-153"/>
      </symbol>
      <symbol id="sm-3a7">
         <name>floor</name>
         <value>0x8d3a</value>
         <object_component_ref idref="oc-153"/>
      </symbol>
      <symbol id="sm-3b1">
         <name>_c_int00</name>
         <value>0x965f</value>
         <object_component_ref idref="oc-ce"/>
      </symbol>
      <symbol id="sm-3b2">
         <name>__stack</name>
         <value>0x400</value>
         <object_component_ref idref="oc-3e"/>
      </symbol>
      <symbol id="sm-3c9">
         <name>__c28xabi_addd</name>
         <value>0x8e22</value>
         <object_component_ref idref="oc-dc"/>
      </symbol>
      <symbol id="sm-3d5">
         <name>__c28xabi_cmpd</name>
         <value>0x94d4</value>
         <object_component_ref idref="oc-1d8"/>
      </symbol>
      <symbol id="sm-3e3">
         <name>__c28xabi_mpyd</name>
         <value>0x9088</value>
         <object_component_ref idref="oc-67"/>
      </symbol>
      <symbol id="sm-3eb">
         <name>__c28xabi_subd</name>
         <value>0x96ef</value>
         <object_component_ref idref="oc-71"/>
      </symbol>
      <symbol id="sm-3f8">
         <name>__c28xabi_divf</name>
         <value>0x9000</value>
         <object_component_ref idref="oc-b5"/>
      </symbol>
      <symbol id="sm-400">
         <name>__c28xabi_orll</name>
         <value>0x9638</value>
         <object_component_ref idref="oc-1dd"/>
      </symbol>
      <symbol id="sm-401">
         <name>__c28xabi_xorll</name>
         <value>0x9640</value>
         <object_component_ref idref="oc-1dd"/>
      </symbol>
      <symbol id="sm-402">
         <name>__c28xabi_andll</name>
         <value>0x9630</value>
         <object_component_ref idref="oc-1dd"/>
      </symbol>
      <symbol id="sm-410">
         <name>__c28xabi_utod</name>
         <value>0x9676</value>
         <object_component_ref idref="oc-61"/>
      </symbol>
      <symbol id="sm-41c">
         <name>__c28xabi_ftod</name>
         <value>0x95c5</value>
         <object_component_ref idref="oc-e3"/>
      </symbol>
      <symbol id="sm-428">
         <name>__c28xabi_dtof</name>
         <value>0x9527</value>
         <object_component_ref idref="oc-76"/>
      </symbol>
      <symbol id="sm-43b">
         <name>__c28xabi_divd</name>
         <value>0x8ebe</value>
         <object_component_ref idref="oc-6c"/>
      </symbol>
      <symbol id="sm-448">
         <name>_system_pre_init</name>
         <value>0x9764</value>
         <object_component_ref idref="oc-170"/>
      </symbol>
      <symbol id="sm-457">
         <name>__TI_auto_init_nobinit_nopinit</name>
         <value>0x8fd3</value>
         <object_component_ref idref="oc-1ed"/>
      </symbol>
      <symbol id="sm-466">
         <name>__TI_zero_init_nomemset</name>
         <value>0x9717</value>
         <object_component_ref idref="oc-49"/>
      </symbol>
      <symbol id="sm-473">
         <name>__TI_decompress_none</name>
         <value>0x9755</value>
         <object_component_ref idref="oc-26"/>
      </symbol>
      <symbol id="sm-487">
         <name>__TI_decompress_lzss</name>
         <value>0x94a6</value>
         <object_component_ref idref="oc-20"/>
      </symbol>
      <symbol id="sm-49d">
         <name>C$$EXIT</name>
         <value>0x94fe</value>
         <object_component_ref idref="oc-17d"/>
      </symbol>
      <symbol id="sm-49e">
         <name>abort</name>
         <value>0x94fe</value>
         <object_component_ref idref="oc-17d"/>
      </symbol>
      <symbol id="sm-49f">
         <name>exit</name>
         <value>0x9500</value>
         <object_component_ref idref="oc-17d"/>
      </symbol>
      <symbol id="sm-4a0">
         <name>__TI_dtors_ptr</name>
         <value>0xabf6</value>
         <object_component_ref idref="oc-21f"/>
      </symbol>
      <symbol id="sm-4a1">
         <name>__TI_cleanup_ptr</name>
         <value>0xabf4</value>
         <object_component_ref idref="oc-21f"/>
      </symbol>
      <symbol id="sm-4a2">
         <name>__TI_enable_exit_profile_output</name>
         <value>0xabf2</value>
         <object_component_ref idref="oc-21f"/>
      </symbol>
      <symbol id="sm-4b9">
         <name>_nop</name>
         <value>0x974c</value>
         <object_component_ref idref="oc-261"/>
      </symbol>
      <symbol id="sm-4ba">
         <name>_lock</name>
         <value>0xabf8</value>
         <object_component_ref idref="oc-222"/>
      </symbol>
      <symbol id="sm-4bb">
         <name>_unlock</name>
         <value>0xabfa</value>
         <object_component_ref idref="oc-2a5"/>
      </symbol>
      <symbol id="sm-4bc">
         <name>_register_lock</name>
         <value>0x9748</value>
         <object_component_ref idref="oc-261"/>
      </symbol>
      <symbol id="sm-4bd">
         <name>_register_unlock</name>
         <value>0x9744</value>
         <object_component_ref idref="oc-261"/>
      </symbol>
      <symbol id="sm-4cc">
         <name>_args_main</name>
         <value>0x9724</value>
         <object_component_ref idref="oc-177"/>
      </symbol>
      <symbol id="sm-4e0">
         <name>memcpy</name>
         <value>0x95a8</value>
         <object_component_ref idref="oc-41"/>
      </symbol>
      <symbol id="sm-4ed">
         <name>_system_post_cinit</name>
         <value>0x87ff</value>
         <object_component_ref idref="oc-247"/>
      </symbol>
      <symbol id="sm-4ef">
         <name>__c_args__</name>
         <value>0x0</value>
      </symbol>
   </symbol_table>
   <title>Link successful</title>
</link_info>
