<?xml version="1.0" encoding="ISO-8859-1" ?>
<link_info>
   <banner>TMS320C2000 Linker PC v22.6.0.LTS</banner>
   <copyright>Copyright (c) 1996-2018 Texas Instruments Incorporated</copyright>
   <link_time>0x6424c49b</link_time>
   <link_errors>0x0</link_errors>
   <output_file>mppt_interrups_epw.out</output_file>
   <entry_point>
      <name>code_start</name>
      <address>0x0</address>
   </entry_point>
   <input_file_list>
      <input_file id="fl-2">
         <path>.\</path>
         <kind>object</kind>
         <file>Mppt.obj</file>
         <name>Mppt.obj</name>
      </input_file>
      <input_file id="fl-3">
         <path>.\syscfg\</path>
         <kind>object</kind>
         <file>board.obj</file>
         <name>board.obj</name>
      </input_file>
      <input_file id="fl-4">
         <path>.\syscfg\</path>
         <kind>object</kind>
         <file>c2000ware_libraries.obj</file>
         <name>c2000ware_libraries.obj</name>
      </input_file>
      <input_file id="fl-5">
         <path>.\device\</path>
         <kind>object</kind>
         <file>F2837xD_CodeStartBranch.obj</file>
         <name>F2837xD_CodeStartBranch.obj</name>
      </input_file>
      <input_file id="fl-6">
         <path>.\device\</path>
         <kind>object</kind>
         <file>device.obj</file>
         <name>device.obj</name>
      </input_file>
      <input_file id="fl-b">
         <kind>object</kind>
         <file>&lt;internal&gt;</file>
         <name>&lt;internal&gt;</name>
      </input_file>
      <input_file id="fl-f">
         <path>C:\ti\C2000Ware_4_03_00_00\driverlib\f2837xd\driverlib\ccs\Debug\</path>
         <kind>archive</kind>
         <file>driverlib_eabi.lib</file>
         <name>adc.obj</name>
      </input_file>
      <input_file id="fl-10">
         <path>C:\ti\C2000Ware_4_03_00_00\driverlib\f2837xd\driverlib\ccs\Debug\</path>
         <kind>archive</kind>
         <file>driverlib_eabi.lib</file>
         <name>gpio.obj</name>
      </input_file>
      <input_file id="fl-11">
         <path>C:\ti\C2000Ware_4_03_00_00\driverlib\f2837xd\driverlib\ccs\Debug\</path>
         <kind>archive</kind>
         <file>driverlib_eabi.lib</file>
         <name>interrupt.obj</name>
      </input_file>
      <input_file id="fl-12">
         <path>C:\ti\C2000Ware_4_03_00_00\driverlib\f2837xd\driverlib\ccs\Debug\</path>
         <kind>archive</kind>
         <file>driverlib_eabi.lib</file>
         <name>sysctl.obj</name>
      </input_file>
      <input_file id="fl-1e">
         <path>C:\ti\ccs1210\ccs\tools\compiler\ti-cgt-c2000_22.6.0.LTS\lib\</path>
         <kind>archive</kind>
         <file>rts2800_fpu32_eabi.lib</file>
         <name>s_floor.c.obj</name>
      </input_file>
      <input_file id="fl-1f">
         <path>C:\ti\ccs1210\ccs\tools\compiler\ti-cgt-c2000_22.6.0.LTS\lib\</path>
         <kind>archive</kind>
         <file>rts2800_fpu32_eabi.lib</file>
         <name>boot28.asm.obj</name>
      </input_file>
      <input_file id="fl-20">
         <path>C:\ti\ccs1210\ccs\tools\compiler\ti-cgt-c2000_22.6.0.LTS\lib\</path>
         <kind>archive</kind>
         <file>rts2800_fpu32_eabi.lib</file>
         <name>fd_add28.asm.obj</name>
      </input_file>
      <input_file id="fl-21">
         <path>C:\ti\ccs1210\ccs\tools\compiler\ti-cgt-c2000_22.6.0.LTS\lib\</path>
         <kind>archive</kind>
         <file>rts2800_fpu32_eabi.lib</file>
         <name>fd_cmp28.asm.obj</name>
      </input_file>
      <input_file id="fl-22">
         <path>C:\ti\ccs1210\ccs\tools\compiler\ti-cgt-c2000_22.6.0.LTS\lib\</path>
         <kind>archive</kind>
         <file>rts2800_fpu32_eabi.lib</file>
         <name>fd_mpy28.asm.obj</name>
      </input_file>
      <input_file id="fl-23">
         <path>C:\ti\ccs1210\ccs\tools\compiler\ti-cgt-c2000_22.6.0.LTS\lib\</path>
         <kind>archive</kind>
         <file>rts2800_fpu32_eabi.lib</file>
         <name>fd_sub28.asm.obj</name>
      </input_file>
      <input_file id="fl-24">
         <path>C:\ti\ccs1210\ccs\tools\compiler\ti-cgt-c2000_22.6.0.LTS\lib\</path>
         <kind>archive</kind>
         <file>rts2800_fpu32_eabi.lib</file>
         <name>fs_div28.asm.obj</name>
      </input_file>
      <input_file id="fl-25">
         <path>C:\ti\ccs1210\ccs\tools\compiler\ti-cgt-c2000_22.6.0.LTS\lib\</path>
         <kind>archive</kind>
         <file>rts2800_fpu32_eabi.lib</file>
         <name>ll_aox28.asm.obj</name>
      </input_file>
      <input_file id="fl-26">
         <path>C:\ti\ccs1210\ccs\tools\compiler\ti-cgt-c2000_22.6.0.LTS\lib\</path>
         <kind>archive</kind>
         <file>rts2800_fpu32_eabi.lib</file>
         <name>ll_cmp28.asm.obj</name>
      </input_file>
      <input_file id="fl-27">
         <path>C:\ti\ccs1210\ccs\tools\compiler\ti-cgt-c2000_22.6.0.LTS\lib\</path>
         <kind>archive</kind>
         <file>rts2800_fpu32_eabi.lib</file>
         <name>i_div28.asm.obj</name>
      </input_file>
      <input_file id="fl-28">
         <path>C:\ti\ccs1210\ccs\tools\compiler\ti-cgt-c2000_22.6.0.LTS\lib\</path>
         <kind>archive</kind>
         <file>rts2800_fpu32_eabi.lib</file>
         <name>u_tofd28.asm.obj</name>
      </input_file>
      <input_file id="fl-29">
         <path>C:\ti\ccs1210\ccs\tools\compiler\ti-cgt-c2000_22.6.0.LTS\lib\</path>
         <kind>archive</kind>
         <file>rts2800_fpu32_eabi.lib</file>
         <name>fs_tofdfpu32.asm.obj</name>
      </input_file>
      <input_file id="fl-2a">
         <path>C:\ti\ccs1210\ccs\tools\compiler\ti-cgt-c2000_22.6.0.LTS\lib\</path>
         <kind>archive</kind>
         <file>rts2800_fpu32_eabi.lib</file>
         <name>fd_tofsfpu32.asm.obj</name>
      </input_file>
      <input_file id="fl-2b">
         <path>C:\ti\ccs1210\ccs\tools\compiler\ti-cgt-c2000_22.6.0.LTS\lib\</path>
         <kind>archive</kind>
         <file>rts2800_fpu32_eabi.lib</file>
         <name>fd_div28.asm.obj</name>
      </input_file>
      <input_file id="fl-2c">
         <path>C:\ti\ccs1210\ccs\tools\compiler\ti-cgt-c2000_22.6.0.LTS\lib\</path>
         <kind>archive</kind>
         <file>rts2800_fpu32_eabi.lib</file>
         <name>pre_init.c.obj</name>
      </input_file>
      <input_file id="fl-2d">
         <path>C:\ti\ccs1210\ccs\tools\compiler\ti-cgt-c2000_22.6.0.LTS\lib\</path>
         <kind>archive</kind>
         <file>rts2800_fpu32_eabi.lib</file>
         <name>autoinit.c.obj</name>
      </input_file>
      <input_file id="fl-2e">
         <path>C:\ti\ccs1210\ccs\tools\compiler\ti-cgt-c2000_22.6.0.LTS\lib\</path>
         <kind>archive</kind>
         <file>rts2800_fpu32_eabi.lib</file>
         <name>copy_zero_init.c.obj</name>
      </input_file>
      <input_file id="fl-2f">
         <path>C:\ti\ccs1210\ccs\tools\compiler\ti-cgt-c2000_22.6.0.LTS\lib\</path>
         <kind>archive</kind>
         <file>rts2800_fpu32_eabi.lib</file>
         <name>copy_decompress_none.c.obj</name>
      </input_file>
      <input_file id="fl-30">
         <path>C:\ti\ccs1210\ccs\tools\compiler\ti-cgt-c2000_22.6.0.LTS\lib\</path>
         <kind>archive</kind>
         <file>rts2800_fpu32_eabi.lib</file>
         <name>copy_decompress_lzss.c.obj</name>
      </input_file>
      <input_file id="fl-31">
         <path>C:\ti\ccs1210\ccs\tools\compiler\ti-cgt-c2000_22.6.0.LTS\lib\</path>
         <kind>archive</kind>
         <file>rts2800_fpu32_eabi.lib</file>
         <name>exit.c.obj</name>
      </input_file>
      <input_file id="fl-32">
         <path>C:\ti\ccs1210\ccs\tools\compiler\ti-cgt-c2000_22.6.0.LTS\lib\</path>
         <kind>archive</kind>
         <file>rts2800_fpu32_eabi.lib</file>
         <name>_lock.c.obj</name>
      </input_file>
      <input_file id="fl-33">
         <path>C:\ti\ccs1210\ccs\tools\compiler\ti-cgt-c2000_22.6.0.LTS\lib\</path>
         <kind>archive</kind>
         <file>rts2800_fpu32_eabi.lib</file>
         <name>args_main.c.obj</name>
      </input_file>
      <input_file id="fl-34">
         <path>C:\ti\ccs1210\ccs\tools\compiler\ti-cgt-c2000_22.6.0.LTS\lib\</path>
         <kind>archive</kind>
         <file>rts2800_fpu32_eabi.lib</file>
         <name>memset.c.obj</name>
      </input_file>
      <input_file id="fl-35">
         <path>C:\ti\ccs1210\ccs\tools\compiler\ti-cgt-c2000_22.6.0.LTS\lib\</path>
         <kind>archive</kind>
         <file>rts2800_fpu32_eabi.lib</file>
         <name>cpy_tbl.c.obj</name>
      </input_file>
      <input_file id="fl-36">
         <path>C:\ti\ccs1210\ccs\tools\compiler\ti-cgt-c2000_22.6.0.LTS\lib\</path>
         <kind>archive</kind>
         <file>rts2800_fpu32_eabi.lib</file>
         <name>memcpy.c.obj</name>
      </input_file>
      <input_file id="fl-37">
         <path>C:\ti\ccs1210\ccs\tools\compiler\ti-cgt-c2000_22.6.0.LTS\lib\</path>
         <kind>archive</kind>
         <file>rts2800_fpu32_eabi.lib</file>
         <name>startup.c.obj</name>
      </input_file>
   </input_file_list>
   <object_component_list>
      <object_component id="oc-2d">
         <name>codestart</name>
         <load_address>0x0</load_address>
         <run_address>0x0</run_address>
         <size>0x2</size>
         <input_file_ref idref="fl-5"/>
      </object_component>
      <object_component id="oc-80">
         <name>.text</name>
         <load_address>0x8000</load_address>
         <run_address>0x8000</run_address>
         <size>0x5e8</size>
         <input_file_ref idref="fl-3"/>
      </object_component>
      <object_component id="oc-eb">
         <name>.text:SysCtl_setClock</name>
         <load_address>0x85e8</load_address>
         <run_address>0x85e8</run_address>
         <size>0x206</size>
         <input_file_ref idref="fl-12"/>
      </object_component>
      <object_component id="oc-262">
         <name>.text:CPUTimer_clearOverflowFlag</name>
         <load_address>0x87ee</load_address>
         <run_address>0x87ee</run_address>
         <size>0x12</size>
         <input_file_ref idref="fl-12"/>
      </object_component>
      <object_component id="oc-7a">
         <name>.text</name>
         <load_address>0x8800</load_address>
         <run_address>0x8800</run_address>
         <size>0x3fc</size>
         <input_file_ref idref="fl-6"/>
      </object_component>
      <object_component id="oc-32">
         <name>.text:retain</name>
         <load_address>0x8bfc</load_address>
         <run_address>0x8bfc</run_address>
         <size>0xd6</size>
         <input_file_ref idref="fl-2"/>
      </object_component>
      <object_component id="oc-6c">
         <name>.text</name>
         <load_address>0x8cd2</load_address>
         <run_address>0x8cd2</run_address>
         <size>0x8b</size>
         <input_file_ref idref="fl-2b"/>
      </object_component>
      <object_component id="oc-215">
         <name>.text:SysCtl_selectXTAL</name>
         <load_address>0x8d5d</load_address>
         <run_address>0x8d5d</run_address>
         <size>0x8a</size>
         <input_file_ref idref="fl-12"/>
      </object_component>
      <object_component id="oc-a4">
         <name>.text</name>
         <load_address>0x8de7</load_address>
         <run_address>0x8de7</run_address>
         <size>0x88</size>
         <input_file_ref idref="fl-24"/>
      </object_component>
      <object_component id="oc-67">
         <name>.text</name>
         <load_address>0x8e6f</load_address>
         <run_address>0x8e6f</run_address>
         <size>0x83</size>
         <input_file_ref idref="fl-22"/>
      </object_component>
      <object_component id="oc-14d">
         <name>.text:ADC_setINLTrim</name>
         <load_address>0x8ef2</load_address>
         <run_address>0x8ef2</run_address>
         <size>0x6f</size>
         <input_file_ref idref="fl-f"/>
      </object_component>
      <object_component id="oc-e5">
         <name>.text:SysCtl_getDeviceParametric</name>
         <load_address>0x8f61</load_address>
         <run_address>0x8f61</run_address>
         <size>0x68</size>
         <input_file_ref idref="fl-12"/>
      </object_component>
      <object_component id="oc-110">
         <name>.text:GPIO_setControllerCore</name>
         <load_address>0x8fc9</load_address>
         <run_address>0x8fc9</run_address>
         <size>0x37</size>
         <input_file_ref idref="fl-10"/>
      </object_component>
      <object_component id="oc-153">
         <name>.text:ADC_setOffsetTrim</name>
         <load_address>0x9000</load_address>
         <run_address>0x9000</run_address>
         <size>0x60</size>
         <input_file_ref idref="fl-f"/>
      </object_component>
      <object_component id="oc-11c">
         <name>.text:GPIO_setPadConfig</name>
         <load_address>0x9060</load_address>
         <run_address>0x9060</run_address>
         <size>0x52</size>
         <input_file_ref idref="fl-10"/>
      </object_component>
      <object_component id="oc-f1">
         <name>.text:SysCtl_getClock</name>
         <load_address>0x90b2</load_address>
         <run_address>0x90b2</run_address>
         <size>0x51</size>
         <input_file_ref idref="fl-12"/>
      </object_component>
      <object_component id="oc-199">
         <name>.text:SysCtl_selectOscSource</name>
         <load_address>0x9103</load_address>
         <run_address>0x9103</run_address>
         <size>0x48</size>
         <input_file_ref idref="fl-12"/>
      </object_component>
      <object_component id="oc-86">
         <name>.text:Interrupt_initModule</name>
         <load_address>0x914b</load_address>
         <run_address>0x914b</run_address>
         <size>0x3d</size>
         <input_file_ref idref="fl-11"/>
      </object_component>
      <object_component id="oc-10a">
         <name>.text:GPIO_setPinConfig</name>
         <load_address>0x9188</load_address>
         <run_address>0x9188</run_address>
         <size>0x37</size>
         <input_file_ref idref="fl-10"/>
      </object_component>
      <object_component id="oc-104">
         <name>.text:GPIO_setQualificationMode</name>
         <load_address>0x91bf</load_address>
         <run_address>0x91bf</run_address>
         <size>0x37</size>
         <input_file_ref idref="fl-10"/>
      </object_component>
      <object_component id="oc-92">
         <name>.text:Interrupt_enable</name>
         <load_address>0x91f6</load_address>
         <run_address>0x91f6</run_address>
         <size>0x37</size>
         <input_file_ref idref="fl-11"/>
      </object_component>
      <object_component id="oc-fe">
         <name>.text:GPIO_setDirectionMode</name>
         <load_address>0x922d</load_address>
         <run_address>0x922d</run_address>
         <size>0x31</size>
         <input_file_ref idref="fl-10"/>
      </object_component>
      <object_component id="oc-98">
         <name>.text:ADC_setMode</name>
         <load_address>0x925e</load_address>
         <run_address>0x925e</run_address>
         <size>0x2f</size>
         <input_file_ref idref="fl-f"/>
      </object_component>
      <object_component id="oc-20">
         <name>.text:decompress:lzss</name>
         <load_address>0x928d</load_address>
         <run_address>0x928d</run_address>
         <size>0x2e</size>
         <input_file_ref idref="fl-30"/>
      </object_component>
      <object_component id="oc-1d7">
         <name>.text:__TI_auto_init_nobinit_nopinit</name>
         <load_address>0x92bb</load_address>
         <run_address>0x92bb</run_address>
         <size>0x2b</size>
         <input_file_ref idref="fl-2d"/>
      </object_component>
      <object_component id="oc-161">
         <name>.text</name>
         <load_address>0x92e6</load_address>
         <run_address>0x92e6</run_address>
         <size>0x2a</size>
         <input_file_ref idref="fl-21"/>
      </object_component>
      <object_component id="oc-188">
         <name>.text</name>
         <load_address>0x9310</load_address>
         <run_address>0x9310</run_address>
         <size>0x29</size>
         <input_file_ref idref="fl-31"/>
      </object_component>
      <object_component id="oc-b4">
         <name>.text</name>
         <load_address>0x9339</load_address>
         <run_address>0x9339</run_address>
         <size>0x23</size>
         <input_file_ref idref="fl-2a"/>
      </object_component>
      <object_component id="oc-9f">
         <name>.text</name>
         <load_address>0x935c</load_address>
         <run_address>0x935c</run_address>
         <size>0x22</size>
         <input_file_ref idref="fl-27"/>
      </object_component>
      <object_component id="oc-25c">
         <name>.text:CPUTimer_selectClockSource</name>
         <load_address>0x937e</load_address>
         <run_address>0x937e</run_address>
         <size>0x21</size>
         <input_file_ref idref="fl-12"/>
      </object_component>
      <object_component id="oc-295">
         <name>.text:CPUTimer_getTimerOverflowStatus</name>
         <load_address>0x939f</load_address>
         <run_address>0x939f</run_address>
         <size>0x1f</size>
         <input_file_ref idref="fl-12"/>
      </object_component>
      <object_component id="oc-8c">
         <name>.text:Interrupt_initVectorTable</name>
         <load_address>0x93be</load_address>
         <run_address>0x93be</run_address>
         <size>0x1e</size>
         <input_file_ref idref="fl-11"/>
      </object_component>
      <object_component id="oc-41">
         <name>.text</name>
         <load_address>0x93dc</load_address>
         <run_address>0x93dc</run_address>
         <size>0x1d</size>
         <input_file_ref idref="fl-36"/>
      </object_component>
      <object_component id="oc-a9">
         <name>.text</name>
         <load_address>0x93f9</load_address>
         <run_address>0x93f9</run_address>
         <size>0x1c</size>
         <input_file_ref idref="fl-29"/>
      </object_component>
      <object_component id="oc-146">
         <name>.text:ADC_isBaseValid</name>
         <load_address>0x9415</load_address>
         <run_address>0x9415</run_address>
         <size>0x1b</size>
         <input_file_ref idref="fl-f"/>
      </object_component>
      <object_component id="oc-268">
         <name>.text:CPUTimer_startTimer</name>
         <load_address>0x9430</load_address>
         <run_address>0x9430</run_address>
         <size>0x1a</size>
         <input_file_ref idref="fl-12"/>
      </object_component>
      <object_component id="oc-f8">
         <name>.text:SysCtl_getLowSpeedClock</name>
         <load_address>0x944a</load_address>
         <run_address>0x944a</run_address>
         <size>0x1a</size>
         <input_file_ref idref="fl-12"/>
      </object_component>
      <object_component id="oc-166">
         <name>.text</name>
         <load_address>0x9464</load_address>
         <run_address>0x9464</run_address>
         <size>0x18</size>
         <input_file_ref idref="fl-25"/>
      </object_component>
      <object_component id="oc-289">
         <name>.text:CPUTimer_isBaseValid</name>
         <load_address>0x947c</load_address>
         <run_address>0x947c</run_address>
         <size>0x17</size>
         <input_file_ref idref="fl-12"/>
      </object_component>
      <object_component id="oc-d0">
         <name>.text</name>
         <load_address>0x9493</load_address>
         <run_address>0x9493</run_address>
         <size>0x17</size>
         <input_file_ref idref="fl-1f"/>
      </object_component>
      <object_component id="oc-61">
         <name>.text</name>
         <load_address>0x94aa</load_address>
         <run_address>0x94aa</run_address>
         <size>0x17</size>
         <input_file_ref idref="fl-28"/>
      </object_component>
      <object_component id="oc-250">
         <name>.text:CPUTimer_stopTimer</name>
         <load_address>0x94c1</load_address>
         <run_address>0x94c1</run_address>
         <size>0x14</size>
         <input_file_ref idref="fl-12"/>
      </object_component>
      <object_component id="oc-24a">
         <name>.text:CPUTimer_disableInterrupt</name>
         <load_address>0x94d5</load_address>
         <run_address>0x94d5</run_address>
         <size>0x12</size>
         <input_file_ref idref="fl-12"/>
      </object_component>
      <object_component id="oc-256">
         <name>.text:CPUTimer_setPeriod</name>
         <load_address>0x94e7</load_address>
         <run_address>0x94e7</run_address>
         <size>0x11</size>
         <input_file_ref idref="fl-12"/>
      </object_component>
      <object_component id="oc-26e">
         <name>.text:SysCtl_pollCpuTimer</name>
         <load_address>0x94f8</load_address>
         <run_address>0x94f8</run_address>
         <size>0xf</size>
         <input_file_ref idref="fl-12"/>
      </object_component>
      <object_component id="oc-1a8">
         <name>.text:GPIO_isPinValid</name>
         <load_address>0x9507</load_address>
         <run_address>0x9507</run_address>
         <size>0xe</size>
         <input_file_ref idref="fl-10"/>
      </object_component>
      <object_component id="oc-12c">
         <name>.text:Interrupt_defaultHandler</name>
         <load_address>0x9515</load_address>
         <run_address>0x9515</run_address>
         <size>0xe</size>
         <input_file_ref idref="fl-11"/>
      </object_component>
      <object_component id="oc-71">
         <name>.text</name>
         <load_address>0x9523</load_address>
         <run_address>0x9523</run_address>
         <size>0xe</size>
         <input_file_ref idref="fl-23"/>
      </object_component>
      <object_component id="oc-13f">
         <name>.text:Interrupt_enableGlobal</name>
         <load_address>0x9531</load_address>
         <run_address>0x9531</run_address>
         <size>0xd</size>
         <input_file_ref idref="fl-11"/>
      </object_component>
      <object_component id="oc-49">
         <name>.text:decompress:ZI:__TI_zero_init_nomemset</name>
         <load_address>0x953e</load_address>
         <run_address>0x953e</run_address>
         <size>0xd</size>
         <input_file_ref idref="fl-2e"/>
      </object_component>
      <object_component id="oc-182">
         <name>.text</name>
         <load_address>0x954b</load_address>
         <run_address>0x954b</run_address>
         <size>0xc</size>
         <input_file_ref idref="fl-33"/>
      </object_component>
      <object_component id="oc-193">
         <name>.text:SysCtl_isMCDClockFailureDetected</name>
         <load_address>0x9557</load_address>
         <run_address>0x9557</run_address>
         <size>0xb</size>
         <input_file_ref idref="fl-12"/>
      </object_component>
      <object_component id="oc-19f">
         <name>.text:SysCtl_serviceWatchdog</name>
         <load_address>0x9562</load_address>
         <run_address>0x9562</run_address>
         <size>0x9</size>
         <input_file_ref idref="fl-12"/>
      </object_component>
      <object_component id="oc-23e">
         <name>.text</name>
         <load_address>0x956b</load_address>
         <run_address>0x956b</run_address>
         <size>0x9</size>
         <input_file_ref idref="fl-32"/>
      </object_component>
      <object_component id="oc-55">
         <name>.text</name>
         <load_address>0x9574</load_address>
         <run_address>0x9574</run_address>
         <size>0x8</size>
         <input_file_ref idref="fl-5"/>
      </object_component>
      <object_component id="oc-26">
         <name>.text:decompress:none</name>
         <load_address>0x957c</load_address>
         <run_address>0x957c</run_address>
         <size>0x8</size>
         <input_file_ref idref="fl-2f"/>
      </object_component>
      <object_component id="oc-274">
         <name>.text:SysCtl_resetMCD</name>
         <load_address>0x9584</load_address>
         <run_address>0x9584</run_address>
         <size>0x7</size>
         <input_file_ref idref="fl-12"/>
      </object_component>
      <object_component id="oc-138">
         <name>.text:Interrupt_illegalOperationHandler</name>
         <load_address>0x958b</load_address>
         <run_address>0x958b</run_address>
         <size>0x2</size>
         <input_file_ref idref="fl-11"/>
      </object_component>
      <object_component id="oc-132">
         <name>.text:Interrupt_nmiHandler</name>
         <load_address>0x958d</load_address>
         <run_address>0x958d</run_address>
         <size>0x2</size>
         <input_file_ref idref="fl-11"/>
      </object_component>
      <object_component id="oc-17b">
         <name>.text</name>
         <load_address>0x958f</load_address>
         <run_address>0x958f</run_address>
         <size>0x2</size>
         <input_file_ref idref="fl-2c"/>
      </object_component>
      <object_component id="oc-224">
         <name>.text</name>
         <load_address>0x9591</load_address>
         <run_address>0x9591</run_address>
         <size>0x1</size>
         <input_file_ref idref="fl-37"/>
      </object_component>
      <object_component id="oc-33">
         <name>.text</name>
         <load_address>0xb000</load_address>
         <run_address>0xb000</run_address>
         <size>0x66f</size>
         <input_file_ref idref="fl-2"/>
      </object_component>
      <object_component id="oc-ae">
         <name>.text</name>
         <load_address>0xb66f</load_address>
         <run_address>0xb66f</run_address>
         <size>0xe8</size>
         <input_file_ref idref="fl-1e"/>
      </object_component>
      <object_component id="oc-dd">
         <name>.text</name>
         <load_address>0xb757</load_address>
         <run_address>0xb757</run_address>
         <size>0x9c</size>
         <input_file_ref idref="fl-20"/>
      </object_component>
      <object_component id="oc-124">
         <name>.text:Interrupt_disableGlobal</name>
         <load_address>0xb7f3</load_address>
         <run_address>0xb7f3</run_address>
         <size>0xd</size>
         <input_file_ref idref="fl-11"/>
      </object_component>
      <object_component id="oc-2db">
         <name>.cinit..data.load</name>
         <load_address>0x128</load_address>
         <run_address>0x128</run_address>
         <size>0xa</size>
      </object_component>
      <object_component id="oc-2d8">
         <name>__TI_handler_table</name>
         <load_address>0x132</load_address>
         <run_address>0x132</run_address>
         <size>0x6</size>
      </object_component>
      <object_component id="oc-2da">
         <name>.cinit..bss.load</name>
         <load_address>0x138</load_address>
         <run_address>0x138</run_address>
         <size>0x4</size>
      </object_component>
      <object_component id="oc-2d9">
         <name>__TI_cinit_table</name>
         <load_address>0x13c</load_address>
         <run_address>0x13c</run_address>
         <size>0x8</size>
      </object_component>
      <object_component id="oc-3e">
         <name>.stack</name>
         <uninitialized>true</uninitialized>
         <run_address>0x400</run_address>
         <size>0x0</size>
         <input_file_ref idref="fl-1f"/>
      </object_component>
      <object_component id="oc-2dc">
         <name>.stack</name>
         <uninitialized>true</uninitialized>
         <run_address>0x400</run_address>
         <size>0x0</size>
      </object_component>
      <object_component id="oc-76">
         <name>.bss</name>
         <uninitialized>true</uninitialized>
         <run_address>0xaacc</run_address>
         <size>0x8</size>
         <input_file_ref idref="fl-2"/>
      </object_component>
      <object_component id="oc-5b">
         <name>.bss:adcAResults</name>
         <uninitialized>true</uninitialized>
         <run_address>0xaad4</run_address>
         <size>0x5</size>
         <input_file_ref idref="fl-2"/>
      </object_component>
      <object_component id="oc-5e">
         <name>.bss:adcBResults</name>
         <uninitialized>true</uninitialized>
         <run_address>0xaad9</run_address>
         <size>0x5</size>
         <input_file_ref idref="fl-2"/>
      </object_component>
      <object_component id="oc-192">
         <name>.const:.string</name>
         <load_address>0xa800</load_address>
         <run_address>0xa800</run_address>
         <size>0xc2</size>
         <input_file_ref idref="fl-12"/>
      </object_component>
      <object_component id="oc-1ae">
         <name>.const:.string</name>
         <load_address>0xa8c2</load_address>
         <run_address>0xa8c2</run_address>
         <size>0xbc</size>
         <input_file_ref idref="fl-10"/>
      </object_component>
      <object_component id="oc-79">
         <name>.const:.string</name>
         <load_address>0xa97e</load_address>
         <run_address>0xa97e</run_address>
         <size>0x7c</size>
         <input_file_ref idref="fl-2"/>
      </object_component>
      <object_component id="oc-14c">
         <name>.const:.string</name>
         <load_address>0xa9fa</load_address>
         <run_address>0xa9fa</run_address>
         <size>0x5d</size>
         <input_file_ref idref="fl-f"/>
      </object_component>
      <object_component id="oc-11b">
         <name>.const:.string</name>
         <load_address>0xaa58</load_address>
         <run_address>0xaa58</run_address>
         <size>0x3e</size>
         <input_file_ref idref="fl-3"/>
      </object_component>
      <object_component id="oc-f7">
         <name>.const:.string</name>
         <load_address>0xaa96</load_address>
         <run_address>0xaa96</run_address>
         <size>0x13</size>
         <input_file_ref idref="fl-6"/>
      </object_component>
      <object_component id="oc-66">
         <name>.const</name>
         <load_address>0xaaaa</load_address>
         <run_address>0xaaaa</run_address>
         <size>0x10</size>
         <input_file_ref idref="fl-2"/>
      </object_component>
      <object_component id="oc-15e">
         <name>.const</name>
         <load_address>0xaac0</load_address>
         <run_address>0xaac0</run_address>
         <size>0xc</size>
         <input_file_ref idref="fl-1e"/>
      </object_component>
      <object_component id="oc-b9">
         <name>.data</name>
         <load_address>0xaaea</load_address>
         <run_address>0xaaea</run_address>
         <size>0x2</size>
         <input_file_ref idref="fl-2"/>
      </object_component>
      <object_component id="oc-116">
         <name>.data</name>
         <load_address>0xaade</load_address>
         <run_address>0xaade</run_address>
         <size>0x6</size>
         <input_file_ref idref="fl-6"/>
      </object_component>
      <object_component id="oc-209">
         <name>.data</name>
         <load_address>0xaae4</load_address>
         <run_address>0xaae4</run_address>
         <size>0x6</size>
         <input_file_ref idref="fl-31"/>
      </object_component>
      <object_component id="oc-20c">
         <name>.data:_lock</name>
         <load_address>0xaaec</load_address>
         <run_address>0xaaec</run_address>
         <size>0x2</size>
         <input_file_ref idref="fl-32"/>
      </object_component>
      <object_component id="oc-282">
         <name>.data:_unlock</name>
         <load_address>0xaaee</load_address>
         <run_address>0xaaee</run_address>
         <size>0x2</size>
         <input_file_ref idref="fl-32"/>
      </object_component>
      <object_component id="oc-9e">
         <name>.TI.ramfunc</name>
         <load_address>0x123</load_address>
         <run_address>0x123</run_address>
         <size>0x4</size>
         <input_file_ref idref="fl-12"/>
      </object_component>
      <object_component id="oc-bd">
         <name>.debug_types</name>
         <load_address>0x0</load_address>
         <run_address>0x0</run_address>
         <size>0x2614</size>
         <input_file_ref idref="fl-2"/>
      </object_component>
      <object_component id="oc-123">
         <name>.debug_types</name>
         <load_address>0x2614</load_address>
         <run_address>0x2614</run_address>
         <size>0x440</size>
         <input_file_ref idref="fl-3"/>
      </object_component>
      <object_component id="oc-11a">
         <name>.debug_types</name>
         <load_address>0x2a54</load_address>
         <run_address>0x2a54</run_address>
         <size>0x772</size>
         <input_file_ref idref="fl-6"/>
      </object_component>
      <object_component id="oc-15a">
         <name>.debug_types</name>
         <load_address>0x31c6</load_address>
         <run_address>0x31c6</run_address>
         <size>0x12c</size>
         <input_file_ref idref="fl-f"/>
      </object_component>
      <object_component id="oc-1b0">
         <name>.debug_types</name>
         <load_address>0x32f2</load_address>
         <run_address>0x32f2</run_address>
         <size>0x2c4</size>
         <input_file_ref idref="fl-10"/>
      </object_component>
      <object_component id="oc-12b">
         <name>.debug_types</name>
         <load_address>0x0</load_address>
         <run_address>0x0</run_address>
         <size>0x0</size>
         <input_file_ref idref="fl-11"/>
      </object_component>
      <object_component id="oc-191">
         <name>.debug_types</name>
         <load_address>0x35b6</load_address>
         <run_address>0x35b6</run_address>
         <size>0x254</size>
         <input_file_ref idref="fl-12"/>
      </object_component>
      <object_component id="oc-16c">
         <name>.debug_types</name>
         <load_address>0x380a</load_address>
         <run_address>0x380a</run_address>
         <size>0xf4</size>
         <input_file_ref idref="fl-1e"/>
      </object_component>
      <object_component id="oc-1d6">
         <name>.debug_types</name>
         <load_address>0x0</load_address>
         <run_address>0x0</run_address>
         <size>0x0</size>
         <input_file_ref idref="fl-2c"/>
      </object_component>
      <object_component id="oc-22b">
         <name>.debug_types</name>
         <load_address>0x38fe</load_address>
         <run_address>0x38fe</run_address>
         <size>0x49b</size>
         <input_file_ref idref="fl-2d"/>
      </object_component>
      <object_component id="oc-c8">
         <name>.debug_types</name>
         <load_address>0x3d99</load_address>
         <run_address>0x3d99</run_address>
         <size>0x1f3</size>
         <input_file_ref idref="fl-2e"/>
      </object_component>
      <object_component id="oc-48">
         <name>.debug_types</name>
         <load_address>0x0</load_address>
         <run_address>0x0</run_address>
         <size>0x0</size>
         <input_file_ref idref="fl-2f"/>
      </object_component>
      <object_component id="oc-40">
         <name>.debug_types</name>
         <load_address>0x3f8c</load_address>
         <run_address>0x3f8c</run_address>
         <size>0x191</size>
         <input_file_ref idref="fl-30"/>
      </object_component>
      <object_component id="oc-210">
         <name>.debug_types</name>
         <load_address>0x411d</load_address>
         <run_address>0x411d</run_address>
         <size>0xbf</size>
         <input_file_ref idref="fl-31"/>
      </object_component>
      <object_component id="oc-246">
         <name>.debug_types</name>
         <load_address>0x41dc</load_address>
         <run_address>0x41dc</run_address>
         <size>0x2f</size>
         <input_file_ref idref="fl-32"/>
      </object_component>
      <object_component id="oc-208">
         <name>.debug_types</name>
         <load_address>0x420b</load_address>
         <run_address>0x420b</run_address>
         <size>0xe1</size>
         <input_file_ref idref="fl-33"/>
      </object_component>
      <object_component id="oc-c3">
         <name>.debug_types</name>
         <load_address>0x42ec</load_address>
         <run_address>0x42ec</run_address>
         <size>0xb8</size>
         <input_file_ref idref="fl-36"/>
      </object_component>
      <object_component id="oc-27c">
         <name>.debug_types</name>
         <load_address>0x0</load_address>
         <run_address>0x0</run_address>
         <size>0x0</size>
         <input_file_ref idref="fl-37"/>
      </object_component>
      <object_component id="oc-77">
         <name>.debug_info</name>
         <load_address>0x0</load_address>
         <run_address>0x0</run_address>
         <size>0x15a</size>
         <input_file_ref idref="fl-2"/>
      </object_component>
      <object_component id="oc-ba">
         <name>.debug_info</name>
         <load_address>0x15a</load_address>
         <run_address>0x15a</run_address>
         <size>0x11e</size>
         <input_file_ref idref="fl-2"/>
      </object_component>
      <object_component id="oc-5c">
         <name>.debug_info</name>
         <load_address>0x278</load_address>
         <run_address>0x278</run_address>
         <size>0xee</size>
         <input_file_ref idref="fl-2"/>
      </object_component>
      <object_component id="oc-5f">
         <name>.debug_info</name>
         <load_address>0x366</load_address>
         <run_address>0x366</run_address>
         <size>0xee</size>
         <input_file_ref idref="fl-2"/>
      </object_component>
      <object_component id="oc-35">
         <name>.debug_info</name>
         <load_address>0x454</load_address>
         <run_address>0x454</run_address>
         <size>0x2d7e</size>
         <input_file_ref idref="fl-2"/>
      </object_component>
      <object_component id="oc-3a">
         <name>.debug_info</name>
         <load_address>0x31d2</load_address>
         <run_address>0x31d2</run_address>
         <size>0x2da</size>
         <input_file_ref idref="fl-2"/>
      </object_component>
      <object_component id="oc-81">
         <name>.debug_info</name>
         <load_address>0x34ac</load_address>
         <run_address>0x34ac</run_address>
         <size>0x2574</size>
         <input_file_ref idref="fl-3"/>
      </object_component>
      <object_component id="oc-2f">
         <name>.debug_info</name>
         <load_address>0x5a20</load_address>
         <run_address>0x5a20</run_address>
         <size>0x114</size>
         <input_file_ref idref="fl-5"/>
      </object_component>
      <object_component id="oc-57">
         <name>.debug_info</name>
         <load_address>0x5b34</load_address>
         <run_address>0x5b34</run_address>
         <size>0x115</size>
         <input_file_ref idref="fl-5"/>
      </object_component>
      <object_component id="oc-117">
         <name>.debug_info</name>
         <load_address>0x5c49</load_address>
         <run_address>0x5c49</run_address>
         <size>0x15f</size>
         <input_file_ref idref="fl-6"/>
      </object_component>
      <object_component id="oc-7c">
         <name>.debug_info</name>
         <load_address>0x5da8</load_address>
         <run_address>0x5da8</run_address>
         <size>0x1cb6</size>
         <input_file_ref idref="fl-6"/>
      </object_component>
      <object_component id="oc-147">
         <name>.debug_info</name>
         <load_address>0x7a5e</load_address>
         <run_address>0x7a5e</run_address>
         <size>0x207</size>
         <input_file_ref idref="fl-f"/>
      </object_component>
      <object_component id="oc-99">
         <name>.debug_info</name>
         <load_address>0x7c65</load_address>
         <run_address>0x7c65</run_address>
         <size>0x2bc</size>
         <input_file_ref idref="fl-f"/>
      </object_component>
      <object_component id="oc-14e">
         <name>.debug_info</name>
         <load_address>0x7f21</load_address>
         <run_address>0x7f21</run_address>
         <size>0x24a</size>
         <input_file_ref idref="fl-f"/>
      </object_component>
      <object_component id="oc-154">
         <name>.debug_info</name>
         <load_address>0x816b</load_address>
         <run_address>0x816b</run_address>
         <size>0x288</size>
         <input_file_ref idref="fl-f"/>
      </object_component>
      <object_component id="oc-1aa">
         <name>.debug_info</name>
         <load_address>0x83f3</load_address>
         <run_address>0x83f3</run_address>
         <size>0x205</size>
         <input_file_ref idref="fl-10"/>
      </object_component>
      <object_component id="oc-ff">
         <name>.debug_info</name>
         <load_address>0x85f8</load_address>
         <run_address>0x85f8</run_address>
         <size>0x27d</size>
         <input_file_ref idref="fl-10"/>
      </object_component>
      <object_component id="oc-11e">
         <name>.debug_info</name>
         <load_address>0x8875</load_address>
         <run_address>0x8875</run_address>
         <size>0x266</size>
         <input_file_ref idref="fl-10"/>
      </object_component>
      <object_component id="oc-107">
         <name>.debug_info</name>
         <load_address>0x8adb</load_address>
         <run_address>0x8adb</run_address>
         <size>0x2ae</size>
         <input_file_ref idref="fl-10"/>
      </object_component>
      <object_component id="oc-111">
         <name>.debug_info</name>
         <load_address>0x8d89</load_address>
         <run_address>0x8d89</run_address>
         <size>0x296</size>
         <input_file_ref idref="fl-10"/>
      </object_component>
      <object_component id="oc-10c">
         <name>.debug_info</name>
         <load_address>0x901f</load_address>
         <run_address>0x901f</run_address>
         <size>0x24f</size>
         <input_file_ref idref="fl-10"/>
      </object_component>
      <object_component id="oc-142">
         <name>.debug_info</name>
         <load_address>0x926e</load_address>
         <run_address>0x926e</run_address>
         <size>0x1fe</size>
         <input_file_ref idref="fl-11"/>
      </object_component>
      <object_component id="oc-125">
         <name>.debug_info</name>
         <load_address>0x946c</load_address>
         <run_address>0x946c</run_address>
         <size>0x202</size>
         <input_file_ref idref="fl-11"/>
      </object_component>
      <object_component id="oc-12e">
         <name>.debug_info</name>
         <load_address>0x966e</load_address>
         <run_address>0x966e</run_address>
         <size>0x21c</size>
         <input_file_ref idref="fl-11"/>
      </object_component>
      <object_component id="oc-139">
         <name>.debug_info</name>
         <load_address>0x988a</load_address>
         <run_address>0x988a</run_address>
         <size>0x202</size>
         <input_file_ref idref="fl-11"/>
      </object_component>
      <object_component id="oc-135">
         <name>.debug_info</name>
         <load_address>0x9a8c</load_address>
         <run_address>0x9a8c</run_address>
         <size>0x1e8</size>
         <input_file_ref idref="fl-11"/>
      </object_component>
      <object_component id="oc-88">
         <name>.debug_info</name>
         <load_address>0x9c74</load_address>
         <run_address>0x9c74</run_address>
         <size>0x20f</size>
         <input_file_ref idref="fl-11"/>
      </object_component>
      <object_component id="oc-8e">
         <name>.debug_info</name>
         <load_address>0x9e83</load_address>
         <run_address>0x9e83</run_address>
         <size>0x20a</size>
         <input_file_ref idref="fl-11"/>
      </object_component>
      <object_component id="oc-93">
         <name>.debug_info</name>
         <load_address>0xa08d</load_address>
         <run_address>0xa08d</run_address>
         <size>0x2b2</size>
         <input_file_ref idref="fl-11"/>
      </object_component>
      <object_component id="oc-1a1">
         <name>.debug_info</name>
         <load_address>0xa33f</load_address>
         <run_address>0xa33f</run_address>
         <size>0x1f2</size>
         <input_file_ref idref="fl-12"/>
      </object_component>
      <object_component id="oc-194">
         <name>.debug_info</name>
         <load_address>0xa531</load_address>
         <run_address>0xa531</run_address>
         <size>0x20e</size>
         <input_file_ref idref="fl-12"/>
      </object_component>
      <object_component id="oc-275">
         <name>.debug_info</name>
         <load_address>0xa73f</load_address>
         <run_address>0xa73f</run_address>
         <size>0x1e4</size>
         <input_file_ref idref="fl-12"/>
      </object_component>
      <object_component id="oc-28b">
         <name>.debug_info</name>
         <load_address>0xa923</load_address>
         <run_address>0xa923</run_address>
         <size>0x217</size>
         <input_file_ref idref="fl-12"/>
      </object_component>
      <object_component id="oc-264">
         <name>.debug_info</name>
         <load_address>0xab3a</load_address>
         <run_address>0xab3a</run_address>
         <size>0x244</size>
         <input_file_ref idref="fl-12"/>
      </object_component>
      <object_component id="oc-24b">
         <name>.debug_info</name>
         <load_address>0xad7e</load_address>
         <run_address>0xad7e</run_address>
         <size>0x242</size>
         <input_file_ref idref="fl-12"/>
      </object_component>
      <object_component id="oc-251">
         <name>.debug_info</name>
         <load_address>0xafc0</load_address>
         <run_address>0xafc0</run_address>
         <size>0x24a</size>
         <input_file_ref idref="fl-12"/>
      </object_component>
      <object_component id="oc-269">
         <name>.debug_info</name>
         <load_address>0xb20a</load_address>
         <run_address>0xb20a</run_address>
         <size>0x24d</size>
         <input_file_ref idref="fl-12"/>
      </object_component>
      <object_component id="oc-257">
         <name>.debug_info</name>
         <load_address>0xb457</load_address>
         <run_address>0xb457</run_address>
         <size>0x24e</size>
         <input_file_ref idref="fl-12"/>
      </object_component>
      <object_component id="oc-296">
         <name>.debug_info</name>
         <load_address>0xb6a5</load_address>
         <run_address>0xb6a5</run_address>
         <size>0x258</size>
         <input_file_ref idref="fl-12"/>
      </object_component>
      <object_component id="oc-25d">
         <name>.debug_info</name>
         <load_address>0xb8fd</load_address>
         <run_address>0xb8fd</run_address>
         <size>0x27c</size>
         <input_file_ref idref="fl-12"/>
      </object_component>
      <object_component id="oc-26f">
         <name>.debug_info</name>
         <load_address>0xbb79</load_address>
         <run_address>0xbb79</run_address>
         <size>0x241</size>
         <input_file_ref idref="fl-12"/>
      </object_component>
      <object_component id="oc-f2">
         <name>.debug_info</name>
         <load_address>0xbdba</load_address>
         <run_address>0xbdba</run_address>
         <size>0x277</size>
         <input_file_ref idref="fl-12"/>
      </object_component>
      <object_component id="oc-ec">
         <name>.debug_info</name>
         <load_address>0xc031</load_address>
         <run_address>0xc031</run_address>
         <size>0x51a</size>
         <input_file_ref idref="fl-12"/>
      </object_component>
      <object_component id="oc-216">
         <name>.debug_info</name>
         <load_address>0xc54b</load_address>
         <run_address>0xc54b</run_address>
         <size>0x3ba</size>
         <input_file_ref idref="fl-12"/>
      </object_component>
      <object_component id="oc-19a">
         <name>.debug_info</name>
         <load_address>0xc905</load_address>
         <run_address>0xc905</run_address>
         <size>0x243</size>
         <input_file_ref idref="fl-12"/>
      </object_component>
      <object_component id="oc-f9">
         <name>.debug_info</name>
         <load_address>0xcb48</load_address>
         <run_address>0xcb48</run_address>
         <size>0x251</size>
         <input_file_ref idref="fl-12"/>
      </object_component>
      <object_component id="oc-e6">
         <name>.debug_info</name>
         <load_address>0xcd99</load_address>
         <run_address>0xcd99</run_address>
         <size>0x241</size>
         <input_file_ref idref="fl-12"/>
      </object_component>
      <object_component id="oc-15f">
         <name>.debug_info</name>
         <load_address>0xcfda</load_address>
         <run_address>0xcfda</run_address>
         <size>0x107</size>
         <input_file_ref idref="fl-1e"/>
      </object_component>
      <object_component id="oc-b2">
         <name>.debug_info</name>
         <load_address>0xd0e1</load_address>
         <run_address>0xd0e1</run_address>
         <size>0x235</size>
         <input_file_ref idref="fl-1e"/>
      </object_component>
      <object_component id="oc-d2">
         <name>.debug_info</name>
         <load_address>0xd316</load_address>
         <run_address>0xd316</run_address>
         <size>0x158</size>
         <input_file_ref idref="fl-1f"/>
      </object_component>
      <object_component id="oc-de">
         <name>.debug_info</name>
         <load_address>0xd46e</load_address>
         <run_address>0xd46e</run_address>
         <size>0x127</size>
         <input_file_ref idref="fl-20"/>
      </object_component>
      <object_component id="oc-163">
         <name>.debug_info</name>
         <load_address>0xd595</load_address>
         <run_address>0xd595</run_address>
         <size>0x131</size>
         <input_file_ref idref="fl-21"/>
      </object_component>
      <object_component id="oc-69">
         <name>.debug_info</name>
         <load_address>0xd6c6</load_address>
         <run_address>0xd6c6</run_address>
         <size>0x127</size>
         <input_file_ref idref="fl-22"/>
      </object_component>
      <object_component id="oc-74">
         <name>.debug_info</name>
         <load_address>0xd7ed</load_address>
         <run_address>0xd7ed</run_address>
         <size>0x13b</size>
         <input_file_ref idref="fl-23"/>
      </object_component>
      <object_component id="oc-a5">
         <name>.debug_info</name>
         <load_address>0xd928</load_address>
         <run_address>0xd928</run_address>
         <size>0x127</size>
         <input_file_ref idref="fl-24"/>
      </object_component>
      <object_component id="oc-167">
         <name>.debug_info</name>
         <load_address>0xda4f</load_address>
         <run_address>0xda4f</run_address>
         <size>0x1a5</size>
         <input_file_ref idref="fl-25"/>
      </object_component>
      <object_component id="oc-a0">
         <name>.debug_info</name>
         <load_address>0xdbf4</load_address>
         <run_address>0xdbf4</run_address>
         <size>0x163</size>
         <input_file_ref idref="fl-27"/>
      </object_component>
      <object_component id="oc-62">
         <name>.debug_info</name>
         <load_address>0xdd57</load_address>
         <run_address>0xdd57</run_address>
         <size>0x12b</size>
         <input_file_ref idref="fl-28"/>
      </object_component>
      <object_component id="oc-aa">
         <name>.debug_info</name>
         <load_address>0xde82</load_address>
         <run_address>0xde82</run_address>
         <size>0x12b</size>
         <input_file_ref idref="fl-29"/>
      </object_component>
      <object_component id="oc-b5">
         <name>.debug_info</name>
         <load_address>0xdfad</load_address>
         <run_address>0xdfad</run_address>
         <size>0x12b</size>
         <input_file_ref idref="fl-2a"/>
      </object_component>
      <object_component id="oc-6e">
         <name>.debug_info</name>
         <load_address>0xe0d8</load_address>
         <run_address>0xe0d8</run_address>
         <size>0x127</size>
         <input_file_ref idref="fl-2b"/>
      </object_component>
      <object_component id="oc-17c">
         <name>.debug_info</name>
         <load_address>0xe1ff</load_address>
         <run_address>0xe1ff</run_address>
         <size>0x14d</size>
         <input_file_ref idref="fl-2c"/>
      </object_component>
      <object_component id="oc-1d8">
         <name>.debug_info</name>
         <load_address>0xe34c</load_address>
         <run_address>0xe34c</run_address>
         <size>0x1bf</size>
         <input_file_ref idref="fl-2d"/>
      </object_component>
      <object_component id="oc-4d">
         <name>.debug_info</name>
         <load_address>0xe50b</load_address>
         <run_address>0xe50b</run_address>
         <size>0x1b6</size>
         <input_file_ref idref="fl-2e"/>
      </object_component>
      <object_component id="oc-29">
         <name>.debug_info</name>
         <load_address>0xe6c1</load_address>
         <run_address>0xe6c1</run_address>
         <size>0x1b7</size>
         <input_file_ref idref="fl-2f"/>
      </object_component>
      <object_component id="oc-21">
         <name>.debug_info</name>
         <load_address>0xe878</load_address>
         <run_address>0xe878</run_address>
         <size>0x20c</size>
         <input_file_ref idref="fl-30"/>
      </object_component>
      <object_component id="oc-20a">
         <name>.debug_info</name>
         <load_address>0xea84</load_address>
         <run_address>0xea84</run_address>
         <size>0x19e</size>
         <input_file_ref idref="fl-31"/>
      </object_component>
      <object_component id="oc-189">
         <name>.debug_info</name>
         <load_address>0xec22</load_address>
         <run_address>0xec22</run_address>
         <size>0x1a9</size>
         <input_file_ref idref="fl-31"/>
      </object_component>
      <object_component id="oc-20d">
         <name>.debug_info</name>
         <load_address>0xedcb</load_address>
         <run_address>0xedcb</run_address>
         <size>0x107</size>
         <input_file_ref idref="fl-32"/>
      </object_component>
      <object_component id="oc-283">
         <name>.debug_info</name>
         <load_address>0xeed2</load_address>
         <run_address>0xeed2</run_address>
         <size>0x10b</size>
         <input_file_ref idref="fl-32"/>
      </object_component>
      <object_component id="oc-23f">
         <name>.debug_info</name>
         <load_address>0xefdd</load_address>
         <run_address>0xefdd</run_address>
         <size>0x203</size>
         <input_file_ref idref="fl-32"/>
      </object_component>
      <object_component id="oc-184">
         <name>.debug_info</name>
         <load_address>0xf1e0</load_address>
         <run_address>0xf1e0</run_address>
         <size>0x15d</size>
         <input_file_ref idref="fl-33"/>
      </object_component>
      <object_component id="oc-43">
         <name>.debug_info</name>
         <load_address>0xf33d</load_address>
         <run_address>0xf33d</run_address>
         <size>0x19b</size>
         <input_file_ref idref="fl-36"/>
      </object_component>
      <object_component id="oc-225">
         <name>.debug_info</name>
         <load_address>0xf4d8</load_address>
         <run_address>0xf4d8</run_address>
         <size>0x147</size>
         <input_file_ref idref="fl-37"/>
      </object_component>
      <object_component id="oc-2e1">
         <name>.debug_info</name>
         <load_address>0xf61f</load_address>
         <run_address>0xf61f</run_address>
         <size>0xb4</size>
      </object_component>
      <object_component id="oc-e4">
         <name>.debug_line</name>
         <load_address>0x0</load_address>
         <run_address>0x0</run_address>
         <size>0x2e</size>
         <input_file_ref idref="fl-2"/>
      </object_component>
      <object_component id="oc-16f">
         <name>.debug_line</name>
         <load_address>0x2e</load_address>
         <run_address>0x2e</run_address>
         <size>0x2e</size>
         <input_file_ref idref="fl-2"/>
      </object_component>
      <object_component id="oc-d7">
         <name>.debug_line</name>
         <load_address>0x5c</load_address>
         <run_address>0x5c</run_address>
         <size>0x2e</size>
         <input_file_ref idref="fl-2"/>
      </object_component>
      <object_component id="oc-d9">
         <name>.debug_line</name>
         <load_address>0x8a</load_address>
         <run_address>0x8a</run_address>
         <size>0x2e</size>
         <input_file_ref idref="fl-2"/>
      </object_component>
      <object_component id="oc-34">
         <name>.debug_line</name>
         <load_address>0xb8</load_address>
         <run_address>0xb8</run_address>
         <size>0x6cb</size>
         <input_file_ref idref="fl-2"/>
      </object_component>
      <object_component id="oc-39">
         <name>.debug_line</name>
         <load_address>0x783</load_address>
         <run_address>0x783</run_address>
         <size>0x77</size>
         <input_file_ref idref="fl-2"/>
      </object_component>
      <object_component id="oc-171">
         <name>.debug_line</name>
         <load_address>0x7fa</load_address>
         <run_address>0x7fa</run_address>
         <size>0x1ca</size>
         <input_file_ref idref="fl-2"/>
      </object_component>
      <object_component id="oc-85">
         <name>.debug_line</name>
         <load_address>0x9c4</load_address>
         <run_address>0x9c4</run_address>
         <size>0x355</size>
         <input_file_ref idref="fl-3"/>
      </object_component>
      <object_component id="oc-1bb">
         <name>.debug_line</name>
         <load_address>0xd19</load_address>
         <run_address>0xd19</run_address>
         <size>0xe7</size>
         <input_file_ref idref="fl-3"/>
      </object_component>
      <object_component id="oc-2e">
         <name>.debug_line</name>
         <load_address>0xe00</load_address>
         <run_address>0xe00</run_address>
         <size>0x55</size>
         <input_file_ref idref="fl-5"/>
      </object_component>
      <object_component id="oc-59">
         <name>.debug_line</name>
         <load_address>0xe55</load_address>
         <run_address>0xe55</run_address>
         <size>0x5d</size>
         <input_file_ref idref="fl-5"/>
      </object_component>
      <object_component id="oc-1b5">
         <name>.debug_line</name>
         <load_address>0xeb2</load_address>
         <run_address>0xeb2</run_address>
         <size>0x37</size>
         <input_file_ref idref="fl-6"/>
      </object_component>
      <object_component id="oc-7f">
         <name>.debug_line</name>
         <load_address>0xee9</load_address>
         <run_address>0xee9</run_address>
         <size>0x3fc</size>
         <input_file_ref idref="fl-6"/>
      </object_component>
      <object_component id="oc-1b7">
         <name>.debug_line</name>
         <load_address>0x12e5</load_address>
         <run_address>0x12e5</run_address>
         <size>0xa5</size>
         <input_file_ref idref="fl-6"/>
      </object_component>
      <object_component id="oc-14a">
         <name>.debug_line</name>
         <load_address>0x138a</load_address>
         <run_address>0x138a</run_address>
         <size>0x97</size>
         <input_file_ref idref="fl-f"/>
      </object_component>
      <object_component id="oc-9c">
         <name>.debug_line</name>
         <load_address>0x1421</load_address>
         <run_address>0x1421</run_address>
         <size>0xa3</size>
         <input_file_ref idref="fl-f"/>
      </object_component>
      <object_component id="oc-151">
         <name>.debug_line</name>
         <load_address>0x14c4</load_address>
         <run_address>0x14c4</run_address>
         <size>0xe2</size>
         <input_file_ref idref="fl-f"/>
      </object_component>
      <object_component id="oc-157">
         <name>.debug_line</name>
         <load_address>0x15a6</load_address>
         <run_address>0x15a6</run_address>
         <size>0xc3</size>
         <input_file_ref idref="fl-f"/>
      </object_component>
      <object_component id="oc-1c9">
         <name>.debug_line</name>
         <load_address>0x1669</load_address>
         <run_address>0x1669</run_address>
         <size>0xe3</size>
         <input_file_ref idref="fl-f"/>
      </object_component>
      <object_component id="oc-1ad">
         <name>.debug_line</name>
         <load_address>0x174c</load_address>
         <run_address>0x174c</run_address>
         <size>0x98</size>
         <input_file_ref idref="fl-10"/>
      </object_component>
      <object_component id="oc-103">
         <name>.debug_line</name>
         <load_address>0x17e4</load_address>
         <run_address>0x17e4</run_address>
         <size>0xa2</size>
         <input_file_ref idref="fl-10"/>
      </object_component>
      <object_component id="oc-11d">
         <name>.debug_line</name>
         <load_address>0x1886</load_address>
         <run_address>0x1886</run_address>
         <size>0xb1</size>
         <input_file_ref idref="fl-10"/>
      </object_component>
      <object_component id="oc-106">
         <name>.debug_line</name>
         <load_address>0x1937</load_address>
         <run_address>0x1937</run_address>
         <size>0x9f</size>
         <input_file_ref idref="fl-10"/>
      </object_component>
      <object_component id="oc-114">
         <name>.debug_line</name>
         <load_address>0x19d6</load_address>
         <run_address>0x19d6</run_address>
         <size>0x9f</size>
         <input_file_ref idref="fl-10"/>
      </object_component>
      <object_component id="oc-10f">
         <name>.debug_line</name>
         <load_address>0x1a75</load_address>
         <run_address>0x1a75</run_address>
         <size>0x9f</size>
         <input_file_ref idref="fl-10"/>
      </object_component>
      <object_component id="oc-21f">
         <name>.debug_line</name>
         <load_address>0x1b14</load_address>
         <run_address>0x1b14</run_address>
         <size>0xe4</size>
         <input_file_ref idref="fl-10"/>
      </object_component>
      <object_component id="oc-144">
         <name>.debug_line</name>
         <load_address>0x1bf8</load_address>
         <run_address>0x1bf8</run_address>
         <size>0x9d</size>
         <input_file_ref idref="fl-11"/>
      </object_component>
      <object_component id="oc-129">
         <name>.debug_line</name>
         <load_address>0x1c95</load_address>
         <run_address>0x1c95</run_address>
         <size>0x9d</size>
         <input_file_ref idref="fl-11"/>
      </object_component>
      <object_component id="oc-131">
         <name>.debug_line</name>
         <load_address>0x1d32</load_address>
         <run_address>0x1d32</run_address>
         <size>0xa3</size>
         <input_file_ref idref="fl-11"/>
      </object_component>
      <object_component id="oc-13d">
         <name>.debug_line</name>
         <load_address>0x1dd5</load_address>
         <run_address>0x1dd5</run_address>
         <size>0x9b</size>
         <input_file_ref idref="fl-11"/>
      </object_component>
      <object_component id="oc-137">
         <name>.debug_line</name>
         <load_address>0x1e70</load_address>
         <run_address>0x1e70</run_address>
         <size>0x9b</size>
         <input_file_ref idref="fl-11"/>
      </object_component>
      <object_component id="oc-8a">
         <name>.debug_line</name>
         <load_address>0x1f0b</load_address>
         <run_address>0x1f0b</run_address>
         <size>0xb8</size>
         <input_file_ref idref="fl-11"/>
      </object_component>
      <object_component id="oc-91">
         <name>.debug_line</name>
         <load_address>0x1fc3</load_address>
         <run_address>0x1fc3</run_address>
         <size>0xb1</size>
         <input_file_ref idref="fl-11"/>
      </object_component>
      <object_component id="oc-96">
         <name>.debug_line</name>
         <load_address>0x2074</load_address>
         <run_address>0x2074</run_address>
         <size>0xb1</size>
         <input_file_ref idref="fl-11"/>
      </object_component>
      <object_component id="oc-1bf">
         <name>.debug_line</name>
         <load_address>0x2125</load_address>
         <run_address>0x2125</run_address>
         <size>0x21</size>
         <input_file_ref idref="fl-11"/>
      </object_component>
      <object_component id="oc-1a0">
         <name>.debug_line</name>
         <load_address>0x2146</load_address>
         <run_address>0x2146</run_address>
         <size>0x9d</size>
         <input_file_ref idref="fl-12"/>
      </object_component>
      <object_component id="oc-197">
         <name>.debug_line</name>
         <load_address>0x21e3</load_address>
         <run_address>0x21e3</run_address>
         <size>0x9a</size>
         <input_file_ref idref="fl-12"/>
      </object_component>
      <object_component id="oc-278">
         <name>.debug_line</name>
         <load_address>0x227d</load_address>
         <run_address>0x227d</run_address>
         <size>0x9c</size>
         <input_file_ref idref="fl-12"/>
      </object_component>
      <object_component id="oc-28a">
         <name>.debug_line</name>
         <load_address>0x2319</load_address>
         <run_address>0x2319</run_address>
         <size>0x9c</size>
         <input_file_ref idref="fl-12"/>
      </object_component>
      <object_component id="oc-263">
         <name>.debug_line</name>
         <load_address>0x23b5</load_address>
         <run_address>0x23b5</run_address>
         <size>0x9d</size>
         <input_file_ref idref="fl-12"/>
      </object_component>
      <object_component id="oc-24f">
         <name>.debug_line</name>
         <load_address>0x2452</load_address>
         <run_address>0x2452</run_address>
         <size>0x9d</size>
         <input_file_ref idref="fl-12"/>
      </object_component>
      <object_component id="oc-255">
         <name>.debug_line</name>
         <load_address>0x24ef</load_address>
         <run_address>0x24ef</run_address>
         <size>0xa1</size>
         <input_file_ref idref="fl-12"/>
      </object_component>
      <object_component id="oc-26d">
         <name>.debug_line</name>
         <load_address>0x2590</load_address>
         <run_address>0x2590</run_address>
         <size>0xa2</size>
         <input_file_ref idref="fl-12"/>
      </object_component>
      <object_component id="oc-25a">
         <name>.debug_line</name>
         <load_address>0x2632</load_address>
         <run_address>0x2632</run_address>
         <size>0x9d</size>
         <input_file_ref idref="fl-12"/>
      </object_component>
      <object_component id="oc-299">
         <name>.debug_line</name>
         <load_address>0x26cf</load_address>
         <run_address>0x26cf</run_address>
         <size>0x9d</size>
         <input_file_ref idref="fl-12"/>
      </object_component>
      <object_component id="oc-260">
         <name>.debug_line</name>
         <load_address>0x276c</load_address>
         <run_address>0x276c</run_address>
         <size>0xa5</size>
         <input_file_ref idref="fl-12"/>
      </object_component>
      <object_component id="oc-272">
         <name>.debug_line</name>
         <load_address>0x2811</load_address>
         <run_address>0x2811</run_address>
         <size>0xa1</size>
         <input_file_ref idref="fl-12"/>
      </object_component>
      <object_component id="oc-f6">
         <name>.debug_line</name>
         <load_address>0x28b2</load_address>
         <run_address>0x28b2</run_address>
         <size>0xb4</size>
         <input_file_ref idref="fl-12"/>
      </object_component>
      <object_component id="oc-ef">
         <name>.debug_line</name>
         <load_address>0x2966</load_address>
         <run_address>0x2966</run_address>
         <size>0x19c</size>
         <input_file_ref idref="fl-12"/>
      </object_component>
      <object_component id="oc-21a">
         <name>.debug_line</name>
         <load_address>0x2b02</load_address>
         <run_address>0x2b02</run_address>
         <size>0xd0</size>
         <input_file_ref idref="fl-12"/>
      </object_component>
      <object_component id="oc-19d">
         <name>.debug_line</name>
         <load_address>0x2bd2</load_address>
         <run_address>0x2bd2</run_address>
         <size>0xbe</size>
         <input_file_ref idref="fl-12"/>
      </object_component>
      <object_component id="oc-fc">
         <name>.debug_line</name>
         <load_address>0x2c90</load_address>
         <run_address>0x2c90</run_address>
         <size>0xa1</size>
         <input_file_ref idref="fl-12"/>
      </object_component>
      <object_component id="oc-ea">
         <name>.debug_line</name>
         <load_address>0x2d31</load_address>
         <run_address>0x2d31</run_address>
         <size>0xc7</size>
         <input_file_ref idref="fl-12"/>
      </object_component>
      <object_component id="oc-212">
         <name>.debug_line</name>
         <load_address>0x2df8</load_address>
         <run_address>0x2df8</run_address>
         <size>0x14b</size>
         <input_file_ref idref="fl-12"/>
      </object_component>
      <object_component id="oc-1cc">
         <name>.debug_line</name>
         <load_address>0x2f43</load_address>
         <run_address>0x2f43</run_address>
         <size>0x2e</size>
         <input_file_ref idref="fl-1e"/>
      </object_component>
      <object_component id="oc-b1">
         <name>.debug_line</name>
         <load_address>0x2f71</load_address>
         <run_address>0x2f71</run_address>
         <size>0xbf</size>
         <input_file_ref idref="fl-1e"/>
      </object_component>
      <object_component id="oc-1d0">
         <name>.debug_line</name>
         <load_address>0x3030</load_address>
         <run_address>0x3030</run_address>
         <size>0x21</size>
         <input_file_ref idref="fl-1e"/>
      </object_component>
      <object_component id="oc-d1">
         <name>.debug_line</name>
         <load_address>0x3051</load_address>
         <run_address>0x3051</run_address>
         <size>0x4f</size>
         <input_file_ref idref="fl-1f"/>
      </object_component>
      <object_component id="oc-e1">
         <name>.debug_line</name>
         <load_address>0x30a0</load_address>
         <run_address>0x30a0</run_address>
         <size>0xc5</size>
         <input_file_ref idref="fl-20"/>
      </object_component>
      <object_component id="oc-162">
         <name>.debug_line</name>
         <load_address>0x3165</load_address>
         <run_address>0x3165</run_address>
         <size>0x61</size>
         <input_file_ref idref="fl-21"/>
      </object_component>
      <object_component id="oc-68">
         <name>.debug_line</name>
         <load_address>0x31c6</load_address>
         <run_address>0x31c6</run_address>
         <size>0xa3</size>
         <input_file_ref idref="fl-22"/>
      </object_component>
      <object_component id="oc-73">
         <name>.debug_line</name>
         <load_address>0x3269</load_address>
         <run_address>0x3269</run_address>
         <size>0x4a</size>
         <input_file_ref idref="fl-23"/>
      </object_component>
      <object_component id="oc-a8">
         <name>.debug_line</name>
         <load_address>0x32b3</load_address>
         <run_address>0x32b3</run_address>
         <size>0xae</size>
         <input_file_ref idref="fl-24"/>
      </object_component>
      <object_component id="oc-16a">
         <name>.debug_line</name>
         <load_address>0x3361</load_address>
         <run_address>0x3361</run_address>
         <size>0x6d</size>
         <input_file_ref idref="fl-25"/>
      </object_component>
      <object_component id="oc-a3">
         <name>.debug_line</name>
         <load_address>0x33ce</load_address>
         <run_address>0x33ce</run_address>
         <size>0x6a</size>
         <input_file_ref idref="fl-27"/>
      </object_component>
      <object_component id="oc-65">
         <name>.debug_line</name>
         <load_address>0x3438</load_address>
         <run_address>0x3438</run_address>
         <size>0x53</size>
         <input_file_ref idref="fl-28"/>
      </object_component>
      <object_component id="oc-ad">
         <name>.debug_line</name>
         <load_address>0x348b</load_address>
         <run_address>0x348b</run_address>
         <size>0x59</size>
         <input_file_ref idref="fl-29"/>
      </object_component>
      <object_component id="oc-b8">
         <name>.debug_line</name>
         <load_address>0x34e4</load_address>
         <run_address>0x34e4</run_address>
         <size>0x5f</size>
         <input_file_ref idref="fl-2a"/>
      </object_component>
      <object_component id="oc-6d">
         <name>.debug_line</name>
         <load_address>0x3543</load_address>
         <run_address>0x3543</run_address>
         <size>0xb4</size>
         <input_file_ref idref="fl-2b"/>
      </object_component>
      <object_component id="oc-17f">
         <name>.debug_line</name>
         <load_address>0x35f7</load_address>
         <run_address>0x35f7</run_address>
         <size>0x3f</size>
         <input_file_ref idref="fl-2c"/>
      </object_component>
      <object_component id="oc-222">
         <name>.debug_line</name>
         <load_address>0x3636</load_address>
         <run_address>0x3636</run_address>
         <size>0x21</size>
         <input_file_ref idref="fl-2c"/>
      </object_component>
      <object_component id="oc-1db">
         <name>.debug_line</name>
         <load_address>0x3657</load_address>
         <run_address>0x3657</run_address>
         <size>0x74</size>
         <input_file_ref idref="fl-2d"/>
      </object_component>
      <object_component id="oc-27e">
         <name>.debug_line</name>
         <load_address>0x36cb</load_address>
         <run_address>0x36cb</run_address>
         <size>0x21</size>
         <input_file_ref idref="fl-2d"/>
      </object_component>
      <object_component id="oc-4b">
         <name>.debug_line</name>
         <load_address>0x36ec</load_address>
         <run_address>0x36ec</run_address>
         <size>0x4d</size>
         <input_file_ref idref="fl-2e"/>
      </object_component>
      <object_component id="oc-177">
         <name>.debug_line</name>
         <load_address>0x3739</load_address>
         <run_address>0x3739</run_address>
         <size>0x21</size>
         <input_file_ref idref="fl-2e"/>
      </object_component>
      <object_component id="oc-2b">
         <name>.debug_line</name>
         <load_address>0x375a</load_address>
         <run_address>0x375a</run_address>
         <size>0x57</size>
         <input_file_ref idref="fl-2f"/>
      </object_component>
      <object_component id="oc-c5">
         <name>.debug_line</name>
         <load_address>0x37b1</load_address>
         <run_address>0x37b1</run_address>
         <size>0x21</size>
         <input_file_ref idref="fl-2f"/>
      </object_component>
      <object_component id="oc-24">
         <name>.debug_line</name>
         <load_address>0x37d2</load_address>
         <run_address>0x37d2</run_address>
         <size>0x9a</size>
         <input_file_ref idref="fl-30"/>
      </object_component>
      <object_component id="oc-c0">
         <name>.debug_line</name>
         <load_address>0x386c</load_address>
         <run_address>0x386c</run_address>
         <size>0x21</size>
         <input_file_ref idref="fl-30"/>
      </object_component>
      <object_component id="oc-23d">
         <name>.debug_line</name>
         <load_address>0x388d</load_address>
         <run_address>0x388d</run_address>
         <size>0x2b</size>
         <input_file_ref idref="fl-31"/>
      </object_component>
      <object_component id="oc-18d">
         <name>.debug_line</name>
         <load_address>0x38b8</load_address>
         <run_address>0x38b8</run_address>
         <size>0x66</size>
         <input_file_ref idref="fl-31"/>
      </object_component>
      <object_component id="oc-248">
         <name>.debug_line</name>
         <load_address>0x391e</load_address>
         <run_address>0x391e</run_address>
         <size>0x21</size>
         <input_file_ref idref="fl-31"/>
      </object_component>
      <object_component id="oc-245">
         <name>.debug_line</name>
         <load_address>0x393f</load_address>
         <run_address>0x393f</run_address>
         <size>0x2c</size>
         <input_file_ref idref="fl-32"/>
      </object_component>
      <object_component id="oc-2a4">
         <name>.debug_line</name>
         <load_address>0x396b</load_address>
         <run_address>0x396b</run_address>
         <size>0x2c</size>
         <input_file_ref idref="fl-32"/>
      </object_component>
      <object_component id="oc-242">
         <name>.debug_line</name>
         <load_address>0x3997</load_address>
         <run_address>0x3997</run_address>
         <size>0x5f</size>
         <input_file_ref idref="fl-32"/>
      </object_component>
      <object_component id="oc-287">
         <name>.debug_line</name>
         <load_address>0x39f6</load_address>
         <run_address>0x39f6</run_address>
         <size>0x21</size>
         <input_file_ref idref="fl-32"/>
      </object_component>
      <object_component id="oc-183">
         <name>.debug_line</name>
         <load_address>0x3a17</load_address>
         <run_address>0x3a17</run_address>
         <size>0x4e</size>
         <input_file_ref idref="fl-33"/>
      </object_component>
      <object_component id="oc-23a">
         <name>.debug_line</name>
         <load_address>0x3a65</load_address>
         <run_address>0x3a65</run_address>
         <size>0x30</size>
         <input_file_ref idref="fl-33"/>
      </object_component>
      <object_component id="oc-42">
         <name>.debug_line</name>
         <load_address>0x3a95</load_address>
         <run_address>0x3a95</run_address>
         <size>0x63</size>
         <input_file_ref idref="fl-36"/>
      </object_component>
      <object_component id="oc-174">
         <name>.debug_line</name>
         <load_address>0x3af8</load_address>
         <run_address>0x3af8</run_address>
         <size>0x21</size>
         <input_file_ref idref="fl-36"/>
      </object_component>
      <object_component id="oc-229">
         <name>.debug_line</name>
         <load_address>0x3b19</load_address>
         <run_address>0x3b19</run_address>
         <size>0x3b</size>
         <input_file_ref idref="fl-37"/>
      </object_component>
      <object_component id="oc-29e">
         <name>.debug_line</name>
         <load_address>0x3b54</load_address>
         <run_address>0x3b54</run_address>
         <size>0x21</size>
         <input_file_ref idref="fl-37"/>
      </object_component>
      <object_component id="oc-38">
         <name>.debug_frame</name>
         <load_address>0x0</load_address>
         <run_address>0x0</run_address>
         <size>0x4b8</size>
         <input_file_ref idref="fl-2"/>
      </object_component>
      <object_component id="oc-3d">
         <name>.debug_frame</name>
         <load_address>0x4b8</load_address>
         <run_address>0x4b8</run_address>
         <size>0x138</size>
         <input_file_ref idref="fl-2"/>
      </object_component>
      <object_component id="oc-84">
         <name>.debug_frame</name>
         <load_address>0x5f0</load_address>
         <run_address>0x5f0</run_address>
         <size>0x200</size>
         <input_file_ref idref="fl-3"/>
      </object_component>
      <object_component id="oc-7b">
         <name>.debug_frame</name>
         <load_address>0x7f0</load_address>
         <run_address>0x7f0</run_address>
         <size>0x230</size>
         <input_file_ref idref="fl-6"/>
      </object_component>
      <object_component id="oc-14b">
         <name>.debug_frame</name>
         <load_address>0xa20</load_address>
         <run_address>0xa20</run_address>
         <size>0x44</size>
         <input_file_ref idref="fl-f"/>
      </object_component>
      <object_component id="oc-9d">
         <name>.debug_frame</name>
         <load_address>0xa64</load_address>
         <run_address>0xa64</run_address>
         <size>0x44</size>
         <input_file_ref idref="fl-f"/>
      </object_component>
      <object_component id="oc-152">
         <name>.debug_frame</name>
         <load_address>0xaa8</load_address>
         <run_address>0xaa8</run_address>
         <size>0x44</size>
         <input_file_ref idref="fl-f"/>
      </object_component>
      <object_component id="oc-158">
         <name>.debug_frame</name>
         <load_address>0xaec</load_address>
[...]
         <used_space>0x0</used_space>
         <unused_space>0x1000</unused_space>
         <attributes>RWIX</attributes>
         <usage_details>
         </usage_details>
      </memory_area>
      <memory_area display="yes" color="green">
         <name>RAMGS13</name>
         <page_id>0x1</page_id>
         <origin>0x19000</origin>
         <length>0x1000</length>
         <used_space>0x0</used_space>
         <unused_space>0x1000</unused_space>
         <attributes>RWIX</attributes>
         <usage_details>
         </usage_details>
      </memory_area>
      <memory_area display="yes" color="green">
         <name>RAMGS14</name>
         <page_id>0x1</page_id>
         <origin>0x1a000</origin>
         <length>0x1000</length>
         <used_space>0x0</used_space>
         <unused_space>0x1000</unused_space>
         <attributes>RWIX</attributes>
         <usage_details>
         </usage_details>
      </memory_area>
      <memory_area display="yes" color="green">
         <name>RAMGS15</name>
         <page_id>0x1</page_id>
         <origin>0x1b000</origin>
         <length>0xff8</length>
         <used_space>0x0</used_space>
         <unused_space>0xff8</unused_space>
         <attributes>RWIX</attributes>
         <usage_details>
         </usage_details>
      </memory_area>
      <memory_area display="yes" color="green">
         <name>CPU2TOCPU1RAM</name>
         <page_id>0x1</page_id>
         <origin>0x3f800</origin>
         <length>0x400</length>
         <used_space>0x0</used_space>
         <unused_space>0x400</unused_space>
         <attributes>RWIX</attributes>
         <usage_details>
         </usage_details>
      </memory_area>
      <memory_area display="yes" color="green">
         <name>CPU1TOCPU2RAM</name>
         <page_id>0x1</page_id>
         <origin>0x3fc00</origin>
         <length>0x400</length>
         <used_space>0x0</used_space>
         <unused_space>0x400</unused_space>
         <attributes>RWIX</attributes>
         <usage_details>
         </usage_details>
      </memory_area>
      <memory_area display="yes" color="green">
         <name>CANA_MSG_RAM</name>
         <page_id>0x1</page_id>
         <origin>0x49000</origin>
         <length>0x800</length>
         <used_space>0x0</used_space>
         <unused_space>0x800</unused_space>
         <attributes>RWIX</attributes>
         <usage_details>
         </usage_details>
      </memory_area>
      <memory_area display="yes" color="green">
         <name>CANB_MSG_RAM</name>
         <page_id>0x1</page_id>
         <origin>0x4b000</origin>
         <length>0x800</length>
         <used_space>0x0</used_space>
         <unused_space>0x800</unused_space>
         <attributes>RWIX</attributes>
         <usage_details>
         </usage_details>
      </memory_area>
   </placement_map>
   <cptbl_list>
      <cptbl>
         <name>__TI_cinit_table</name>
         <cprec>
            <name>.data</name>
            <load_address>0x128</load_address>
            <load_size>0xa</load_size>
            <run_address>0xaade</run_address>
            <run_size>0x12</run_size>
            <compression>lzss</compression>
         </cprec>
         <cprec>
            <name>.bss</name>
            <load_address>0x138</load_address>
            <load_size>0x4</load_size>
            <run_address>0xaacc</run_address>
            <run_size>0x12</run_size>
            <compression>zero_init</compression>
         </cprec>
      </cptbl>
   </cptbl_list>
   <handler_table>
      <handler_table_name>__TI_handler_table</handler_table_name>
      <handler>
         <index>0x0</index>
         <name>__TI_zero_init</name>
      </handler>
      <handler>
         <index>0x1</index>
         <name>__TI_decompress_lzss</name>
      </handler>
      <handler>
         <index>0x2</index>
         <name>__TI_decompress_none</name>
      </handler>
   </handler_table>
   <symbol_table>
      <symbol id="sm-1">
         <name>__TI_CINIT_Base</name>
         <value>0x13c</value>
      </symbol>
      <symbol id="sm-2">
         <name>__TI_CINIT_Limit</name>
         <value>0x144</value>
      </symbol>
      <symbol id="sm-3">
         <name>__TI_CINIT_Warm</name>
         <value>0x144</value>
      </symbol>
      <symbol id="sm-4">
         <name>__TI_Handler_Table_Base</name>
         <value>0x132</value>
      </symbol>
      <symbol id="sm-5">
         <name>__TI_Handler_Table_Limit</name>
         <value>0x138</value>
      </symbol>
      <symbol id="sm-6">
         <name>__TI_STACK_SIZE</name>
         <value>0x3f8</value>
      </symbol>
      <symbol id="sm-7">
         <name>__TI_STACK_END</name>
         <value>0x7f8</value>
      </symbol>
      <symbol id="sm-8">
         <name>__TI_pprof_out_hndl</name>
         <value>0xffffffff</value>
      </symbol>
      <symbol id="sm-9">
         <name>__TI_prof_data_start</name>
         <value>0xffffffff</value>
      </symbol>
      <symbol id="sm-a">
         <name>__TI_prof_data_size</name>
         <value>0xffffffff</value>
      </symbol>
      <symbol id="sm-d5">
         <name>avgBvalue</name>
         <value>0xaace</value>
         <object_component_ref idref="oc-76"/>
      </symbol>
      <symbol id="sm-d6">
         <name>avgAvalue</name>
         <value>0xaacd</value>
         <object_component_ref idref="oc-76"/>
      </symbol>
      <symbol id="sm-d7">
         <name>adcA1ISR</name>
         <value>0x8bfc</value>
         <object_component_ref idref="oc-32"/>
      </symbol>
      <symbol id="sm-d8">
         <name>GetAVG</name>
         <value>0xb650</value>
         <object_component_ref idref="oc-33"/>
      </symbol>
      <symbol id="sm-d9">
         <name>initEPWMC</name>
         <value>0xb4e3</value>
         <object_component_ref idref="oc-33"/>
      </symbol>
      <symbol id="sm-da">
         <name>initEPWM4</name>
         <value>0xb56d</value>
         <object_component_ref idref="oc-33"/>
      </symbol>
      <symbol id="sm-db">
         <name>indexPWM</name>
         <value>0xaaea</value>
         <object_component_ref idref="oc-b9"/>
      </symbol>
      <symbol id="sm-dc">
         <name>updateCompare</name>
         <value>0xb5f2</value>
         <object_component_ref idref="oc-33"/>
      </symbol>
      <symbol id="sm-dd">
         <name>adcAResults</name>
         <value>0xaad4</value>
         <object_component_ref idref="oc-5b"/>
      </symbol>
      <symbol id="sm-de">
         <name>epwm5ISR</name>
         <value>0x8c9e</value>
         <object_component_ref idref="oc-32"/>
      </symbol>
      <symbol id="sm-df">
         <name>epwmTimerIntCount</name>
         <value>0xaaeb</value>
         <object_component_ref idref="oc-b9"/>
      </symbol>
      <symbol id="sm-e0">
         <name>initADCSOC</name>
         <value>0xb5c9</value>
         <object_component_ref idref="oc-33"/>
      </symbol>
      <symbol id="sm-e1">
         <name>main</name>
         <value>0xb472</value>
         <object_component_ref idref="oc-33"/>
      </symbol>
      <symbol id="sm-e2">
         <name>configureADC</name>
         <value>0xb4cb</value>
         <object_component_ref idref="oc-33"/>
      </symbol>
      <symbol id="sm-e3">
         <name>adcBResults</name>
         <value>0xaad9</value>
         <object_component_ref idref="oc-5e"/>
      </symbol>
      <symbol id="sm-e4">
         <name>realValue</name>
         <value>0xaad0</value>
         <object_component_ref idref="oc-76"/>
      </symbol>
      <symbol id="sm-e5">
         <name>getCMAP</name>
         <value>0xb620</value>
         <object_component_ref idref="oc-33"/>
      </symbol>
      <symbol id="sm-e6">
         <name>indexADC</name>
         <value>0xaacc</value>
         <object_component_ref idref="oc-76"/>
      </symbol>
      <symbol id="sm-115">
         <name>PinMux_init</name>
         <value>0x81a5</value>
         <object_component_ref idref="oc-80"/>
      </symbol>
      <symbol id="sm-116">
         <name>Board_init</name>
         <value>0x819c</value>
         <object_component_ref idref="oc-80"/>
      </symbol>
      <symbol id="sm-117">
         <name>SYNC_init</name>
         <value>0x85ca</value>
         <object_component_ref idref="oc-80"/>
      </symbol>
      <symbol id="sm-118">
         <name>EPWM_init</name>
         <value>0x824f</value>
         <object_component_ref idref="oc-80"/>
      </symbol>
      <symbol id="sm-128">
         <name>code_start</name>
         <value>0x0</value>
         <object_component_ref idref="oc-2d"/>
      </symbol>
      <symbol id="sm-15a">
         <name>Device_enableAllPeripherals</name>
         <value>0x88ed</value>
         <object_component_ref idref="oc-7a"/>
      </symbol>
      <symbol id="sm-15b">
         <name>Device_initGPIO</name>
         <value>0x89d8</value>
         <object_component_ref idref="oc-7a"/>
      </symbol>
      <symbol id="sm-15c">
         <name>Example_Fail</name>
         <value>0xaae2</value>
         <object_component_ref idref="oc-116"/>
      </symbol>
      <symbol id="sm-15d">
         <name>Example_setResultFail</name>
         <value>0x8bf6</value>
         <object_component_ref idref="oc-7a"/>
      </symbol>
      <symbol id="sm-15e">
         <name>Device_bootCPU2</name>
         <value>0x8a70</value>
         <object_component_ref idref="oc-7a"/>
      </symbol>
      <symbol id="sm-15f">
         <name>Device_init</name>
         <value>0x88ab</value>
         <object_component_ref idref="oc-7a"/>
      </symbol>
      <symbol id="sm-160">
         <name>Example_Result</name>
         <value>0xaade</value>
         <object_component_ref idref="oc-116"/>
      </symbol>
      <symbol id="sm-161">
         <name>Device_enableUnbondedGPIOPullups</name>
         <value>0x8a29</value>
         <object_component_ref idref="oc-7a"/>
      </symbol>
      <symbol id="sm-162">
         <name>__error__</name>
         <value>0x8bea</value>
         <object_component_ref idref="oc-7a"/>
      </symbol>
      <symbol id="sm-163">
         <name>Example_setResultPass</name>
         <value>0x8bf1</value>
         <object_component_ref idref="oc-7a"/>
      </symbol>
      <symbol id="sm-164">
         <name>Device_configureTMXAnalogTrim</name>
         <value>0x8a3f</value>
         <object_component_ref idref="oc-7a"/>
      </symbol>
      <symbol id="sm-165">
         <name>Device_enableUnbondedGPIOPullupsFor176Pin</name>
         <value>0x89f9</value>
         <object_component_ref idref="oc-7a"/>
      </symbol>
      <symbol id="sm-166">
         <name>Example_done</name>
         <value>0x8bfb</value>
         <object_component_ref idref="oc-7a"/>
      </symbol>
      <symbol id="sm-167">
         <name>Example_PassCount</name>
         <value>0xaae0</value>
         <object_component_ref idref="oc-116"/>
      </symbol>
      <symbol id="sm-168">
         <name>Device_enableUnbondedGPIOPullupsFor100Pin</name>
         <value>0x8a0c</value>
         <object_component_ref idref="oc-7a"/>
      </symbol>
      <symbol id="sm-1a9">
         <name>ADC_setOffsetTrim</name>
         <value>0x9000</value>
         <object_component_ref idref="oc-153"/>
      </symbol>
      <symbol id="sm-1aa">
         <name>ADC_setMode</name>
         <value>0x925e</value>
         <object_component_ref idref="oc-98"/>
      </symbol>
      <symbol id="sm-1ab">
         <name>ADC_setINLTrim</name>
         <value>0x8ef2</value>
         <object_component_ref idref="oc-14d"/>
      </symbol>
      <symbol id="sm-1ed">
         <name>GPIO_setQualificationMode</name>
         <value>0x91bf</value>
         <object_component_ref idref="oc-104"/>
      </symbol>
      <symbol id="sm-1ee">
         <name>GPIO_setPadConfig</name>
         <value>0x9060</value>
         <object_component_ref idref="oc-11c"/>
      </symbol>
      <symbol id="sm-1ef">
         <name>GPIO_setDirectionMode</name>
         <value>0x922d</value>
         <object_component_ref idref="oc-fe"/>
      </symbol>
      <symbol id="sm-1f0">
         <name>GPIO_setPinConfig</name>
         <value>0x9188</value>
         <object_component_ref idref="oc-10a"/>
      </symbol>
      <symbol id="sm-1f1">
         <name>GPIO_setControllerCore</name>
         <value>0x8fc9</value>
         <object_component_ref idref="oc-110"/>
      </symbol>
      <symbol id="sm-243">
         <name>Interrupt_initModule</name>
         <value>0x914b</value>
         <object_component_ref idref="oc-86"/>
      </symbol>
      <symbol id="sm-244">
         <name>Interrupt_enable</name>
         <value>0x91f6</value>
         <object_component_ref idref="oc-92"/>
      </symbol>
      <symbol id="sm-245">
         <name>Interrupt_initVectorTable</name>
         <value>0x93be</value>
         <object_component_ref idref="oc-8c"/>
      </symbol>
      <symbol id="sm-31e">
         <name>SysCtl_delay</name>
         <value>0x123</value>
         <object_component_ref idref="oc-9e"/>
      </symbol>
      <symbol id="sm-31f">
         <name>SysCtl_getDeviceParametric</name>
         <value>0x8f61</value>
         <object_component_ref idref="oc-e5"/>
      </symbol>
      <symbol id="sm-320">
         <name>SysCtl_selectXTAL</name>
         <value>0x8d5d</value>
         <object_component_ref idref="oc-215"/>
      </symbol>
      <symbol id="sm-321">
         <name>SysCtl_selectOscSource</name>
         <value>0x9103</value>
         <object_component_ref idref="oc-199"/>
      </symbol>
      <symbol id="sm-322">
         <name>SysCtl_getLowSpeedClock</name>
         <value>0x944a</value>
         <object_component_ref idref="oc-f8"/>
      </symbol>
      <symbol id="sm-323">
         <name>SysCtl_setClock</name>
         <value>0x85e8</value>
         <object_component_ref idref="oc-eb"/>
      </symbol>
      <symbol id="sm-324">
         <name>SysCtl_getClock</name>
         <value>0x90b2</value>
         <object_component_ref idref="oc-f1"/>
      </symbol>
      <symbol id="sm-347">
         <name>floorl</name>
         <value>0xb66f</value>
         <object_component_ref idref="oc-ae"/>
      </symbol>
      <symbol id="sm-348">
         <name>floor</name>
         <value>0xb66f</value>
         <object_component_ref idref="oc-ae"/>
      </symbol>
      <symbol id="sm-352">
         <name>_c_int00</name>
         <value>0x9493</value>
         <object_component_ref idref="oc-d0"/>
      </symbol>
      <symbol id="sm-353">
         <name>__stack</name>
         <value>0x400</value>
         <object_component_ref idref="oc-3e"/>
      </symbol>
      <symbol id="sm-36a">
         <name>__c28xabi_addd</name>
         <value>0xb757</value>
         <object_component_ref idref="oc-dd"/>
      </symbol>
      <symbol id="sm-376">
         <name>__c28xabi_cmpd</name>
         <value>0x92e6</value>
         <object_component_ref idref="oc-161"/>
      </symbol>
      <symbol id="sm-384">
         <name>__c28xabi_mpyd</name>
         <value>0x8e6f</value>
         <object_component_ref idref="oc-67"/>
      </symbol>
      <symbol id="sm-38c">
         <name>__c28xabi_subd</name>
         <value>0x9523</value>
         <object_component_ref idref="oc-71"/>
      </symbol>
      <symbol id="sm-399">
         <name>__c28xabi_divf</name>
         <value>0x8de7</value>
         <object_component_ref idref="oc-a4"/>
      </symbol>
      <symbol id="sm-3a1">
         <name>__c28xabi_orll</name>
         <value>0x946c</value>
         <object_component_ref idref="oc-166"/>
      </symbol>
      <symbol id="sm-3a2">
         <name>__c28xabi_xorll</name>
         <value>0x9474</value>
         <object_component_ref idref="oc-166"/>
      </symbol>
      <symbol id="sm-3a3">
         <name>__c28xabi_andll</name>
         <value>0x9464</value>
         <object_component_ref idref="oc-166"/>
      </symbol>
      <symbol id="sm-3ae">
         <name>__c28xabi_modi</name>
         <value>0x936d</value>
         <object_component_ref idref="oc-9f"/>
      </symbol>
      <symbol id="sm-3af">
         <name>__c28xabi_divi</name>
         <value>0x935c</value>
         <object_component_ref idref="oc-9f"/>
      </symbol>
      <symbol id="sm-3bc">
         <name>__c28xabi_utod</name>
         <value>0x94aa</value>
         <object_component_ref idref="oc-61"/>
      </symbol>
      <symbol id="sm-3c8">
         <name>__c28xabi_ftod</name>
         <value>0x93f9</value>
         <object_component_ref idref="oc-a9"/>
      </symbol>
      <symbol id="sm-3d4">
         <name>__c28xabi_dtof</name>
         <value>0x9339</value>
         <object_component_ref idref="oc-b4"/>
      </symbol>
      <symbol id="sm-3e7">
         <name>__c28xabi_divd</name>
         <value>0x8cd2</value>
         <object_component_ref idref="oc-6c"/>
      </symbol>
      <symbol id="sm-3f4">
         <name>_system_pre_init</name>
         <value>0x958f</value>
         <object_component_ref idref="oc-17b"/>
      </symbol>
      <symbol id="sm-403">
         <name>__TI_auto_init_nobinit_nopinit</name>
         <value>0x92bb</value>
         <object_component_ref idref="oc-1d7"/>
      </symbol>
      <symbol id="sm-412">
         <name>__TI_zero_init_nomemset</name>
         <value>0x953e</value>
         <object_component_ref idref="oc-49"/>
      </symbol>
      <symbol id="sm-41f">
         <name>__TI_decompress_none</name>
         <value>0x957c</value>
         <object_component_ref idref="oc-26"/>
      </symbol>
      <symbol id="sm-433">
         <name>__TI_decompress_lzss</name>
         <value>0x928d</value>
         <object_component_ref idref="oc-20"/>
      </symbol>
      <symbol id="sm-449">
         <name>C$$EXIT</name>
         <value>0x9310</value>
         <object_component_ref idref="oc-188"/>
      </symbol>
      <symbol id="sm-44a">
         <name>abort</name>
         <value>0x9310</value>
         <object_component_ref idref="oc-188"/>
      </symbol>
      <symbol id="sm-44b">
         <name>exit</name>
         <value>0x9312</value>
         <object_component_ref idref="oc-188"/>
      </symbol>
      <symbol id="sm-44c">
         <name>__TI_dtors_ptr</name>
         <value>0xaae8</value>
         <object_component_ref idref="oc-209"/>
      </symbol>
      <symbol id="sm-44d">
         <name>__TI_cleanup_ptr</name>
         <value>0xaae6</value>
         <object_component_ref idref="oc-209"/>
      </symbol>
      <symbol id="sm-44e">
         <name>__TI_enable_exit_profile_output</name>
         <value>0xaae4</value>
         <object_component_ref idref="oc-209"/>
      </symbol>
      <symbol id="sm-465">
         <name>_nop</name>
         <value>0x9573</value>
         <object_component_ref idref="oc-23e"/>
      </symbol>
      <symbol id="sm-466">
         <name>_lock</name>
         <value>0xaaec</value>
         <object_component_ref idref="oc-20c"/>
      </symbol>
      <symbol id="sm-467">
         <name>_unlock</name>
         <value>0xaaee</value>
         <object_component_ref idref="oc-282"/>
      </symbol>
      <symbol id="sm-468">
         <name>_register_lock</name>
         <value>0x956f</value>
         <object_component_ref idref="oc-23e"/>
      </symbol>
      <symbol id="sm-469">
         <name>_register_unlock</name>
         <value>0x956b</value>
         <object_component_ref idref="oc-23e"/>
      </symbol>
      <symbol id="sm-478">
         <name>_args_main</name>
         <value>0x954b</value>
         <object_component_ref idref="oc-182"/>
      </symbol>
      <symbol id="sm-48c">
         <name>memcpy</name>
         <value>0x93dc</value>
         <object_component_ref idref="oc-41"/>
      </symbol>
      <symbol id="sm-499">
         <name>_system_post_cinit</name>
         <value>0x9591</value>
         <object_component_ref idref="oc-224"/>
      </symbol>
      <symbol id="sm-49b">
         <name>__c_args__</name>
         <value>0x0</value>
      </symbol>
   </symbol_table>
   <title>Link successful</title>
</link_info>
