******************************************************************************
             TMS320C2000 Linker PC v22.6.0                     
******************************************************************************
>> Linked Wed Apr 26 01:29:44 2023

OUTPUT FILE NAME:   <MPPT_CODE_USING_LIB.out>
ENTRY POINT SYMBOL: "code_start"  address: 00000000


MEMORY CONFIGURATION

         name            origin    length      used     unused   attr    fill
----------------------  --------  ---------  --------  --------  ----  --------
PAGE 0:
  BEGIN                 00000000   00000002  00000002  00000000  RWIX
  RAMM0                 00000123   000002dd  00000038  000002a5  RWIX
  RAMLS0                00008000   00000800  00000800  00000000  RWIX
  RAMLS1                00008800   00000800  00000800  00000000  RWIX
  RAMLS2                00009000   00000800  00000766  0000009a  RWIX
  RAMLS3                00009800   00000800  00000000  00000800  RWIX
  RAMLS4                0000a000   00000800  00000000  00000800  RWIX
  RAMD0                 0000b000   00000800  00000800  00000000  RWIX
  FLASHA                00080002   00001ffe  00000000  00001ffe  RWIX
  FLASHB                00082000   00002000  00000000  00002000  RWIX
  FLASHC                00084000   00002000  00000000  00002000  RWIX
  FLASHD                00086000   00002000  00000000  00002000  RWIX
  FLASHE                00088000   00008000  00000000  00008000  RWIX
  FLASHF                00090000   00008000  00000000  00008000  RWIX
  FLASHG                00098000   00008000  00000000  00008000  RWIX
  FLASHH                000a0000   00008000  00000000  00008000  RWIX
  FLASHI                000a8000   00008000  00000000  00008000  RWIX
  FLASHJ                000b0000   00008000  00000000  00008000  RWIX
  FLASHK                000b8000   00002000  00000000  00002000  RWIX
  FLASHL                000ba000   00002000  00000000  00002000  RWIX
  FLASHM                000bc000   00002000  00000000  00002000  RWIX
  FLASHN                000be000   00001ff0  00000000  00001ff0  RWIX
  RESET                 003fffc0   00000002  00000000  00000002  RWIX

PAGE 1:
  BOOT_RSVD             00000002   00000121  00000000  00000121  RWIX
  RAMM1                 00000400   000003f8  000003f8  00000000  RWIX
  RAMLS5                0000a800   00000800  0000040e  000003f2  RWIX
  RAMD1                 0000b800   00000800  00000000  00000800  RWIX
  RAMGS0                0000c000   00001000  00000000  00001000  RWIX
  RAMGS1                0000d000   00001000  00000000  00001000  RWIX
  RAMGS2                0000e000   00001000  00000000  00001000  RWIX
  RAMGS3                0000f000   00001000  00000000  00001000  RWIX
  RAMGS4                00010000   00001000  00000000  00001000  RWIX
  RAMGS5                00011000   00001000  00000000  00001000  RWIX
  RAMGS6                00012000   00001000  00000000  00001000  RWIX
  RAMGS7                00013000   00001000  00000000  00001000  RWIX
  RAMGS8                00014000   00001000  00000000  00001000  RWIX
  RAMGS9                00015000   00001000  00000000  00001000  RWIX
  RAMGS10               00016000   00001000  00000000  00001000  RWIX
  RAMGS11               00017000   00001000  00000000  00001000  RWIX
  RAMGS12               00018000   00001000  00000000  00001000  RWIX
  RAMGS13               00019000   00001000  00000000  00001000  RWIX
  RAMGS14               0001a000   00001000  00000000  00001000  RWIX
  RAMGS15               0001b000   00000ff8  00000000  00000ff8  RWIX
  CPU2TOCPU1RAM         0003f800   00000400  00000000  00000400  RWIX
  CPU1TOCPU2RAM         0003fc00   00000400  00000000  00000400  RWIX
  CANA_MSG_RAM          00049000   00000800  00000000  00000800  RWIX
  CANB_MSG_RAM          0004b000   00000800  00000000  00000800  RWIX


SECTION ALLOCATION MAP

 output                                  attributes/
section   page    origin      length       input sections
--------  ----  ----------  ----------   ----------------
codestart 
*          0    00000000    00000002     
                  00000000    00000002     F2837xD_CodeStartBranch.obj (codestart)

.cinit     0    00000128    00000034     
                  00000128    00000021     (.cinit..data.load) [load image, compression = lzss]
                  00000149    00000001     --HOLE-- [fill = 0]
                  0000014a    00000006     (__TI_handler_table)
                  00000150    00000004     (.cinit..bss.load) [load image, compression = zero_init]
                  00000154    00000008     (__TI_cinit_table)

.reset     0    003fffc0    00000000     DSECT

.stack     1    00000400    000003f8     UNINITIALIZED
                  00000400    000003f8     --HOLE--

.bss       1    0000ac00    00000012     UNINITIALIZED
                  0000ac00    00000008     initPeripherials.obj (.bss)
                  0000ac08    00000005     initPeripherials.obj (.bss:adcAResults)
                  0000ac0d    00000005     initPeripherials.obj (.bss:adcBResults)

.init_array 
*          0    00000123    00000000     UNINITIALIZED

.const     1    0000a800    000003c2     
                  0000a800    000000c2     driverlib_eabi.lib : sysctl.obj (.const:.string)
                  0000a8c2    000000bc                        : gpio.obj (.const:.string)
                  0000a97e    0000007c     MPPT_USING_LIB.obj (.const:.string)
                  0000a9fa    0000007c     initInterrupts.obj (.const:.string)
                  0000aa76    0000007c     initPeripherials.obj (.const:.string)
                  0000aaf2    0000005d     driverlib_eabi.lib : adc.obj (.const:.string)
                  0000ab4f    00000001     --HOLE-- [fill = 0]
                  0000ab50    0000003e     board.obj (.const:.string)
                  0000ab8e    00000013     device.obj (.const:.string)
                  0000aba1    00000001     --HOLE-- [fill = 0]
                  0000aba2    00000010     MPPT_USING_LIB.obj (.const)
                  0000abb2    0000000c     rts2800_fpu32_eabi.lib : s_floor.c.obj (.const)
                  0000abbe    00000004     mppt.obj (.const)

.data      1    0000abc2    0000003a     UNINITIALIZED
                  0000abc2    00000022     mppt.obj (.data)
                  0000abe4    00000008     initPeripherials.obj (.data)
                  0000abec    00000006     device.obj (.data)
                  0000abf2    00000006     rts2800_fpu32_eabi.lib : exit.c.obj (.data)
                  0000abf8    00000002                            : _lock.c.obj (.data:_lock)
                  0000abfa    00000002                            : _lock.c.obj (.data:_unlock)

.TI.ramfunc 
*          0    00000123    00000004     
                  00000123    00000004     driverlib_eabi.lib : sysctl.obj (.TI.ramfunc)

GETBUFFER 
*          0    0003f800    00000000     DSECT

GETWRITEIDX 
*          0    0003f800    00000000     DSECT

PUTREADIDX 
*          0    0003f800    00000000     DSECT

.text.1    0    00008000    00000800     
                  00008000    000003fc     device.obj (.text)
                  000083fc    000002cd     initPeripherials.obj (.text)
                  000086c9    00000134     MPPT_USING_LIB.obj (.text:retain)
                  000087fd    00000002     driverlib_eabi.lib : interrupt.obj (.text:Interrupt_illegalOperationHandler)
                  000087ff    00000001     rts2800_fpu32_eabi.lib : startup.c.obj (.text)

.text.2    0    00008800    00000800     
                  00008800    00000289     initInterrupts.obj (.text)
                  00008a89    000001bf     MPPT_USING_LIB.obj (.text)
                  00008c48    000000f2     mppt.obj (.text)
                  00008d3a    000000e8     rts2800_fpu32_eabi.lib : s_floor.c.obj (.text)
                  00008e22    0000009c                            : fd_add28.asm.obj (.text)
                  00008ebe    0000008b                            : fd_div28.asm.obj (.text)
                  00008f49    0000008a     driverlib_eabi.lib : sysctl.obj (.text:SysCtl_selectXTAL)
                  00008fd3    0000002b     rts2800_fpu32_eabi.lib : autoinit.c.obj (.text:__TI_auto_init_nobinit_nopinit)
                  00008ffe    00000002     driverlib_eabi.lib : interrupt.obj (.text:Interrupt_nmiHandler)

.text.3    0    00009000    00000766     
                  00009000    00000088     rts2800_fpu32_eabi.lib : fs_div28.asm.obj (.text)
                  00009088    00000083                            : fd_mpy28.asm.obj (.text)
                  0000910b    0000006f     driverlib_eabi.lib : adc.obj (.text:ADC_setINLTrim)
                  0000917a    00000068                        : sysctl.obj (.text:SysCtl_getDeviceParametric)
                  000091e2    00000060                        : adc.obj (.text:ADC_setOffsetTrim)
                  00009242    00000052                        : gpio.obj (.text:GPIO_setPadConfig)
                  00009294    00000051                        : sysctl.obj (.text:SysCtl_getClock)
                  000092e5    00000048                        : sysctl.obj (.text:SysCtl_selectOscSource)
                  0000932d    0000003d                        : interrupt.obj (.text:Interrupt_initModule)
                  0000936a    00000037                        : gpio.obj (.text:GPIO_setControllerCore)
                  000093a1    00000037                        : gpio.obj (.text:GPIO_setPinConfig)
                  000093d8    00000037                        : gpio.obj (.text:GPIO_setQualificationMode)
                  0000940f    00000037                        : interrupt.obj (.text:Interrupt_enable)
                  00009446    00000031                        : gpio.obj (.text:GPIO_setDirectionMode)
                  00009477    0000002f                        : adc.obj (.text:ADC_setMode)
                  000094a6    0000002e     rts2800_fpu32_eabi.lib : copy_decompress_lzss.c.obj (.text:decompress:lzss)
                  000094d4    0000002a                            : fd_cmp28.asm.obj (.text)
                  000094fe    00000029                            : exit.c.obj (.text)
                  00009527    00000023                            : fd_tofsfpu32.asm.obj (.text)
                  0000954a    00000021     driverlib_eabi.lib : sysctl.obj (.text:CPUTimer_selectClockSource)
                  0000956b    0000001f                        : sysctl.obj (.text:CPUTimer_getTimerOverflowStatus)
                  0000958a    0000001e                        : interrupt.obj (.text:Interrupt_initVectorTable)
                  000095a8    0000001d     rts2800_fpu32_eabi.lib : memcpy.c.obj (.text)
                  000095c5    0000001c                            : fs_tofdfpu32.asm.obj (.text)
                  000095e1    0000001b     driverlib_eabi.lib : adc.obj (.text:ADC_isBaseValid)
                  000095fc    0000001a                        : sysctl.obj (.text:CPUTimer_startTimer)
                  00009616    0000001a                        : sysctl.obj (.text:SysCtl_getLowSpeedClock)
                  00009630    00000018     rts2800_fpu32_eabi.lib : ll_aox28.asm.obj (.text)
                  00009648    00000017     driverlib_eabi.lib : sysctl.obj (.text:CPUTimer_isBaseValid)
                  0000965f    00000017     rts2800_fpu32_eabi.lib : boot28.asm.obj (.text)
                  00009676    00000017                            : u_tofd28.asm.obj (.text)
                  0000968d    00000014     driverlib_eabi.lib : sysctl.obj (.text:CPUTimer_stopTimer)
                  000096a1    00000012                        : sysctl.obj (.text:CPUTimer_disableInterrupt)
                  000096b3    00000011                        : sysctl.obj (.text:CPUTimer_setPeriod)
                  000096c4    0000000f                        : sysctl.obj (.text:SysCtl_pollCpuTimer)
                  000096d3    0000000e                        : gpio.obj (.text:GPIO_isPinValid)
                  000096e1    0000000e                        : interrupt.obj (.text:Interrupt_defaultHandler)
                  000096ef    0000000e     rts2800_fpu32_eabi.lib : fd_sub28.asm.obj (.text)
                  000096fd    0000000d     driverlib_eabi.lib : interrupt.obj (.text:Interrupt_disableGlobal)
                  0000970a    0000000d                        : interrupt.obj (.text:Interrupt_enableGlobal)
                  00009717    0000000d     rts2800_fpu32_eabi.lib : copy_zero_init.c.obj (.text:decompress:ZI:__TI_zero_init_nomemset)
                  00009724    0000000c                            : args_main.c.obj (.text)
                  00009730    0000000b     driverlib_eabi.lib : sysctl.obj (.text:SysCtl_isMCDClockFailureDetected)
                  0000973b    00000009                        : sysctl.obj (.text:SysCtl_serviceWatchdog)
                  00009744    00000009     rts2800_fpu32_eabi.lib : _lock.c.obj (.text)
                  0000974d    00000008     F2837xD_CodeStartBranch.obj (.text)
                  00009755    00000008     rts2800_fpu32_eabi.lib : copy_decompress_none.c.obj (.text:decompress:none)
                  0000975d    00000007     driverlib_eabi.lib : sysctl.obj (.text:SysCtl_resetMCD)
                  00009764    00000002     rts2800_fpu32_eabi.lib : pre_init.c.obj (.text)

.text.4    0    0000b000    00000800     
                  0000b000    000005e8     board.obj (.text)
                  0000b5e8    00000206     driverlib_eabi.lib : sysctl.obj (.text:SysCtl_setClock)
                  0000b7ee    00000012                        : sysctl.obj (.text:CPUTimer_clearOverflowFlag)

MODULE SUMMARY

       Module                        code   ro data   rw data
       ------                        ----   -------   -------
    .\
       MPPT_USING_LIB.obj            755    140       0      
    +--+-----------------------------+------+---------+---------+
       Total:                        755    140       0      
                                                             
    .\device\
       device.obj                    1020   19        6      
       initPeripherials.obj          717    124       26     
       initInterrupts.obj            649    124       0      
       mppt.obj                      242    4         34     
       F2837xD_CodeStartBranch.obj   10     0         0      
    +--+-----------------------------+------+---------+---------+
       Total:                        2638   271       66     
                                                             
    .\syscfg\
       board.obj                     1512   62        0      
    +--+-----------------------------+------+---------+---------+
       Total:                        1512   62        0      
                                                             
    C:\ti\C2000Ware_4_03_00_00\driverlib\f2837xd\driverlib\ccs\Debug\driverlib_eabi.lib
       sysctl.obj                    1171   194       0      
       gpio.obj                      310    188       0      
       adc.obj                       281    93        0      
       interrupt.obj                 190    0         0      
    +--+-----------------------------+------+---------+---------+
       Total:                        1952   475       0      
                                                             
    C:\ti\ccs1210\ccs\tools\compiler\ti-cgt-c2000_22.6.0.LTS\lib\rts2800_fpu32_eabi.lib
       s_floor.c.obj                 232    12        0      
       fd_add28.asm.obj              156    0         0      
       fd_div28.asm.obj              139    0         0      
       fs_div28.asm.obj              136    0         0      
       fd_mpy28.asm.obj              131    0         0      
       exit.c.obj                    41     0         6      
       copy_decompress_lzss.c.obj    46     0         0      
       autoinit.c.obj                43     0         0      
       fd_cmp28.asm.obj              42     0         0      
       fd_tofsfpu32.asm.obj          35     0         0      
       memcpy.c.obj                  29     0         0      
       fs_tofdfpu32.asm.obj          28     0         0      
       ll_aox28.asm.obj              24     0         0      
       boot28.asm.obj                23     0         0      
       u_tofd28.asm.obj              23     0         0      
       fd_sub28.asm.obj              14     0         0      
       _lock.c.obj                   9      0         4      
       copy_zero_init.c.obj          13     0         0      
       args_main.c.obj               12     0         0      
       copy_decompress_none.c.obj    8      0         0      
       pre_init.c.obj                2      0         0      
       startup.c.obj                 1      0         0      
    +--+-----------------------------+------+---------+---------+
       Total:                        1187   12        10     
                                                             
       Stack:                        0      0         1016   
       Linker Generated:             0      51        0      
    +--+-----------------------------+------+---------+---------+
       Grand Total:                  8044   1011      1092   


LINKER GENERATED COPY TABLES

__TI_cinit_table @ 00000154 records: 2, size/record: 4, table size: 8
	.data: load addr=00000128, load size=00000021 bytes, run addr=0000abc2, run size=0000003a bytes, compression=lzss
	.bss: load addr=00000150, load size=00000004 bytes, run addr=0000ac00, run size=00000012 bytes, compression=zero_init


LINKER GENERATED HANDLER TABLE

__TI_handler_table @ 0000014a records: 3, size/record: 2, table size: 6
	index: 0, handler: __TI_zero_init
	index: 1, handler: __TI_decompress_lzss
	index: 2, handler: __TI_decompress_none


GLOBAL DATA SYMBOLS: SORTED BY DATA PAGE

address     data page           name
--------    ----------------    ----
00000400      10 (00000400)     __stack

0000abc2     2af (0000abc0)     e
0000abc3     2af (0000abc0)     slope
0000abc4     2af (0000abc0)     m
0000abc6     2af (0000abc0)     step
0000abc8     2af (0000abc0)     vRef
0000abca     2af (0000abc0)     currentPower
0000abcc     2af (0000abc0)     previousPower
0000abce     2af (0000abc0)     powerDifference
0000abd0     2af (0000abc0)     controlOut
0000abd2     2af (0000abc0)     kp
0000abd4     2af (0000abc0)     ki
0000abd6     2af (0000abc0)     error
0000abd8     2af (0000abc0)     errorPrev
0000abda     2af (0000abc0)     proportional
0000abdc     2af (0000abc0)     integral
0000abde     2af (0000abc0)     ts
0000abe0     2af (0000abc0)     maxOut
0000abe2     2af (0000abc0)     minOut
0000abe4     2af (0000abc0)     RESULTS_BUFFER_SIZE
0000abe5     2af (0000abc0)     EPWMC_TIMER_TBPRD
0000abe6     2af (0000abc0)     coordinatorDutyC
0000abe7     2af (0000abc0)     EPWM4_TIMER_TBPRD
0000abe8     2af (0000abc0)     upDuty
0000abe9     2af (0000abc0)     downDuty
0000abea     2af (0000abc0)     indexPWM
0000abeb     2af (0000abc0)     epwmTimerIntCount
0000abec     2af (0000abc0)     Example_Result
0000abee     2af (0000abc0)     Example_PassCount
0000abf0     2af (0000abc0)     Example_Fail
0000abf2     2af (0000abc0)     __TI_enable_exit_profile_output
0000abf4     2af (0000abc0)     __TI_cleanup_ptr
0000abf6     2af (0000abc0)     __TI_dtors_ptr
0000abf8     2af (0000abc0)     _lock
0000abfa     2af (0000abc0)     _unlock

0000ac00     2b0 (0000ac00)     indexADC
0000ac01     2b0 (0000ac00)     avgAvalue
0000ac02     2b0 (0000ac00)     avgBvalue
0000ac04     2b0 (0000ac00)     realValueA
0000ac06     2b0 (0000ac00)     realValueB
0000ac08     2b0 (0000ac00)     adcAResults
0000ac0d     2b0 (0000ac00)     adcBResults


GLOBAL SYMBOLS: SORTED ALPHABETICALLY BY Name 

page  address   name                                     
----  -------   ----                                     
0     0000910b  ADC_setINLTrim                           
0     00009477  ADC_setMode                              
0     000091e2  ADC_setOffsetTrim                        
0     0000b19c  Board_init                               
0     000094fe  C$$EXIT                                  
0     00008270  Device_bootCPU2                          
0     0000823f  Device_configureTMXAnalogTrim            
0     000080ed  Device_enableAllPeripherals              
0     00008229  Device_enableUnbondedGPIOPullups         
0     0000820c  Device_enableUnbondedGPIOPullupsFor100Pin
0     000081f9  Device_enableUnbondedGPIOPullupsFor176Pin
0     000080ab  Device_init                              
0     000081d8  Device_initGPIO                          
1     0000abe7  EPWM4_TIMER_TBPRD                        
1     0000abe5  EPWMC_TIMER_TBPRD                        
0     0000b24f  EPWM_init                                
1     0000abf0  Example_Fail                             
1     0000abee  Example_PassCount                        
1     0000abec  Example_Result                           
0     000083fb  Example_done                             
0     000083f6  Example_setResultFail                    
0     000083f1  Example_setResultPass                    
0     0000936a  GPIO_setControllerCore                   
0     00009446  GPIO_setDirectionMode                    
0     00009242  GPIO_setPadConfig                        
0     000093a1  GPIO_setPinConfig                        
0     000093d8  GPIO_setQualificationMode                
0     00008c24  GetAVG                                   
0     0000940f  Interrupt_enable                         
0     0000932d  Interrupt_initModule                     
0     0000958a  Interrupt_initVectorTable                
0     0000b1a5  PinMux_init                              
1     0000abe4  RESULTS_BUFFER_SIZE                      
0     0000b5ca  SYNC_init                                
0     00000123  SysCtl_delay                             
0     00009294  SysCtl_getClock                          
0     0000917a  SysCtl_getDeviceParametric               
0     00009616  SysCtl_getLowSpeedClock                  
0     000092e5  SysCtl_selectOscSource                   
0     00008f49  SysCtl_selectXTAL                        
0     0000b5e8  SysCtl_setClock                          
0     00000154  __TI_CINIT_Base                          
0     0000015c  __TI_CINIT_Limit                         
0     0000015c  __TI_CINIT_Warm                          
0     0000014a  __TI_Handler_Table_Base                  
0     00000150  __TI_Handler_Table_Limit                 
1     000007f8  __TI_STACK_END                           
abs   000003f8  __TI_STACK_SIZE                          
0     00008fd3  __TI_auto_init_nobinit_nopinit           
1     0000abf4  __TI_cleanup_ptr                         
0     000094a6  __TI_decompress_lzss                     
0     00009755  __TI_decompress_none                     
1     0000abf6  __TI_dtors_ptr                           
1     0000abf2  __TI_enable_exit_profile_output          
abs   ffffffff  __TI_pprof_out_hndl                      
abs   ffffffff  __TI_prof_data_size                      
abs   ffffffff  __TI_prof_data_start                     
0     00009717  __TI_zero_init_nomemset                  
0     00008e22  __c28xabi_addd                           
0     00009630  __c28xabi_andll                          
0     000094d4  __c28xabi_cmpd                           
0     00008ebe  __c28xabi_divd                           
0     00009000  __c28xabi_divf                           
0     00009527  __c28xabi_dtof                           
0     000095c5  __c28xabi_ftod                           
0     00009088  __c28xabi_mpyd                           
0     00009638  __c28xabi_orll                           
0     000096ef  __c28xabi_subd                           
0     00009676  __c28xabi_utod                           
0     00009640  __c28xabi_xorll                          
n/a   UNDEFED   __c_args__                               
0     000083ea  __error__                                
1     00000400  __stack                                  
0     00009724  _args_main                               
0     0000965f  _c_int00                                 
1     0000abf8  _lock                                    
0     0000974c  _nop                                     
0     00009748  _register_lock                           
0     00009744  _register_unlock                         
0     000087ff  _system_post_cinit                       
0     00009764  _system_pre_init                         
1     0000abfa  _unlock                                  
0     000094fe  abort                                    
0     000086c9  adcA1ISR                                 
1     0000ac08  adcAResults                              
1     0000ac0d  adcBResults                              
1     0000ac01  avgAvalue                                
1     0000ac02  avgBvalue                                
0     00000000  code_start                               
0     000085c2  configureADC                             
1     0000abd0  controlOut                               
1     0000abe6  coordinatorDutyC                         
1     0000abca  currentPower                             
1     0000abe9  downDuty                                 
1     0000abc2  e                                        
0     000087bf  epwm5ISR                                 
1     0000abeb  epwmTimerIntCount                        
1     0000abd6  error                                    
1     0000abd8  errorPrev                                
0     00009500  exit                                     
0     00008d3a  floor                                    
0     00008d3a  floorl                                   
0     00008699  getCMAP                                  
0     00008c48  getMPPT                                  
1     0000ac00  indexADC                                 
1     0000abea  indexPWM                                 
0     00008a60  initADCSOC                               
0     0000863c  initEPWM4                                
0     000085dc  initEPWMC                                
0     00008a40  initEPWMCInterrupts                      
1     0000abdc  integral                                 
1     0000abd4  ki                                       
1     0000abd2  kp                                       
1     0000abc4  m                                        
0     00008bd7  main                                     
1     0000abe0  maxOut                                   
0     000095a8  memcpy                                   
1     0000abe2  minOut                                   
0     00008c9e  piController                             
1     0000abce  powerDifference                          
1     0000abcc  previousPower                            
1     0000abda  proportional                             
1     0000ac04  realValueA                               
1     0000ac06  realValueB                               
1     0000abc3  slope                                    
1     0000abc6  step                                     
1     0000abde  ts                                       
1     0000abe8  upDuty                                   
0     00008c14  updateCompare                            
1     0000abc8  vRef                                     


GLOBAL SYMBOLS: SORTED BY Symbol Address 

page  address   name                                     
----  -------   ----                                     
0     00000000  code_start                               
0     00000123  SysCtl_delay                             
0     0000014a  __TI_Handler_Table_Base                  
0     00000150  __TI_Handler_Table_Limit                 
0     00000154  __TI_CINIT_Base                          
0     0000015c  __TI_CINIT_Limit                         
0     0000015c  __TI_CINIT_Warm                          
0     000080ab  Device_init                              
0     000080ed  Device_enableAllPeripherals              
0     000081d8  Device_initGPIO                          
0     000081f9  Device_enableUnbondedGPIOPullupsFor176Pin
0     0000820c  Device_enableUnbondedGPIOPullupsFor100Pin
0     00008229  Device_enableUnbondedGPIOPullups         
0     0000823f  Device_configureTMXAnalogTrim            
0     00008270  Device_bootCPU2                          
0     000083ea  __error__                                
0     000083f1  Example_setResultPass                    
0     000083f6  Example_setResultFail                    
0     000083fb  Example_done                             
0     000085c2  configureADC                             
0     000085dc  initEPWMC                                
0     0000863c  initEPWM4                                
0     00008699  getCMAP                                  
0     000086c9  adcA1ISR                                 
0     000087bf  epwm5ISR                                 
0     000087ff  _system_post_cinit                       
0     00008a40  initEPWMCInterrupts                      
0     00008a60  initADCSOC                               
0     00008bd7  main                                     
0     00008c14  updateCompare                            
0     00008c24  GetAVG                                   
0     00008c48  getMPPT                                  
0     00008c9e  piController                             
0     00008d3a  floor                                    
0     00008d3a  floorl                                   
0     00008e22  __c28xabi_addd                           
0     00008ebe  __c28xabi_divd                           
0     00008f49  SysCtl_selectXTAL                        
0     00008fd3  __TI_auto_init_nobinit_nopinit           
0     00009000  __c28xabi_divf                           
0     00009088  __c28xabi_mpyd                           
0     0000910b  ADC_setINLTrim                           
0     0000917a  SysCtl_getDeviceParametric               
0     000091e2  ADC_setOffsetTrim                        
0     00009242  GPIO_setPadConfig                        
0     00009294  SysCtl_getClock                          
0     000092e5  SysCtl_selectOscSource                   
0     0000932d  Interrupt_initModule                     
0     0000936a  GPIO_setControllerCore                   
0     000093a1  GPIO_setPinConfig                        
0     000093d8  GPIO_setQualificationMode                
0     0000940f  Interrupt_enable                         
0     00009446  GPIO_setDirectionMode                    
0     00009477  ADC_setMode                              
0     000094a6  __TI_decompress_lzss                     
0     000094d4  __c28xabi_cmpd                           
0     000094fe  C$$EXIT                                  
0     000094fe  abort                                    
0     00009500  exit                                     
0     00009527  __c28xabi_dtof                           
0     0000958a  Interrupt_initVectorTable                
0     000095a8  memcpy                                   
0     000095c5  __c28xabi_ftod                           
0     00009616  SysCtl_getLowSpeedClock                  
0     00009630  __c28xabi_andll                          
0     00009638  __c28xabi_orll                           
0     00009640  __c28xabi_xorll                          
0     0000965f  _c_int00                                 
0     00009676  __c28xabi_utod                           
0     000096ef  __c28xabi_subd                           
0     00009717  __TI_zero_init_nomemset                  
0     00009724  _args_main                               
0     00009744  _register_unlock                         
0     00009748  _register_lock                           
0     0000974c  _nop                                     
0     00009755  __TI_decompress_none                     
0     00009764  _system_pre_init                         
0     0000b19c  Board_init                               
0     0000b1a5  PinMux_init                              
0     0000b24f  EPWM_init                                
0     0000b5ca  SYNC_init                                
0     0000b5e8  SysCtl_setClock                          
1     00000400  __stack                                  
1     000007f8  __TI_STACK_END                           
1     0000abc2  e                                        
1     0000abc3  slope                                    
1     0000abc4  m                                        
1     0000abc6  step                                     
1     0000abc8  vRef                                     
1     0000abca  currentPower                             
1     0000abcc  previousPower                            
1     0000abce  powerDifference                          
1     0000abd0  controlOut                               
1     0000abd2  kp                                       
1     0000abd4  ki                                       
1     0000abd6  error                                    
1     0000abd8  errorPrev                                
1     0000abda  proportional                             
1     0000abdc  integral                                 
1     0000abde  ts                                       
1     0000abe0  maxOut                                   
1     0000abe2  minOut                                   
1     0000abe4  RESULTS_BUFFER_SIZE                      
1     0000abe5  EPWMC_TIMER_TBPRD                        
1     0000abe6  coordinatorDutyC                         
1     0000abe7  EPWM4_TIMER_TBPRD                        
1     0000abe8  upDuty                                   
1     0000abe9  downDuty                                 
1     0000abea  indexPWM                                 
1     0000abeb  epwmTimerIntCount                        
1     0000abec  Example_Result                           
1     0000abee  Example_PassCount                        
1     0000abf0  Example_Fail                             
1     0000abf2  __TI_enable_exit_profile_output          
1     0000abf4  __TI_cleanup_ptr                         
1     0000abf6  __TI_dtors_ptr                           
1     0000abf8  _lock                                    
1     0000abfa  _unlock                                  
1     0000ac00  indexADC                                 
1     0000ac01  avgAvalue                                
1     0000ac02  avgBvalue                                
1     0000ac04  realValueA                               
1     0000ac06  realValueB                               
1     0000ac08  adcAResults                              
1     0000ac0d  adcBResults                              
abs   000003f8  __TI_STACK_SIZE                          
abs   ffffffff  __TI_pprof_out_hndl                      
abs   ffffffff  __TI_prof_data_size                      
abs   ffffffff  __TI_prof_data_start                     
n/a   UNDEFED   __c_args__                               

[130 symbols]
